[0.040s] Invoking command in '/home/jiataoding/franco_ros2_franka_ws/src/build/debug_msg': CMAKE_PREFIX_PATH=/home/jiataoding/ros2_franka_ws/install/joint_impedance_controller:/home/jiataoding/ros2_franka_ws/install/integration_launch_testing:/home/jiataoding/ros2_franka_ws/install/idra_franka_launch:/home/jiataoding/ros2_franka_ws/install/gravity_compensation:/home/jiataoding/ros2_franka_ws/install/franka_task_pipeline:/home/jiataoding/ros2_franka_ws/install/franka_ros2:/home/jiataoding/ros2_franka_ws/install/franka_bringup:/home/jiataoding/ros2_franka_ws/install/franka_robot_state_broadcaster:/home/jiataoding/ros2_franka_ws/install/franka_example_controllers:/home/jiataoding/ros2_franka_ws/install/franka_semantic_components:/home/jiataoding/ros2_franka_ws/install/franka_gazebo_bringup:/home/jiataoding/ros2_franka_ws/install/franka_ign_ros2_control:/home/jiataoding/ros2_franka_ws/install/franka_fr3_moveit_config:/home/jiataoding/ros2_franka_ws/install/franka_hardware:/home/jiataoding/ros2_franka_ws/install/franka_gripper:/home/jiataoding/ros2_franka_ws/install/franka_msgs:/home/jiataoding/ros2_franka_ws/install/franka_description:/home/jiataoding/ros2_franka_ws/install/cartesian_impedance_controller:/opt/ros/humble:/home/jiataoding/ros2_franka_ws/install/effort_controller_base:/home/jiataoding/ros2_franka_ws/install/debug_msg:/home/jiataoding/franco_ros2_franka_ws/install/joint_impedance_controller:/home/jiataoding/franco_ros2_franka_ws/install/integration_launch_testing:/home/jiataoding/franco_ros2_franka_ws/install/idra_franka_launch:/home/jiataoding/franco_ros2_franka_ws/install/gravity_compensation:/home/jiataoding/franco_ros2_franka_ws/install/franka_task_pipeline:/home/jiataoding/franco_ros2_franka_ws/install/franka_ros2:/home/jiataoding/franco_ros2_franka_ws/install/franka_bringup:/home/jiataoding/franco_ros2_franka_ws/install/franka_robot_state_broadcaster:/home/jiataoding/franco_ros2_franka_ws/install/franka_example_controllers:/home/jiataoding/franco_ros2_franka_ws/install/franka_semantic_components:/home/jiataoding/franco_ros2_franka_ws/install/franka_gazebo_bringup:/home/jiataoding/franco_ros2_franka_ws/install/franka_ign_ros2_control:/home/jiataoding/franco_ros2_franka_ws/install/franka_fr3_moveit_config:/home/jiataoding/franco_ros2_franka_ws/install/franka_hardware:/home/jiataoding/franco_ros2_franka_ws/install/franka_gripper:/home/jiataoding/franco_ros2_franka_ws/install/franka_msgs:/home/jiataoding/franco_ros2_franka_ws/install/franka_description:/home/jiataoding/franco_ros2_franka_ws/install/cartesian_impedance_controller:/home/jiataoding/franco_ros2_franka_ws/install/effort_controller_base:/home/jiataoding/franco_ros2_franka_ws/install/debug_msg:/opt/openrobots: /usr/bin/cmake /home/jiataoding/franco_ros2_franka_ws/src/ros2_effort_controller/debug_msg -DCMAKE_BUILD_TYPE=Release -DAMENT_CMAKE_SYMLINK_INSTALL=1 -DCMAKE_INSTALL_PREFIX=/home/jiataoding/franco_ros2_franka_ws/src/install/debug_msg
[0.128s] -- The C compiler identification is GNU 11.4.0
[0.192s] -- The CXX compiler identification is GNU 11.4.0
[0.199s] -- Detecting C compiler ABI info
[0.310s] -- Detecting C compiler ABI info - done
[0.316s] -- Check for working C compiler: /usr/bin/cc - skipped
[0.316s] -- Detecting C compile features
[0.316s] -- Detecting C compile features - done
[0.318s] -- Detecting CXX compiler ABI info
[0.443s] -- Detecting CXX compiler ABI info - done
[0.448s] -- Check for working CXX compiler: /usr/bin/c++ - skipped
[0.449s] -- Detecting CXX compile features
[0.449s] -- Detecting CXX compile features - done
[0.456s] -- Found ament_cmake: 1.3.12 (/opt/ros/humble/share/ament_cmake/cmake)
[0.630s] -- Found Python3: /usr/bin/python3 (found version "3.10.12") found components: Interpreter 
[0.687s] -- Override CMake install command with custom implementation using symlinks instead of copying resources
[0.753s] -- Found rosidl_default_generators: 1.2.0 (/opt/ros/humble/share/rosidl_default_generators/cmake)
[0.763s] -- Using all available rosidl_typesupport_c: rosidl_typesupport_fastrtps_c;rosidl_typesupport_introspection_c
[0.777s] -- Found rosidl_adapter: 3.1.8 (/opt/ros/humble/share/rosidl_adapter/cmake)
[0.834s] -- Using all available rosidl_typesupport_cpp: rosidl_typesupport_fastrtps_cpp;rosidl_typesupport_introspection_cpp
[1.104s] -- Found ament_cmake_ros: 0.10.0 (/opt/ros/humble/share/ament_cmake_ros/cmake)
[1.314s] -- Using all available rosidl_typesupport_c: rosidl_typesupport_fastrtps_c;rosidl_typesupport_introspection_c
[1.571s] -- Using all available rosidl_typesupport_cpp: rosidl_typesupport_fastrtps_cpp;rosidl_typesupport_introspection_cpp
[1.597s] -- Found PythonInterp: /usr/bin/python3 (found suitable version "3.10.12", minimum required is "3.6") 
[1.601s] -- Found python_cmake_module: 0.10.0 (/opt/ros/humble/share/python_cmake_module/cmake)
[1.635s] -- Found PythonLibs: /usr/lib/x86_64-linux-gnu/libpython3.10.so (found suitable version "3.10.12", minimum required is "3.5") 
[1.635s] -- Using PYTHON_EXECUTABLE: /usr/bin/python3
[1.635s] -- Using PYTHON_INCLUDE_DIRS: /usr/include/python3.10
[1.635s] -- Using PYTHON_LIBRARIES: /usr/lib/x86_64-linux-gnu/libpython3.10.so
[1.660s] -- Found PythonExtra: .so  
[1.712s] -- Configuring done
[1.739s] -- Generating done
[1.748s] -- Build files have been written to: /home/jiataoding/franco_ros2_franka_ws/src/build/debug_msg
[1.755s] Invoked command in '/home/jiataoding/franco_ros2_franka_ws/src/build/debug_msg' returned '0': CMAKE_PREFIX_PATH=/home/jiataoding/ros2_franka_ws/install/joint_impedance_controller:/home/jiataoding/ros2_franka_ws/install/integration_launch_testing:/home/jiataoding/ros2_franka_ws/install/idra_franka_launch:/home/jiataoding/ros2_franka_ws/install/gravity_compensation:/home/jiataoding/ros2_franka_ws/install/franka_task_pipeline:/home/jiataoding/ros2_franka_ws/install/franka_ros2:/home/jiataoding/ros2_franka_ws/install/franka_bringup:/home/jiataoding/ros2_franka_ws/install/franka_robot_state_broadcaster:/home/jiataoding/ros2_franka_ws/install/franka_example_controllers:/home/jiataoding/ros2_franka_ws/install/franka_semantic_components:/home/jiataoding/ros2_franka_ws/install/franka_gazebo_bringup:/home/jiataoding/ros2_franka_ws/install/franka_ign_ros2_control:/home/jiataoding/ros2_franka_ws/install/franka_fr3_moveit_config:/home/jiataoding/ros2_franka_ws/install/franka_hardware:/home/jiataoding/ros2_franka_ws/install/franka_gripper:/home/jiataoding/ros2_franka_ws/install/franka_msgs:/home/jiataoding/ros2_franka_ws/install/franka_description:/home/jiataoding/ros2_franka_ws/install/cartesian_impedance_controller:/opt/ros/humble:/home/jiataoding/ros2_franka_ws/install/effort_controller_base:/home/jiataoding/ros2_franka_ws/install/debug_msg:/home/jiataoding/franco_ros2_franka_ws/install/joint_impedance_controller:/home/jiataoding/franco_ros2_franka_ws/install/integration_launch_testing:/home/jiataoding/franco_ros2_franka_ws/install/idra_franka_launch:/home/jiataoding/franco_ros2_franka_ws/install/gravity_compensation:/home/jiataoding/franco_ros2_franka_ws/install/franka_task_pipeline:/home/jiataoding/franco_ros2_franka_ws/install/franka_ros2:/home/jiataoding/franco_ros2_franka_ws/install/franka_bringup:/home/jiataoding/franco_ros2_franka_ws/install/franka_robot_state_broadcaster:/home/jiataoding/franco_ros2_franka_ws/install/franka_example_controllers:/home/jiataoding/franco_ros2_franka_ws/install/franka_semantic_components:/home/jiataoding/franco_ros2_franka_ws/install/franka_gazebo_bringup:/home/jiataoding/franco_ros2_franka_ws/install/franka_ign_ros2_control:/home/jiataoding/franco_ros2_franka_ws/install/franka_fr3_moveit_config:/home/jiataoding/franco_ros2_franka_ws/install/franka_hardware:/home/jiataoding/franco_ros2_franka_ws/install/franka_gripper:/home/jiataoding/franco_ros2_franka_ws/install/franka_msgs:/home/jiataoding/franco_ros2_franka_ws/install/franka_description:/home/jiataoding/franco_ros2_franka_ws/install/cartesian_impedance_controller:/home/jiataoding/franco_ros2_franka_ws/install/effort_controller_base:/home/jiataoding/franco_ros2_franka_ws/install/debug_msg:/opt/openrobots: /usr/bin/cmake /home/jiataoding/franco_ros2_franka_ws/src/ros2_effort_controller/debug_msg -DCMAKE_BUILD_TYPE=Release -DAMENT_CMAKE_SYMLINK_INSTALL=1 -DCMAKE_INSTALL_PREFIX=/home/jiataoding/franco_ros2_franka_ws/src/install/debug_msg
[1.757s] Invoking command in '/home/jiataoding/franco_ros2_franka_ws/src/build/debug_msg': CMAKE_PREFIX_PATH=/home/jiataoding/ros2_franka_ws/install/joint_impedance_controller:/home/jiataoding/ros2_franka_ws/install/integration_launch_testing:/home/jiataoding/ros2_franka_ws/install/idra_franka_launch:/home/jiataoding/ros2_franka_ws/install/gravity_compensation:/home/jiataoding/ros2_franka_ws/install/franka_task_pipeline:/home/jiataoding/ros2_franka_ws/install/franka_ros2:/home/jiataoding/ros2_franka_ws/install/franka_bringup:/home/jiataoding/ros2_franka_ws/install/franka_robot_state_broadcaster:/home/jiataoding/ros2_franka_ws/install/franka_example_controllers:/home/jiataoding/ros2_franka_ws/install/franka_semantic_components:/home/jiataoding/ros2_franka_ws/install/franka_gazebo_bringup:/home/jiataoding/ros2_franka_ws/install/franka_ign_ros2_control:/home/jiataoding/ros2_franka_ws/install/franka_fr3_moveit_config:/home/jiataoding/ros2_franka_ws/install/franka_hardware:/home/jiataoding/ros2_franka_ws/install/franka_gripper:/home/jiataoding/ros2_franka_ws/install/franka_msgs:/home/jiataoding/ros2_franka_ws/install/franka_description:/home/jiataoding/ros2_franka_ws/install/cartesian_impedance_controller:/opt/ros/humble:/home/jiataoding/ros2_franka_ws/install/effort_controller_base:/home/jiataoding/ros2_franka_ws/install/debug_msg:/home/jiataoding/franco_ros2_franka_ws/install/joint_impedance_controller:/home/jiataoding/franco_ros2_franka_ws/install/integration_launch_testing:/home/jiataoding/franco_ros2_franka_ws/install/idra_franka_launch:/home/jiataoding/franco_ros2_franka_ws/install/gravity_compensation:/home/jiataoding/franco_ros2_franka_ws/install/franka_task_pipeline:/home/jiataoding/franco_ros2_franka_ws/install/franka_ros2:/home/jiataoding/franco_ros2_franka_ws/install/franka_bringup:/home/jiataoding/franco_ros2_franka_ws/install/franka_robot_state_broadcaster:/home/jiataoding/franco_ros2_franka_ws/install/franka_example_controllers:/home/jiataoding/franco_ros2_franka_ws/install/franka_semantic_components:/home/jiataoding/franco_ros2_franka_ws/install/franka_gazebo_bringup:/home/jiataoding/franco_ros2_franka_ws/install/franka_ign_ros2_control:/home/jiataoding/franco_ros2_franka_ws/install/franka_fr3_moveit_config:/home/jiataoding/franco_ros2_franka_ws/install/franka_hardware:/home/jiataoding/franco_ros2_franka_ws/install/franka_gripper:/home/jiataoding/franco_ros2_franka_ws/install/franka_msgs:/home/jiataoding/franco_ros2_franka_ws/install/franka_description:/home/jiataoding/franco_ros2_franka_ws/install/cartesian_impedance_controller:/home/jiataoding/franco_ros2_franka_ws/install/effort_controller_base:/home/jiataoding/franco_ros2_franka_ws/install/debug_msg:/opt/openrobots: /usr/bin/cmake --build /home/jiataoding/franco_ros2_franka_ws/src/build/debug_msg -- -j24 -l24
[1.823s] [  3%] [34m[1mGenerating C code for ROS interfaces[0m
[1.844s] [  6%] [34m[1mGenerating C++ code for ROS interfaces[0m
[1.850s] [  6%] Built target ament_cmake_python_symlink_debug_msg
[2.043s] [  6%] Built target debug_msg__cpp
[2.046s] [  9%] [32mBuilding C object CMakeFiles/debug_msg__rosidl_generator_c.dir/rosidl_generator_c/debug_msg/msg/detail/debug__functions.c.o[0m
[2.059s] [ 16%] [34m[1mGenerating C++ type support for eProsima Fast-RTPS[0m
[2.060s] [ 16%] [34m[1mGenerating C++ introspection for ROS interfaces[0m
[2.060s] [ 19%] [34m[1mGenerating C++ type support dispatch for ROS interfaces[0m
[2.084s] running egg_info
[2.084s] creating debug_msg.egg-info
[2.085s] writing debug_msg.egg-info/PKG-INFO
[2.085s] writing dependency_links to debug_msg.egg-info/dependency_links.txt
[2.085s] writing top-level names to debug_msg.egg-info/top_level.txt
[2.085s] writing manifest file 'debug_msg.egg-info/SOURCES.txt'
[2.087s] reading manifest file 'debug_msg.egg-info/SOURCES.txt'
[2.087s] writing manifest file 'debug_msg.egg-info/SOURCES.txt'
[2.113s] [ 19%] Built target ament_cmake_python_build_debug_msg_egg
[2.129s] [ 22%] [32m[1mLinking C shared library libdebug_msg__rosidl_generator_c.so[0m
[2.179s] [ 22%] Built target debug_msg__rosidl_generator_c
[2.197s] [ 25%] [34m[1mGenerating C type support for eProsima Fast-RTPS[0m
[2.197s] [ 29%] [34m[1mGenerating C introspection for ROS interfaces[0m
[2.198s] [ 32%] [34m[1mGenerating C type support dispatch for ROS interfaces[0m
[2.259s] [ 35%] [32mBuilding CXX object CMakeFiles/debug_msg__rosidl_typesupport_cpp.dir/rosidl_typesupport_cpp/debug_msg/msg/debug__type_support.cpp.o[0m
[2.277s] [ 38%] [32mBuilding CXX object CMakeFiles/debug_msg__rosidl_typesupport_fastrtps_cpp.dir/rosidl_typesupport_fastrtps_cpp/debug_msg/msg/detail/dds_fastrtps/debug__type_support.cpp.o[0m
[2.365s] [ 41%] [32mBuilding CXX object CMakeFiles/debug_msg__rosidl_typesupport_introspection_cpp.dir/rosidl_typesupport_introspection_cpp/debug_msg/msg/detail/debug__type_support.cpp.o[0m
[2.384s] [ 45%] [32mBuilding CXX object CMakeFiles/debug_msg__rosidl_typesupport_c.dir/rosidl_typesupport_c/debug_msg/msg/debug__type_support.cpp.o[0m
[2.423s] [ 48%] [32m[1mLinking CXX shared library libdebug_msg__rosidl_typesupport_c.so[0m
[2.424s] [ 51%] [32mBuilding CXX object CMakeFiles/debug_msg__rosidl_typesupport_fastrtps_c.dir/rosidl_typesupport_fastrtps_c/debug_msg/msg/detail/debug__type_support_c.cpp.o[0m
[2.430s] [ 54%] [32mBuilding C object CMakeFiles/debug_msg__rosidl_typesupport_introspection_c.dir/rosidl_typesupport_introspection_c/debug_msg/msg/detail/debug__type_support.c.o[0m
[2.476s] [ 54%] Built target debug_msg__rosidl_typesupport_c
[2.485s] [ 58%] [32m[1mLinking CXX shared library libdebug_msg__rosidl_typesupport_cpp.so[0m
[2.493s] [ 61%] [32m[1mLinking C shared library libdebug_msg__rosidl_typesupport_introspection_c.so[0m
[2.538s] [ 61%] Built target debug_msg__rosidl_typesupport_cpp
[2.543s] [ 61%] Built target debug_msg__rosidl_typesupport_introspection_c
[2.694s] [ 64%] [32m[1mLinking CXX shared library libdebug_msg__rosidl_typesupport_fastrtps_cpp.so[0m
[2.703s] [ 67%] [32m[1mLinking CXX shared library libdebug_msg__rosidl_typesupport_introspection_cpp.so[0m
[2.744s] [ 70%] [32m[1mLinking CXX shared library libdebug_msg__rosidl_typesupport_fastrtps_c.so[0m
[2.762s] [ 70%] Built target debug_msg__rosidl_typesupport_introspection_cpp
[2.786s] [ 70%] Built target debug_msg__rosidl_typesupport_fastrtps_cpp
[2.823s] [ 70%] Built target debug_msg__rosidl_typesupport_fastrtps_c
[2.860s] [ 70%] Built target debug_msg
[2.896s] [ 74%] [34m[1mGenerating Python code for ROS interfaces[0m
[3.137s] [ 74%] Built target debug_msg__py
[3.167s] [ 77%] [32mBuilding C object CMakeFiles/debug_msg__rosidl_generator_py.dir/rosidl_generator_py/debug_msg/msg/_debug_s.c.o[0m
[3.290s] [ 80%] [32m[1mLinking C shared library rosidl_generator_py/debug_msg/libdebug_msg__rosidl_generator_py.so[0m
[3.343s] [ 80%] Built target debug_msg__rosidl_generator_py
[3.375s] [ 83%] [32mBuilding C object CMakeFiles/debug_msg__rosidl_typesupport_c__pyext.dir/rosidl_generator_py/debug_msg/_debug_msg_s.ep.rosidl_typesupport_c.c.o[0m
[3.377s] [ 87%] [32mBuilding C object CMakeFiles/debug_msg__rosidl_typesupport_fastrtps_c__pyext.dir/rosidl_generator_py/debug_msg/_debug_msg_s.ep.rosidl_typesupport_fastrtps_c.c.o[0m
[3.380s] [ 90%] [32mBuilding C object CMakeFiles/debug_msg__rosidl_typesupport_introspection_c__pyext.dir/rosidl_generator_py/debug_msg/_debug_msg_s.ep.rosidl_typesupport_introspection_c.c.o[0m
[3.476s] [ 93%] [32m[1mLinking C shared library rosidl_generator_py/debug_msg/debug_msg_s__rosidl_typesupport_c.cpython-310-x86_64-linux-gnu.so[0m
[3.486s] [ 96%] [32m[1mLinking C shared library rosidl_generator_py/debug_msg/debug_msg_s__rosidl_typesupport_introspection_c.cpython-310-x86_64-linux-gnu.so[0m
[3.488s] [100%] [32m[1mLinking C shared library rosidl_generator_py/debug_msg/debug_msg_s__rosidl_typesupport_fastrtps_c.cpython-310-x86_64-linux-gnu.so[0m
[3.522s] [100%] Built target debug_msg__rosidl_typesupport_c__pyext
[3.537s] [100%] Built target debug_msg__rosidl_typesupport_fastrtps_c__pyext
[3.538s] [100%] Built target debug_msg__rosidl_typesupport_introspection_c__pyext
[3.557s] Invoked command in '/home/jiataoding/franco_ros2_franka_ws/src/build/debug_msg' returned '0': CMAKE_PREFIX_PATH=/home/jiataoding/ros2_franka_ws/install/joint_impedance_controller:/home/jiataoding/ros2_franka_ws/install/integration_launch_testing:/home/jiataoding/ros2_franka_ws/install/idra_franka_launch:/home/jiataoding/ros2_franka_ws/install/gravity_compensation:/home/jiataoding/ros2_franka_ws/install/franka_task_pipeline:/home/jiataoding/ros2_franka_ws/install/franka_ros2:/home/jiataoding/ros2_franka_ws/install/franka_bringup:/home/jiataoding/ros2_franka_ws/install/franka_robot_state_broadcaster:/home/jiataoding/ros2_franka_ws/install/franka_example_controllers:/home/jiataoding/ros2_franka_ws/install/franka_semantic_components:/home/jiataoding/ros2_franka_ws/install/franka_gazebo_bringup:/home/jiataoding/ros2_franka_ws/install/franka_ign_ros2_control:/home/jiataoding/ros2_franka_ws/install/franka_fr3_moveit_config:/home/jiataoding/ros2_franka_ws/install/franka_hardware:/home/jiataoding/ros2_franka_ws/install/franka_gripper:/home/jiataoding/ros2_franka_ws/install/franka_msgs:/home/jiataoding/ros2_franka_ws/install/franka_description:/home/jiataoding/ros2_franka_ws/install/cartesian_impedance_controller:/opt/ros/humble:/home/jiataoding/ros2_franka_ws/install/effort_controller_base:/home/jiataoding/ros2_franka_ws/install/debug_msg:/home/jiataoding/franco_ros2_franka_ws/install/joint_impedance_controller:/home/jiataoding/franco_ros2_franka_ws/install/integration_launch_testing:/home/jiataoding/franco_ros2_franka_ws/install/idra_franka_launch:/home/jiataoding/franco_ros2_franka_ws/install/gravity_compensation:/home/jiataoding/franco_ros2_franka_ws/install/franka_task_pipeline:/home/jiataoding/franco_ros2_franka_ws/install/franka_ros2:/home/jiataoding/franco_ros2_franka_ws/install/franka_bringup:/home/jiataoding/franco_ros2_franka_ws/install/franka_robot_state_broadcaster:/home/jiataoding/franco_ros2_franka_ws/install/franka_example_controllers:/home/jiataoding/franco_ros2_franka_ws/install/franka_semantic_components:/home/jiataoding/franco_ros2_franka_ws/install/franka_gazebo_bringup:/home/jiataoding/franco_ros2_franka_ws/install/franka_ign_ros2_control:/home/jiataoding/franco_ros2_franka_ws/install/franka_fr3_moveit_config:/home/jiataoding/franco_ros2_franka_ws/install/franka_hardware:/home/jiataoding/franco_ros2_franka_ws/install/franka_gripper:/home/jiataoding/franco_ros2_franka_ws/install/franka_msgs:/home/jiataoding/franco_ros2_franka_ws/install/franka_description:/home/jiataoding/franco_ros2_franka_ws/install/cartesian_impedance_controller:/home/jiataoding/franco_ros2_franka_ws/install/effort_controller_base:/home/jiataoding/franco_ros2_franka_ws/install/debug_msg:/opt/openrobots: /usr/bin/cmake --build /home/jiataoding/franco_ros2_franka_ws/src/build/debug_msg -- -j24 -l24
[3.559s] Invoking command in '/home/jiataoding/franco_ros2_franka_ws/src/build/debug_msg': CMAKE_PREFIX_PATH=/home/jiataoding/ros2_franka_ws/install/joint_impedance_controller:/home/jiataoding/ros2_franka_ws/install/integration_launch_testing:/home/jiataoding/ros2_franka_ws/install/idra_franka_launch:/home/jiataoding/ros2_franka_ws/install/gravity_compensation:/home/jiataoding/ros2_franka_ws/install/franka_task_pipeline:/home/jiataoding/ros2_franka_ws/install/franka_ros2:/home/jiataoding/ros2_franka_ws/install/franka_bringup:/home/jiataoding/ros2_franka_ws/install/franka_robot_state_broadcaster:/home/jiataoding/ros2_franka_ws/install/franka_example_controllers:/home/jiataoding/ros2_franka_ws/install/franka_semantic_components:/home/jiataoding/ros2_franka_ws/install/franka_gazebo_bringup:/home/jiataoding/ros2_franka_ws/install/franka_ign_ros2_control:/home/jiataoding/ros2_franka_ws/install/franka_fr3_moveit_config:/home/jiataoding/ros2_franka_ws/install/franka_hardware:/home/jiataoding/ros2_franka_ws/install/franka_gripper:/home/jiataoding/ros2_franka_ws/install/franka_msgs:/home/jiataoding/ros2_franka_ws/install/franka_description:/home/jiataoding/ros2_franka_ws/install/cartesian_impedance_controller:/opt/ros/humble:/home/jiataoding/ros2_franka_ws/install/effort_controller_base:/home/jiataoding/ros2_franka_ws/install/debug_msg:/home/jiataoding/franco_ros2_franka_ws/install/joint_impedance_controller:/home/jiataoding/franco_ros2_franka_ws/install/integration_launch_testing:/home/jiataoding/franco_ros2_franka_ws/install/idra_franka_launch:/home/jiataoding/franco_ros2_franka_ws/install/gravity_compensation:/home/jiataoding/franco_ros2_franka_ws/install/franka_task_pipeline:/home/jiataoding/franco_ros2_franka_ws/install/franka_ros2:/home/jiataoding/franco_ros2_franka_ws/install/franka_bringup:/home/jiataoding/franco_ros2_franka_ws/install/franka_robot_state_broadcaster:/home/jiataoding/franco_ros2_franka_ws/install/franka_example_controllers:/home/jiataoding/franco_ros2_franka_ws/install/franka_semantic_components:/home/jiataoding/franco_ros2_franka_ws/install/franka_gazebo_bringup:/home/jiataoding/franco_ros2_franka_ws/install/franka_ign_ros2_control:/home/jiataoding/franco_ros2_franka_ws/install/franka_fr3_moveit_config:/home/jiataoding/franco_ros2_franka_ws/install/franka_hardware:/home/jiataoding/franco_ros2_franka_ws/install/franka_gripper:/home/jiataoding/franco_ros2_franka_ws/install/franka_msgs:/home/jiataoding/franco_ros2_franka_ws/install/franka_description:/home/jiataoding/franco_ros2_franka_ws/install/cartesian_impedance_controller:/home/jiataoding/franco_ros2_franka_ws/install/effort_controller_base:/home/jiataoding/franco_ros2_franka_ws/install/debug_msg:/opt/openrobots: /usr/bin/cmake --install /home/jiataoding/franco_ros2_franka_ws/src/build/debug_msg
[3.570s] -- Install configuration: "Release"
[3.571s] -- Execute custom install script
[3.571s] -- Symlinking: /home/jiataoding/franco_ros2_franka_ws/src/install/debug_msg/share/ament_index/resource_index/rosidl_interfaces/debug_msg
[3.587s] -- Symlinking: /home/jiataoding/franco_ros2_franka_ws/src/install/debug_msg/include/debug_msg/debug_msg/msg/debug.h
[3.602s] -- Symlinking: /home/jiataoding/franco_ros2_franka_ws/src/install/debug_msg/include/debug_msg/debug_msg/msg/detail/debug__functions.h
[3.617s] -- Symlinking: /home/jiataoding/franco_ros2_franka_ws/src/install/debug_msg/include/debug_msg/debug_msg/msg/detail/debug__struct.h
[3.631s] -- Symlinking: /home/jiataoding/franco_ros2_franka_ws/src/install/debug_msg/include/debug_msg/debug_msg/msg/detail/debug__type_support.h
[3.646s] -- Symlinking: /home/jiataoding/franco_ros2_franka_ws/src/install/debug_msg/include/debug_msg/debug_msg/msg/rosidl_generator_c__visibility_control.h
[3.659s] -- Symlinking: /home/jiataoding/franco_ros2_franka_ws/src/install/debug_msg/share/debug_msg/environment/library_path.sh
[3.674s] -- Symlinking: /home/jiataoding/franco_ros2_franka_ws/src/install/debug_msg/share/debug_msg/environment/library_path.dsv
[3.689s] -- Symlinking: /home/jiataoding/franco_ros2_franka_ws/src/install/debug_msg/include/debug_msg/debug_msg/msg/detail/debug__rosidl_typesupport_fastrtps_c.h
[3.704s] -- Symlinking: /home/jiataoding/franco_ros2_franka_ws/src/install/debug_msg/include/debug_msg/debug_msg/msg/rosidl_typesupport_fastrtps_c__visibility_control.h
[3.719s] -- Symlinking: /home/jiataoding/franco_ros2_franka_ws/src/install/debug_msg/include/debug_msg/debug_msg/msg/detail/debug__rosidl_typesupport_introspection_c.h
[3.733s] -- Symlinking: /home/jiataoding/franco_ros2_franka_ws/src/install/debug_msg/include/debug_msg/debug_msg/msg/rosidl_typesupport_introspection_c__visibility_control.h
[3.748s] -- Symlinking: /home/jiataoding/franco_ros2_franka_ws/src/install/debug_msg/include/debug_msg/debug_msg/msg/debug.hpp
[3.764s] -- Symlinking: /home/jiataoding/franco_ros2_franka_ws/src/install/debug_msg/include/debug_msg/debug_msg/msg/detail/debug__builder.hpp
[3.779s] -- Symlinking: /home/jiataoding/franco_ros2_franka_ws/src/install/debug_msg/include/debug_msg/debug_msg/msg/detail/debug__struct.hpp
[3.794s] -- Symlinking: /home/jiataoding/franco_ros2_franka_ws/src/install/debug_msg/include/debug_msg/debug_msg/msg/detail/debug__traits.hpp
[3.808s] -- Symlinking: /home/jiataoding/franco_ros2_franka_ws/src/install/debug_msg/include/debug_msg/debug_msg/msg/detail/debug__type_support.hpp
[3.823s] -- Symlinking: /home/jiataoding/franco_ros2_franka_ws/src/install/debug_msg/include/debug_msg/debug_msg/msg/rosidl_generator_cpp__visibility_control.hpp
[3.840s] -- Symlinking: /home/jiataoding/franco_ros2_franka_ws/src/install/debug_msg/include/debug_msg/debug_msg/msg/detail/debug__rosidl_typesupport_fastrtps_cpp.hpp
[3.854s] -- Symlinking: /home/jiataoding/franco_ros2_franka_ws/src/install/debug_msg/include/debug_msg/debug_msg/msg/rosidl_typesupport_fastrtps_cpp__visibility_control.h
[3.868s] -- Symlinking: /home/jiataoding/franco_ros2_franka_ws/src/install/debug_msg/include/debug_msg/debug_msg/msg/detail/debug__rosidl_typesupport_introspection_cpp.hpp
[3.883s] -- Symlinking: /home/jiataoding/franco_ros2_franka_ws/src/install/debug_msg/share/debug_msg/environment/pythonpath.sh
[3.898s] -- Symlinking: /home/jiataoding/franco_ros2_franka_ws/src/install/debug_msg/share/debug_msg/environment/pythonpath.dsv
[3.912s] -- Symlinking: /home/jiataoding/franco_ros2_franka_ws/src/install/debug_msg/local/lib/python3.10/dist-packages/debug_msg-1.5.0-py3.10.egg-info/PKG-INFO
[3.928s] -- Symlinking: /home/jiataoding/franco_ros2_franka_ws/src/install/debug_msg/local/lib/python3.10/dist-packages/debug_msg-1.5.0-py3.10.egg-info/SOURCES.txt
[3.941s] -- Symlinking: /home/jiataoding/franco_ros2_franka_ws/src/install/debug_msg/local/lib/python3.10/dist-packages/debug_msg-1.5.0-py3.10.egg-info/dependency_links.txt
[3.956s] -- Symlinking: /home/jiataoding/franco_ros2_franka_ws/src/install/debug_msg/local/lib/python3.10/dist-packages/debug_msg-1.5.0-py3.10.egg-info/top_level.txt
[3.972s] -- Symlinking: /home/jiataoding/franco_ros2_franka_ws/src/install/debug_msg/local/lib/python3.10/dist-packages/debug_msg/__init__.py
[3.987s] -- Symlinking: /home/jiataoding/franco_ros2_franka_ws/src/install/debug_msg/local/lib/python3.10/dist-packages/debug_msg/_debug_msg_s.ep.rosidl_typesupport_c.c
[4.002s] -- Symlinking: /home/jiataoding/franco_ros2_franka_ws/src/install/debug_msg/local/lib/python3.10/dist-packages/debug_msg/_debug_msg_s.ep.rosidl_typesupport_fastrtps_c.c
[4.017s] -- Symlinking: /home/jiataoding/franco_ros2_franka_ws/src/install/debug_msg/local/lib/python3.10/dist-packages/debug_msg/_debug_msg_s.ep.rosidl_typesupport_introspection_c.c
[4.031s] -- Symlinking: /home/jiataoding/franco_ros2_franka_ws/src/install/debug_msg/local/lib/python3.10/dist-packages/debug_msg/debug_msg_s__rosidl_typesupport_c.cpython-310-x86_64-linux-gnu.so
[4.046s] -- Symlinking: /home/jiataoding/franco_ros2_franka_ws/src/install/debug_msg/local/lib/python3.10/dist-packages/debug_msg/debug_msg_s__rosidl_typesupport_fastrtps_c.cpython-310-x86_64-linux-gnu.so
[4.061s] -- Symlinking: /home/jiataoding/franco_ros2_franka_ws/src/install/debug_msg/local/lib/python3.10/dist-packages/debug_msg/debug_msg_s__rosidl_typesupport_introspection_c.cpython-310-x86_64-linux-gnu.so
[4.074s] -- Symlinking: /home/jiataoding/franco_ros2_franka_ws/src/install/debug_msg/local/lib/python3.10/dist-packages/debug_msg/libdebug_msg__rosidl_generator_py.so
[4.088s] -- Symlinking: /home/jiataoding/franco_ros2_franka_ws/src/install/debug_msg/local/lib/python3.10/dist-packages/debug_msg/msg/__init__.py
[4.102s] -- Symlinking: /home/jiataoding/franco_ros2_franka_ws/src/install/debug_msg/local/lib/python3.10/dist-packages/debug_msg/msg/_debug.py
[4.116s] -- Symlinking: /home/jiataoding/franco_ros2_franka_ws/src/install/debug_msg/local/lib/python3.10/dist-packages/debug_msg/msg/_debug_s.c
[4.131s] -- Up-to-date symlink: /home/jiataoding/franco_ros2_franka_ws/src/install/debug_msg/local/lib/python3.10/dist-packages/debug_msg/debug_msg_s__rosidl_typesupport_fastrtps_c.cpython-310-x86_64-linux-gnu.so
[4.131s] -- Up-to-date symlink: /home/jiataoding/franco_ros2_franka_ws/src/install/debug_msg/local/lib/python3.10/dist-packages/debug_msg/debug_msg_s__rosidl_typesupport_introspection_c.cpython-310-x86_64-linux-gnu.so
[4.131s] -- Up-to-date symlink: /home/jiataoding/franco_ros2_franka_ws/src/install/debug_msg/local/lib/python3.10/dist-packages/debug_msg/debug_msg_s__rosidl_typesupport_c.cpython-310-x86_64-linux-gnu.so
[4.131s] -- Symlinking: /home/jiataoding/franco_ros2_franka_ws/src/install/debug_msg/share/debug_msg/msg/Debug.idl
[4.146s] -- Symlinking: /home/jiataoding/franco_ros2_franka_ws/src/install/debug_msg/share/debug_msg/msg/Debug.msg
[4.160s] -- Symlinking: /home/jiataoding/franco_ros2_franka_ws/src/install/debug_msg/share/ament_index/resource_index/package_run_dependencies/debug_msg
[4.175s] -- Symlinking: /home/jiataoding/franco_ros2_franka_ws/src/install/debug_msg/share/ament_index/resource_index/parent_prefix_path/debug_msg
[4.188s] -- Symlinking: /home/jiataoding/franco_ros2_franka_ws/src/install/debug_msg/share/debug_msg/environment/ament_prefix_path.sh
[4.203s] -- Symlinking: /home/jiataoding/franco_ros2_franka_ws/src/install/debug_msg/share/debug_msg/environment/ament_prefix_path.dsv
[4.217s] -- Symlinking: /home/jiataoding/franco_ros2_franka_ws/src/install/debug_msg/share/debug_msg/environment/path.sh
[4.230s] -- Symlinking: /home/jiataoding/franco_ros2_franka_ws/src/install/debug_msg/share/debug_msg/environment/path.dsv
[4.245s] -- Symlinking: /home/jiataoding/franco_ros2_franka_ws/src/install/debug_msg/share/debug_msg/local_setup.bash
[4.259s] -- Symlinking: /home/jiataoding/franco_ros2_franka_ws/src/install/debug_msg/share/debug_msg/local_setup.sh
[4.273s] -- Symlinking: /home/jiataoding/franco_ros2_franka_ws/src/install/debug_msg/share/debug_msg/local_setup.zsh
[4.288s] -- Symlinking: /home/jiataoding/franco_ros2_franka_ws/src/install/debug_msg/share/debug_msg/local_setup.dsv
[4.303s] -- Symlinking: /home/jiataoding/franco_ros2_franka_ws/src/install/debug_msg/share/debug_msg/package.dsv
[4.317s] -- Symlinking: /home/jiataoding/franco_ros2_franka_ws/src/install/debug_msg/share/ament_index/resource_index/packages/debug_msg
[4.332s] -- Symlinking: /home/jiataoding/franco_ros2_franka_ws/src/install/debug_msg/share/debug_msg/cmake/rosidl_cmake-extras.cmake
[4.346s] -- Symlinking: /home/jiataoding/franco_ros2_franka_ws/src/install/debug_msg/share/debug_msg/cmake/ament_cmake_export_include_directories-extras.cmake
[4.358s] -- Symlinking: /home/jiataoding/franco_ros2_franka_ws/src/install/debug_msg/share/debug_msg/cmake/ament_cmake_export_libraries-extras.cmake
[4.372s] -- Symlinking: /home/jiataoding/franco_ros2_franka_ws/src/install/debug_msg/share/debug_msg/cmake/ament_cmake_export_targets-extras.cmake
[4.387s] -- Symlinking: /home/jiataoding/franco_ros2_franka_ws/src/install/debug_msg/share/debug_msg/cmake/rosidl_cmake_export_typesupport_targets-extras.cmake
[4.401s] -- Symlinking: /home/jiataoding/franco_ros2_franka_ws/src/install/debug_msg/share/debug_msg/cmake/ament_cmake_export_dependencies-extras.cmake
[4.422s] -- Symlinking: /home/jiataoding/franco_ros2_franka_ws/src/install/debug_msg/share/debug_msg/cmake/rosidl_cmake_export_typesupport_libraries-extras.cmake
[4.452s] -- Symlinking: /home/jiataoding/franco_ros2_franka_ws/src/install/debug_msg/share/debug_msg/cmake/debug_msgConfig.cmake
[4.472s] -- Symlinking: /home/jiataoding/franco_ros2_franka_ws/src/install/debug_msg/share/debug_msg/cmake/debug_msgConfig-version.cmake
[4.491s] -- Symlinking: /home/jiataoding/franco_ros2_franka_ws/src/install/debug_msg/share/debug_msg/package.xml
[4.503s] -- Installing: /home/jiataoding/franco_ros2_franka_ws/src/install/debug_msg/lib/libdebug_msg__rosidl_generator_c.so
[4.504s] -- Set runtime path of "/home/jiataoding/franco_ros2_franka_ws/src/install/debug_msg/lib/libdebug_msg__rosidl_generator_c.so" to ""
[4.504s] -- Installing: /home/jiataoding/franco_ros2_franka_ws/src/install/debug_msg/lib/libdebug_msg__rosidl_typesupport_fastrtps_c.so
[4.504s] -- Set runtime path of "/home/jiataoding/franco_ros2_franka_ws/src/install/debug_msg/lib/libdebug_msg__rosidl_typesupport_fastrtps_c.so" to ""
[4.504s] -- Installing: /home/jiataoding/franco_ros2_franka_ws/src/install/debug_msg/lib/libdebug_msg__rosidl_typesupport_introspection_c.so
[4.505s] -- Set runtime path of "/home/jiataoding/franco_ros2_franka_ws/src/install/debug_msg/lib/libdebug_msg__rosidl_typesupport_introspection_c.so" to ""
[4.505s] -- Installing: /home/jiataoding/franco_ros2_franka_ws/src/install/debug_msg/lib/libdebug_msg__rosidl_typesupport_c.so
[4.505s] -- Set runtime path of "/home/jiataoding/franco_ros2_franka_ws/src/install/debug_msg/lib/libdebug_msg__rosidl_typesupport_c.so" to ""
[4.505s] -- Installing: /home/jiataoding/franco_ros2_franka_ws/src/install/debug_msg/lib/libdebug_msg__rosidl_typesupport_fastrtps_cpp.so
[4.505s] -- Set runtime path of "/home/jiataoding/franco_ros2_franka_ws/src/install/debug_msg/lib/libdebug_msg__rosidl_typesupport_fastrtps_cpp.so" to ""
[4.506s] -- Installing: /home/jiataoding/franco_ros2_franka_ws/src/install/debug_msg/lib/libdebug_msg__rosidl_typesupport_introspection_cpp.so
[4.506s] -- Set runtime path of "/home/jiataoding/franco_ros2_franka_ws/src/install/debug_msg/lib/libdebug_msg__rosidl_typesupport_introspection_cpp.so" to ""
[4.506s] -- Installing: /home/jiataoding/franco_ros2_franka_ws/src/install/debug_msg/lib/libdebug_msg__rosidl_typesupport_cpp.so
[4.506s] -- Set runtime path of "/home/jiataoding/franco_ros2_franka_ws/src/install/debug_msg/lib/libdebug_msg__rosidl_typesupport_cpp.so" to ""
[4.539s] Listing '/home/jiataoding/franco_ros2_franka_ws/src/install/debug_msg/local/lib/python3.10/dist-packages/debug_msg'...
[4.539s] Compiling '/home/jiataoding/franco_ros2_franka_ws/src/install/debug_msg/local/lib/python3.10/dist-packages/debug_msg/__init__.py'...
[4.539s] Listing '/home/jiataoding/franco_ros2_franka_ws/src/install/debug_msg/local/lib/python3.10/dist-packages/debug_msg/msg'...
[4.539s] Compiling '/home/jiataoding/franco_ros2_franka_ws/src/install/debug_msg/local/lib/python3.10/dist-packages/debug_msg/msg/__init__.py'...
[4.539s] Compiling '/home/jiataoding/franco_ros2_franka_ws/src/install/debug_msg/local/lib/python3.10/dist-packages/debug_msg/msg/_debug.py'...
[4.543s] -- Installing: /home/jiataoding/franco_ros2_franka_ws/src/install/debug_msg/lib/libdebug_msg__rosidl_generator_py.so
[4.543s] -- Set runtime path of "/home/jiataoding/franco_ros2_franka_ws/src/install/debug_msg/lib/libdebug_msg__rosidl_generator_py.so" to ""
[4.543s] -- Installing: /home/jiataoding/franco_ros2_franka_ws/src/install/debug_msg/share/debug_msg/cmake/export_debug_msg__rosidl_generator_cExport.cmake
[4.543s] -- Installing: /home/jiataoding/franco_ros2_franka_ws/src/install/debug_msg/share/debug_msg/cmake/export_debug_msg__rosidl_generator_cExport-release.cmake
[4.544s] -- Installing: /home/jiataoding/franco_ros2_franka_ws/src/install/debug_msg/share/debug_msg/cmake/export_debug_msg__rosidl_typesupport_fastrtps_cExport.cmake
[4.544s] -- Installing: /home/jiataoding/franco_ros2_franka_ws/src/install/debug_msg/share/debug_msg/cmake/export_debug_msg__rosidl_typesupport_fastrtps_cExport-release.cmake
[4.544s] -- Installing: /home/jiataoding/franco_ros2_franka_ws/src/install/debug_msg/share/debug_msg/cmake/debug_msg__rosidl_typesupport_introspection_cExport.cmake
[4.544s] -- Installing: /home/jiataoding/franco_ros2_franka_ws/src/install/debug_msg/share/debug_msg/cmake/debug_msg__rosidl_typesupport_introspection_cExport-release.cmake
[4.544s] -- Installing: /home/jiataoding/franco_ros2_franka_ws/src/install/debug_msg/share/debug_msg/cmake/debug_msg__rosidl_typesupport_cExport.cmake
[4.545s] -- Installing: /home/jiataoding/franco_ros2_franka_ws/src/install/debug_msg/share/debug_msg/cmake/debug_msg__rosidl_typesupport_cExport-release.cmake
[4.545s] -- Installing: /home/jiataoding/franco_ros2_franka_ws/src/install/debug_msg/share/debug_msg/cmake/export_debug_msg__rosidl_generator_cppExport.cmake
[4.545s] -- Installing: /home/jiataoding/franco_ros2_franka_ws/src/install/debug_msg/share/debug_msg/cmake/export_debug_msg__rosidl_typesupport_fastrtps_cppExport.cmake
[4.545s] -- Installing: /home/jiataoding/franco_ros2_franka_ws/src/install/debug_msg/share/debug_msg/cmake/export_debug_msg__rosidl_typesupport_fastrtps_cppExport-release.cmake
[4.545s] -- Installing: /home/jiataoding/franco_ros2_franka_ws/src/install/debug_msg/share/debug_msg/cmake/debug_msg__rosidl_typesupport_introspection_cppExport.cmake
[4.546s] -- Installing: /home/jiataoding/franco_ros2_franka_ws/src/install/debug_msg/share/debug_msg/cmake/debug_msg__rosidl_typesupport_introspection_cppExport-release.cmake
[4.546s] -- Installing: /home/jiataoding/franco_ros2_franka_ws/src/install/debug_msg/share/debug_msg/cmake/debug_msg__rosidl_typesupport_cppExport.cmake
[4.546s] -- Installing: /home/jiataoding/franco_ros2_franka_ws/src/install/debug_msg/share/debug_msg/cmake/debug_msg__rosidl_typesupport_cppExport-release.cmake
[4.546s] -- Installing: /home/jiataoding/franco_ros2_franka_ws/src/install/debug_msg/share/debug_msg/cmake/export_debug_msg__rosidl_generator_pyExport.cmake
[4.546s] -- Installing: /home/jiataoding/franco_ros2_franka_ws/src/install/debug_msg/share/debug_msg/cmake/export_debug_msg__rosidl_generator_pyExport-release.cmake
[4.549s] Invoked command in '/home/jiataoding/franco_ros2_franka_ws/src/build/debug_msg' returned '0': CMAKE_PREFIX_PATH=/home/jiataoding/ros2_franka_ws/install/joint_impedance_controller:/home/jiataoding/ros2_franka_ws/install/integration_launch_testing:/home/jiataoding/ros2_franka_ws/install/idra_franka_launch:/home/jiataoding/ros2_franka_ws/install/gravity_compensation:/home/jiataoding/ros2_franka_ws/install/franka_task_pipeline:/home/jiataoding/ros2_franka_ws/install/franka_ros2:/home/jiataoding/ros2_franka_ws/install/franka_bringup:/home/jiataoding/ros2_franka_ws/install/franka_robot_state_broadcaster:/home/jiataoding/ros2_franka_ws/install/franka_example_controllers:/home/jiataoding/ros2_franka_ws/install/franka_semantic_components:/home/jiataoding/ros2_franka_ws/install/franka_gazebo_bringup:/home/jiataoding/ros2_franka_ws/install/franka_ign_ros2_control:/home/jiataoding/ros2_franka_ws/install/franka_fr3_moveit_config:/home/jiataoding/ros2_franka_ws/install/franka_hardware:/home/jiataoding/ros2_franka_ws/install/franka_gripper:/home/jiataoding/ros2_franka_ws/install/franka_msgs:/home/jiataoding/ros2_franka_ws/install/franka_description:/home/jiataoding/ros2_franka_ws/install/cartesian_impedance_controller:/opt/ros/humble:/home/jiataoding/ros2_franka_ws/install/effort_controller_base:/home/jiataoding/ros2_franka_ws/install/debug_msg:/home/jiataoding/franco_ros2_franka_ws/install/joint_impedance_controller:/home/jiataoding/franco_ros2_franka_ws/install/integration_launch_testing:/home/jiataoding/franco_ros2_franka_ws/install/idra_franka_launch:/home/jiataoding/franco_ros2_franka_ws/install/gravity_compensation:/home/jiataoding/franco_ros2_franka_ws/install/franka_task_pipeline:/home/jiataoding/franco_ros2_franka_ws/install/franka_ros2:/home/jiataoding/franco_ros2_franka_ws/install/franka_bringup:/home/jiataoding/franco_ros2_franka_ws/install/franka_robot_state_broadcaster:/home/jiataoding/franco_ros2_franka_ws/install/franka_example_controllers:/home/jiataoding/franco_ros2_franka_ws/install/franka_semantic_components:/home/jiataoding/franco_ros2_franka_ws/install/franka_gazebo_bringup:/home/jiataoding/franco_ros2_franka_ws/install/franka_ign_ros2_control:/home/jiataoding/franco_ros2_franka_ws/install/franka_fr3_moveit_config:/home/jiataoding/franco_ros2_franka_ws/install/franka_hardware:/home/jiataoding/franco_ros2_franka_ws/install/franka_gripper:/home/jiataoding/franco_ros2_franka_ws/install/franka_msgs:/home/jiataoding/franco_ros2_franka_ws/install/franka_description:/home/jiataoding/franco_ros2_franka_ws/install/cartesian_impedance_controller:/home/jiataoding/franco_ros2_franka_ws/install/effort_controller_base:/home/jiataoding/franco_ros2_franka_ws/install/debug_msg:/opt/openrobots: /usr/bin/cmake --install /home/jiataoding/franco_ros2_franka_ws/src/build/debug_msg
