[35m[1mConsolidate compiler generated dependencies of target effort_controller_base[0m
[100%] Built target effort_controller_base
-- Install configuration: "Release"
-- Up-to-date: /home/jiataoding/franco_ros2_franka_ws/src/install/effort_controller_base/include
-- Up-to-date: /home/jiataoding/franco_ros2_franka_ws/src/install/effort_controller_base/include/effort_controller_base
-- Up-to-date: /home/jiataoding/franco_ros2_franka_ws/src/install/effort_controller_base/include/effort_controller_base/pseudo_inversion.h
-- Up-to-date: /home/jiataoding/franco_ros2_franka_ws/src/install/effort_controller_base/include/effort_controller_base/Filter.h
-- Up-to-date: /home/jiataoding/franco_ros2_franka_ws/src/install/effort_controller_base/include/effort_controller_base/effort_controller_base.h
-- Up-to-date: /home/jiataoding/franco_ros2_franka_ws/src/install/effort_controller_base/include/effort_controller_base/Utility.h
-- Up-to-date: /home/jiataoding/franco_ros2_franka_ws/src/install/effort_controller_base/include/effort_controller_base/chainjnttojacdotsolver.hpp
-- Up-to-date: /home/jiataoding/franco_ros2_franka_ws/src/install/effort_controller_base/include/effort_controller_base/double_diagonalization.hpp
-- Up-to-date: /home/jiataoding/franco_ros2_franka_ws/src/install/effort_controller_base/lib/libeffort_controller_base.so
-- Up-to-date: /home/jiataoding/franco_ros2_franka_ws/src/install/effort_controller_base/share/effort_controller_base/environment/library_path.sh
-- Up-to-date: /home/jiataoding/franco_ros2_franka_ws/src/install/effort_controller_base/share/effort_controller_base/environment/library_path.dsv
-- Up-to-date: /home/jiataoding/franco_ros2_franka_ws/src/install/effort_controller_base/share/ament_index/resource_index/package_run_dependencies/effort_controller_base
-- Up-to-date: /home/jiataoding/franco_ros2_franka_ws/src/install/effort_controller_base/share/ament_index/resource_index/parent_prefix_path/effort_controller_base
-- Up-to-date: /home/jiataoding/franco_ros2_franka_ws/src/install/effort_controller_base/share/effort_controller_base/environment/ament_prefix_path.sh
-- Up-to-date: /home/jiataoding/franco_ros2_franka_ws/src/install/effort_controller_base/share/effort_controller_base/environment/ament_prefix_path.dsv
-- Up-to-date: /home/jiataoding/franco_ros2_franka_ws/src/install/effort_controller_base/share/effort_controller_base/environment/path.sh
-- Up-to-date: /home/jiataoding/franco_ros2_franka_ws/src/install/effort_controller_base/share/effort_controller_base/environment/path.dsv
-- Up-to-date: /home/jiataoding/franco_ros2_franka_ws/src/install/effort_controller_base/share/effort_controller_base/local_setup.bash
-- Up-to-date: /home/jiataoding/franco_ros2_franka_ws/src/install/effort_controller_base/share/effort_controller_base/local_setup.sh
-- Up-to-date: /home/jiataoding/franco_ros2_franka_ws/src/install/effort_controller_base/share/effort_controller_base/local_setup.zsh
-- Up-to-date: /home/jiataoding/franco_ros2_franka_ws/src/install/effort_controller_base/share/effort_controller_base/local_setup.dsv
-- Installing: /home/jiataoding/franco_ros2_franka_ws/src/install/effort_controller_base/share/effort_controller_base/package.dsv
-- Up-to-date: /home/jiataoding/franco_ros2_franka_ws/src/install/effort_controller_base/share/ament_index/resource_index/packages/effort_controller_base
-- Up-to-date: /home/jiataoding/franco_ros2_franka_ws/src/install/effort_controller_base/share/effort_controller_base/cmake/ament_cmake_export_dependencies-extras.cmake
-- Up-to-date: /home/jiataoding/franco_ros2_franka_ws/src/install/effort_controller_base/share/effort_controller_base/cmake/ament_cmake_export_include_directories-extras.cmake
-- Up-to-date: /home/jiataoding/franco_ros2_franka_ws/src/install/effort_controller_base/share/effort_controller_base/cmake/ament_cmake_export_libraries-extras.cmake
-- Up-to-date: /home/jiataoding/franco_ros2_franka_ws/src/install/effort_controller_base/share/effort_controller_base/cmake/effort_controller_baseConfig.cmake
-- Up-to-date: /home/jiataoding/franco_ros2_franka_ws/src/install/effort_controller_base/share/effort_controller_base/cmake/effort_controller_baseConfig-version.cmake
-- Up-to-date: /home/jiataoding/franco_ros2_franka_ws/src/install/effort_controller_base/share/effort_controller_base/package.xml
