[0.027s] Invoking command in '/home/jiataoding/franco_ros2_franka_ws/src/build/franka_semantic_components': AMENT_PREFIX_PATH=/home/jiataoding/franco_ros2_franka_ws/src/install/franka_hardware:/home/jiataoding/franco_ros2_franka_ws/src/install/franka_msgs:${AMENT_PREFIX_PATH} CMAKE_PREFIX_PATH=/home/jiataoding/franco_ros2_franka_ws/src/install/franka_hardware:/home/jiataoding/franco_ros2_franka_ws/src/install/franka_msgs:/home/jiataoding/ros2_franka_ws/install/joint_impedance_controller:/home/jiataoding/ros2_franka_ws/install/integration_launch_testing:/home/jiataoding/ros2_franka_ws/install/idra_franka_launch:/home/jiataoding/ros2_franka_ws/install/gravity_compensation:/home/jiataoding/ros2_franka_ws/install/franka_task_pipeline:/home/jiataoding/ros2_franka_ws/install/franka_ros2:/home/jiataoding/ros2_franka_ws/install/franka_bringup:/home/jiataoding/ros2_franka_ws/install/franka_robot_state_broadcaster:/home/jiataoding/ros2_franka_ws/install/franka_example_controllers:/home/jiataoding/ros2_franka_ws/install/franka_semantic_components:/home/jiataoding/ros2_franka_ws/install/franka_gazebo_bringup:/home/jiataoding/ros2_franka_ws/install/franka_ign_ros2_control:/home/jiataoding/ros2_franka_ws/install/franka_fr3_moveit_config:/home/jiataoding/ros2_franka_ws/install/franka_hardware:/home/jiataoding/ros2_franka_ws/install/franka_gripper:/home/jiataoding/ros2_franka_ws/install/franka_msgs:/home/jiataoding/ros2_franka_ws/install/franka_description:/home/jiataoding/ros2_franka_ws/install/cartesian_impedance_controller:/opt/ros/humble:/home/jiataoding/ros2_franka_ws/install/effort_controller_base:/home/jiataoding/ros2_franka_ws/install/debug_msg:/home/jiataoding/franco_ros2_franka_ws/install/joint_impedance_controller:/home/jiataoding/franco_ros2_franka_ws/install/integration_launch_testing:/home/jiataoding/franco_ros2_franka_ws/install/idra_franka_launch:/home/jiataoding/franco_ros2_franka_ws/install/gravity_compensation:/home/jiataoding/franco_ros2_franka_ws/install/franka_task_pipeline:/home/jiataoding/franco_ros2_franka_ws/install/franka_ros2:/home/jiataoding/franco_ros2_franka_ws/install/franka_bringup:/home/jiataoding/franco_ros2_franka_ws/install/franka_robot_state_broadcaster:/home/jiataoding/franco_ros2_franka_ws/install/franka_example_controllers:/home/jiataoding/franco_ros2_franka_ws/install/franka_semantic_components:/home/jiataoding/franco_ros2_franka_ws/install/franka_gazebo_bringup:/home/jiataoding/franco_ros2_franka_ws/install/franka_ign_ros2_control:/home/jiataoding/franco_ros2_franka_ws/install/franka_fr3_moveit_config:/home/jiataoding/franco_ros2_franka_ws/install/franka_hardware:/home/jiataoding/franco_ros2_franka_ws/install/franka_gripper:/home/jiataoding/franco_ros2_franka_ws/install/franka_msgs:/home/jiataoding/franco_ros2_franka_ws/install/franka_description:/home/jiataoding/franco_ros2_franka_ws/install/cartesian_impedance_controller:/home/jiataoding/franco_ros2_franka_ws/install/effort_controller_base:/home/jiataoding/franco_ros2_franka_ws/install/debug_msg:/opt/openrobots LD_LIBRARY_PATH=/home/jiataoding/franco_ros2_franka_ws/src/install/franka_hardware/lib:/home/jiataoding/franco_ros2_franka_ws/src/install/franka_msgs/lib:${LD_LIBRARY_PATH} PYTHONPATH=/home/jiataoding/franco_ros2_franka_ws/src/install/franka_msgs/local/lib/python3.10/dist-packages:${PYTHONPATH} /usr/bin/cmake /home/jiataoding/franco_ros2_franka_ws/src/franka_ros2/franka_semantic_components -DCMAKE_BUILD_TYPE=Release -DAMENT_CMAKE_SYMLINK_INSTALL=1 -DCMAKE_INSTALL_PREFIX=/home/jiataoding/franco_ros2_franka_ws/src/install/franka_semantic_components
[0.110s] -- The C compiler identification is GNU 11.4.0
[0.176s] -- The CXX compiler identification is GNU 11.4.0
[0.184s] -- Detecting C compiler ABI info
[0.284s] -- Detecting C compiler ABI info - done
[0.290s] -- Check for working C compiler: /usr/bin/cc - skipped
[0.290s] -- Detecting C compile features
[0.291s] -- Detecting C compile features - done
[0.293s] -- Detecting CXX compiler ABI info
[0.411s] -- Detecting CXX compiler ABI info - done
[0.417s] -- Check for working CXX compiler: /usr/bin/c++ - skipped
[0.418s] -- Detecting CXX compile features
[0.418s] -- Detecting CXX compile features - done
[0.424s] -- Found ament_cmake: 1.3.12 (/opt/ros/humble/share/ament_cmake/cmake)
[0.590s] -- Found Python3: /usr/bin/python3 (found version "3.10.12") found components: Interpreter 
[0.650s] -- Override CMake install command with custom implementation using symlinks instead of copying resources
[0.735s] -- Looking for pthread.h
[0.838s] -- Looking for pthread.h - found
[0.838s] -- Performing Test CMAKE_HAVE_LIBC_PTHREAD
[0.943s] -- Performing Test CMAKE_HAVE_LIBC_PTHREAD - Success
[0.944s] -- Found Threads: TRUE  
[0.954s] -- Found franka_hardware: 2.1.0 (/home/jiataoding/franco_ros2_franka_ws/src/install/franka_hardware/share/franka_hardware/cmake)
[1.023s] -- Found rosidl_generator_c: 3.1.8 (/opt/ros/humble/share/rosidl_generator_c/cmake)
[1.033s] -- Found rosidl_adapter: 3.1.8 (/opt/ros/humble/share/rosidl_adapter/cmake)
[1.044s] -- Found rosidl_generator_cpp: 3.1.8 (/opt/ros/humble/share/rosidl_generator_cpp/cmake)
[1.060s] -- Using all available rosidl_typesupport_c: rosidl_typesupport_fastrtps_c;rosidl_typesupport_introspection_c
[1.081s] -- Using all available rosidl_typesupport_cpp: rosidl_typesupport_fastrtps_cpp;rosidl_typesupport_introspection_cpp
[1.368s] -- Found rmw_implementation_cmake: 6.1.2 (/opt/ros/humble/share/rmw_implementation_cmake/cmake)
[1.373s] -- Found rmw_fastrtps_cpp: 6.2.9 (/opt/ros/humble/share/rmw_fastrtps_cpp/cmake)
[1.407s] -- Found TinyXML2 via Config file: TinyXML2_DIR-NOTFOUND
[1.533s] -- Found OpenSSL: /usr/lib/x86_64-linux-gnu/libcrypto.so (found version "3.0.2")  
[1.535s] -- Found TinyXML2 via Config file: TinyXML2_DIR-NOTFOUND
[1.565s] -- Found FastRTPS: /opt/ros/humble/include  
[1.569s] -- Found TinyXML2 via Config file: TinyXML2_DIR-NOTFOUND
[1.580s] -- Found TinyXML2 via Config file: TinyXML2_DIR-NOTFOUND
[1.595s] -- Using RMW implementation 'rmw_fastrtps_cpp' as default
[1.667s] -- Found franka_msgs: 2.1.0 (/home/jiataoding/franco_ros2_franka_ws/src/install/franka_msgs/share/franka_msgs/cmake)
[1.687s] -- Found controller_interface: 2.53.0 (/opt/ros/humble/share/controller_interface/cmake)
[1.692s] -- Found urdf: 2.6.1 (/opt/ros/humble/share/urdf/cmake)
[1.733s] -- Found ament_cmake_clang_format: 0.12.14 (/opt/ros/humble/share/ament_cmake_clang_format/cmake)
[1.738s] -- Found ament_cmake_copyright: 0.12.14 (/opt/ros/humble/share/ament_cmake_copyright/cmake)
[1.742s] -- Found ament_cmake_cppcheck: 0.12.14 (/opt/ros/humble/share/ament_cmake_cppcheck/cmake)
[1.746s] -- Found ament_cmake_flake8: 0.12.14 (/opt/ros/humble/share/ament_cmake_flake8/cmake)
[1.750s] -- Found ament_cmake_lint_cmake: 0.12.14 (/opt/ros/humble/share/ament_cmake_lint_cmake/cmake)
[1.754s] -- Found ament_cmake_pep257: 0.12.14 (/opt/ros/humble/share/ament_cmake_pep257/cmake)
[1.758s] -- Found ament_cmake_xmllint: 0.12.14 (/opt/ros/humble/share/ament_cmake_xmllint/cmake)
[1.763s] -- Found ament_cmake_gmock: 1.3.12 (/opt/ros/humble/share/ament_cmake_gmock/cmake)
[1.771s] -- Found gmock sources under '/opt/ros/humble/src/gmock_vendor': C++ tests using 'Google Mock' will be built
[1.781s] -- Found ament_cmake_gtest: 1.3.12 (/opt/ros/humble/share/ament_cmake_gtest/cmake)
[1.781s] -- Found gtest sources under '/opt/ros/humble/src/gtest_vendor': C++ tests using 'Google Test' will be built
[1.859s] -- Configuring done
[1.925s] -- Generating done
[1.940s] -- Build files have been written to: /home/jiataoding/franco_ros2_franka_ws/src/build/franka_semantic_components
[1.955s] Invoked command in '/home/jiataoding/franco_ros2_franka_ws/src/build/franka_semantic_components' returned '0': AMENT_PREFIX_PATH=/home/jiataoding/franco_ros2_franka_ws/src/install/franka_hardware:/home/jiataoding/franco_ros2_franka_ws/src/install/franka_msgs:${AMENT_PREFIX_PATH} CMAKE_PREFIX_PATH=/home/jiataoding/franco_ros2_franka_ws/src/install/franka_hardware:/home/jiataoding/franco_ros2_franka_ws/src/install/franka_msgs:/home/jiataoding/ros2_franka_ws/install/joint_impedance_controller:/home/jiataoding/ros2_franka_ws/install/integration_launch_testing:/home/jiataoding/ros2_franka_ws/install/idra_franka_launch:/home/jiataoding/ros2_franka_ws/install/gravity_compensation:/home/jiataoding/ros2_franka_ws/install/franka_task_pipeline:/home/jiataoding/ros2_franka_ws/install/franka_ros2:/home/jiataoding/ros2_franka_ws/install/franka_bringup:/home/jiataoding/ros2_franka_ws/install/franka_robot_state_broadcaster:/home/jiataoding/ros2_franka_ws/install/franka_example_controllers:/home/jiataoding/ros2_franka_ws/install/franka_semantic_components:/home/jiataoding/ros2_franka_ws/install/franka_gazebo_bringup:/home/jiataoding/ros2_franka_ws/install/franka_ign_ros2_control:/home/jiataoding/ros2_franka_ws/install/franka_fr3_moveit_config:/home/jiataoding/ros2_franka_ws/install/franka_hardware:/home/jiataoding/ros2_franka_ws/install/franka_gripper:/home/jiataoding/ros2_franka_ws/install/franka_msgs:/home/jiataoding/ros2_franka_ws/install/franka_description:/home/jiataoding/ros2_franka_ws/install/cartesian_impedance_controller:/opt/ros/humble:/home/jiataoding/ros2_franka_ws/install/effort_controller_base:/home/jiataoding/ros2_franka_ws/install/debug_msg:/home/jiataoding/franco_ros2_franka_ws/install/joint_impedance_controller:/home/jiataoding/franco_ros2_franka_ws/install/integration_launch_testing:/home/jiataoding/franco_ros2_franka_ws/install/idra_franka_launch:/home/jiataoding/franco_ros2_franka_ws/install/gravity_compensation:/home/jiataoding/franco_ros2_franka_ws/install/franka_task_pipeline:/home/jiataoding/franco_ros2_franka_ws/install/franka_ros2:/home/jiataoding/franco_ros2_franka_ws/install/franka_bringup:/home/jiataoding/franco_ros2_franka_ws/install/franka_robot_state_broadcaster:/home/jiataoding/franco_ros2_franka_ws/install/franka_example_controllers:/home/jiataoding/franco_ros2_franka_ws/install/franka_semantic_components:/home/jiataoding/franco_ros2_franka_ws/install/franka_gazebo_bringup:/home/jiataoding/franco_ros2_franka_ws/install/franka_ign_ros2_control:/home/jiataoding/franco_ros2_franka_ws/install/franka_fr3_moveit_config:/home/jiataoding/franco_ros2_franka_ws/install/franka_hardware:/home/jiataoding/franco_ros2_franka_ws/install/franka_gripper:/home/jiataoding/franco_ros2_franka_ws/install/franka_msgs:/home/jiataoding/franco_ros2_franka_ws/install/franka_description:/home/jiataoding/franco_ros2_franka_ws/install/cartesian_impedance_controller:/home/jiataoding/franco_ros2_franka_ws/install/effort_controller_base:/home/jiataoding/franco_ros2_franka_ws/install/debug_msg:/opt/openrobots LD_LIBRARY_PATH=/home/jiataoding/franco_ros2_franka_ws/src/install/franka_hardware/lib:/home/jiataoding/franco_ros2_franka_ws/src/install/franka_msgs/lib:${LD_LIBRARY_PATH} PYTHONPATH=/home/jiataoding/franco_ros2_franka_ws/src/install/franka_msgs/local/lib/python3.10/dist-packages:${PYTHONPATH} /usr/bin/cmake /home/jiataoding/franco_ros2_franka_ws/src/franka_ros2/franka_semantic_components -DCMAKE_BUILD_TYPE=Release -DAMENT_CMAKE_SYMLINK_INSTALL=1 -DCMAKE_INSTALL_PREFIX=/home/jiataoding/franco_ros2_franka_ws/src/install/franka_semantic_components
[1.957s] Invoking command in '/home/jiataoding/franco_ros2_franka_ws/src/build/franka_semantic_components': AMENT_PREFIX_PATH=/home/jiataoding/franco_ros2_franka_ws/src/install/franka_hardware:/home/jiataoding/franco_ros2_franka_ws/src/install/franka_msgs:${AMENT_PREFIX_PATH} CMAKE_PREFIX_PATH=/home/jiataoding/franco_ros2_franka_ws/src/install/franka_hardware:/home/jiataoding/franco_ros2_franka_ws/src/install/franka_msgs:/home/jiataoding/ros2_franka_ws/install/joint_impedance_controller:/home/jiataoding/ros2_franka_ws/install/integration_launch_testing:/home/jiataoding/ros2_franka_ws/install/idra_franka_launch:/home/jiataoding/ros2_franka_ws/install/gravity_compensation:/home/jiataoding/ros2_franka_ws/install/franka_task_pipeline:/home/jiataoding/ros2_franka_ws/install/franka_ros2:/home/jiataoding/ros2_franka_ws/install/franka_bringup:/home/jiataoding/ros2_franka_ws/install/franka_robot_state_broadcaster:/home/jiataoding/ros2_franka_ws/install/franka_example_controllers:/home/jiataoding/ros2_franka_ws/install/franka_semantic_components:/home/jiataoding/ros2_franka_ws/install/franka_gazebo_bringup:/home/jiataoding/ros2_franka_ws/install/franka_ign_ros2_control:/home/jiataoding/ros2_franka_ws/install/franka_fr3_moveit_config:/home/jiataoding/ros2_franka_ws/install/franka_hardware:/home/jiataoding/ros2_franka_ws/install/franka_gripper:/home/jiataoding/ros2_franka_ws/install/franka_msgs:/home/jiataoding/ros2_franka_ws/install/franka_description:/home/jiataoding/ros2_franka_ws/install/cartesian_impedance_controller:/opt/ros/humble:/home/jiataoding/ros2_franka_ws/install/effort_controller_base:/home/jiataoding/ros2_franka_ws/install/debug_msg:/home/jiataoding/franco_ros2_franka_ws/install/joint_impedance_controller:/home/jiataoding/franco_ros2_franka_ws/install/integration_launch_testing:/home/jiataoding/franco_ros2_franka_ws/install/idra_franka_launch:/home/jiataoding/franco_ros2_franka_ws/install/gravity_compensation:/home/jiataoding/franco_ros2_franka_ws/install/franka_task_pipeline:/home/jiataoding/franco_ros2_franka_ws/install/franka_ros2:/home/jiataoding/franco_ros2_franka_ws/install/franka_bringup:/home/jiataoding/franco_ros2_franka_ws/install/franka_robot_state_broadcaster:/home/jiataoding/franco_ros2_franka_ws/install/franka_example_controllers:/home/jiataoding/franco_ros2_franka_ws/install/franka_semantic_components:/home/jiataoding/franco_ros2_franka_ws/install/franka_gazebo_bringup:/home/jiataoding/franco_ros2_franka_ws/install/franka_ign_ros2_control:/home/jiataoding/franco_ros2_franka_ws/install/franka_fr3_moveit_config:/home/jiataoding/franco_ros2_franka_ws/install/franka_hardware:/home/jiataoding/franco_ros2_franka_ws/install/franka_gripper:/home/jiataoding/franco_ros2_franka_ws/install/franka_msgs:/home/jiataoding/franco_ros2_franka_ws/install/franka_description:/home/jiataoding/franco_ros2_franka_ws/install/cartesian_impedance_controller:/home/jiataoding/franco_ros2_franka_ws/install/effort_controller_base:/home/jiataoding/franco_ros2_franka_ws/install/debug_msg:/opt/openrobots LD_LIBRARY_PATH=/home/jiataoding/franco_ros2_franka_ws/src/install/franka_hardware/lib:/home/jiataoding/franco_ros2_franka_ws/src/install/franka_msgs/lib:${LD_LIBRARY_PATH} PYTHONPATH=/home/jiataoding/franco_ros2_franka_ws/src/install/franka_msgs/local/lib/python3.10/dist-packages:${PYTHONPATH} /usr/bin/cmake --build /home/jiataoding/franco_ros2_franka_ws/src/build/franka_semantic_components -- -j24 -l24
[2.061s] [  4%] [32mBuilding CXX object CMakeFiles/franka_semantic_components.dir/src/franka_robot_model.cpp.o[0m
[2.061s] [  9%] [32mBuilding CXX object CMakeFiles/franka_semantic_components.dir/src/franka_robot_state.cpp.o[0m
[2.061s] [ 18%] [32mBuilding CXX object CMakeFiles/franka_semantic_components.dir/src/franka_semantic_component_interface.cpp.o[0m
[2.061s] [ 18%] [32mBuilding CXX object CMakeFiles/franka_semantic_components.dir/src/translation_utils.cpp.o[0m
[2.062s] [ 22%] [32mBuilding CXX object gmock/CMakeFiles/gmock_main.dir/src/gmock_main.cc.o[0m
[2.063s] [ 31%] [32mBuilding CXX object CMakeFiles/franka_semantic_components.dir/src/franka_cartesian_velocity_interface.cpp.o[0m
[2.063s] [ 31%] [32mBuilding CXX object CMakeFiles/franka_semantic_components.dir/src/franka_cartesian_pose_interface.cpp.o[0m
[2.065s] [ 36%] [32mBuilding CXX object gmock/CMakeFiles/gmock.dir/opt/ros/humble/src/gtest_vendor/src/gtest-all.cc.o[0m
[2.067s] [ 40%] [32mBuilding CXX object gmock/CMakeFiles/gmock.dir/src/gmock-all.cc.o[0m
[2.741s] In file included from [01m[K/home/jiataoding/franco_ros2_franka_ws/src/franka_ros2/franka_semantic_components/include/franka_semantic_components/franka_robot_model.hpp:23[m[K,
[2.741s]                  from [01m[K/home/jiataoding/franco_ros2_franka_ws/src/franka_ros2/franka_semantic_components/src/franka_robot_model.cpp:15[m[K:
[2.741s] [01m[K/home/jiataoding/franco_ros2_franka_ws/src/install/franka_hardware/include/franka_hardware/model.hpp:[m[K In member function ‘[01m[Kstd::array<double, 7> franka_hardware::Model::coriolis(const std::array<double, 7>&, const std::array<double, 7>&, const std::array<double, 9>&, double, const std::array<double, 3>&) const[m[K’:
[2.741s] [01m[K/home/jiataoding/franco_ros2_franka_ws/src/install/franka_hardware/include/franka_hardware/model.hpp:141:28:[m[K [01;35m[Kwarning: [m[K‘[01m[Kstd::array<double, 7> franka::Model::coriolis(const std::array<double, 7>&, const std::array<double, 7>&, const std::array<double, 9>&, double, const std::array<double, 3>&) const[m[K’ is deprecated: Use coriolis(q, dq, i_total, m_total, f_x_ctotal, g_earth) instead [[01;35m[K]8;;https://gcc.gnu.org/onlinedocs/gcc/Warning-Options.html#index-Wdeprecated-declarations-Wdeprecated-declarations]8;;[m[K]
[2.741s]   141 |     return [01;35m[Kmodel_->coriolis(q, dq, I_total, m_total, F_x_Ctotal)[m[K;
[2.741s]       |            [01;35m[K~~~~~~~~~~~~~~~~^~~~~~~~~~~~~~~~~~~~~~~~~~~~~~~~~~~~~[m[K
[2.741s] In file included from [01m[K/home/jiataoding/franco_ros2_franka_ws/src/install/franka_hardware/include/franka_hardware/model.hpp:19[m[K,
[2.741s]                  from [01m[K/home/jiataoding/franco_ros2_franka_ws/src/franka_ros2/franka_semantic_components/include/franka_semantic_components/franka_robot_model.hpp:23[m[K,
[2.741s]                  from [01m[K/home/jiataoding/franco_ros2_franka_ws/src/franka_ros2/franka_semantic_components/src/franka_robot_model.cpp:15[m[K:
[2.741s] [01m[K/usr/include/franka/model.h:251:3:[m[K [01;36m[Knote: [m[Kdeclared here
[2.741s]   251 |   [01;36m[Kcoriolis[m[K(const std::array<double, 7>& q,
[2.741s]       |   [01;36m[K^~~~~~~~[m[K
[2.956s] [ 45%] [32m[1mLinking CXX static library libgmock_main.a[0m
[3.052s] [ 45%] Built target gmock_main
[3.854s] [ 50%] [32m[1mLinking CXX shared library libfranka_semantic_components.so[0m
[3.992s] [ 50%] Built target franka_semantic_components
[7.324s] [ 54%] [32m[1mLinking CXX static library libgmock.a[0m
[7.440s] [ 54%] Built target gmock
[7.473s] [ 59%] [32mBuilding CXX object CMakeFiles/franka_cartesian_pose_interface_test.dir/test/franka_cartesian_pose_interface_test.cpp.o[0m
[7.474s] [ 63%] [32mBuilding CXX object CMakeFiles/franka_semantic_component_interface_test.dir/test/franka_semantic_interface_test.cpp.o[0m
[7.475s] [ 68%] [32mBuilding CXX object CMakeFiles/test_franka_robot_state.dir/test/franka_robot_state_test.cpp.o[0m
[7.479s] [ 72%] [32mBuilding CXX object CMakeFiles/test_franka_robot_model.dir/test/franka_robot_model_test.cpp.o[0m
[7.480s] [ 77%] [32mBuilding CXX object CMakeFiles/franka_cartesian_velocity_interface_test.dir/test/franka_cartesian_velocity_interface_test.cpp.o[0m
[8.062s] In file included from [01m[K/home/jiataoding/franco_ros2_franka_ws/src/franka_ros2/franka_semantic_components/include/franka_semantic_components/franka_robot_model.hpp:23[m[K,
[8.062s]                  from [01m[K/home/jiataoding/franco_ros2_franka_ws/src/franka_ros2/franka_semantic_components/test/franka_robot_model_test.hpp:24[m[K,
[8.062s]                  from [01m[K/home/jiataoding/franco_ros2_franka_ws/src/franka_ros2/franka_semantic_components/test/franka_robot_model_test.cpp:15[m[K:
[8.062s] [01m[K/home/jiataoding/franco_ros2_franka_ws/src/install/franka_hardware/include/franka_hardware/model.hpp:[m[K In member function ‘[01m[Kstd::array<double, 7> franka_hardware::Model::coriolis(const std::array<double, 7>&, const std::array<double, 7>&, const std::array<double, 9>&, double, const std::array<double, 3>&) const[m[K’:
[8.062s] [01m[K/home/jiataoding/franco_ros2_franka_ws/src/install/franka_hardware/include/franka_hardware/model.hpp:141:28:[m[K [01;35m[Kwarning: [m[K‘[01m[Kstd::array<double, 7> franka::Model::coriolis(const std::array<double, 7>&, const std::array<double, 7>&, const std::array<double, 9>&, double, const std::array<double, 3>&) const[m[K’ is deprecated: Use coriolis(q, dq, i_total, m_total, f_x_ctotal, g_earth) instead [[01;35m[K]8;;https://gcc.gnu.org/onlinedocs/gcc/Warning-Options.html#index-Wdeprecated-declarations-Wdeprecated-declarations]8;;[m[K]
[8.062s]   141 |     return [01;35m[Kmodel_->coriolis(q, dq, I_total, m_total, F_x_Ctotal)[m[K;
[8.062s]       |            [01;35m[K~~~~~~~~~~~~~~~~^~~~~~~~~~~~~~~~~~~~~~~~~~~~~~~~~~~~~[m[K
[8.062s] In file included from [01m[K/home/jiataoding/franco_ros2_franka_ws/src/franka_ros2/franka_semantic_components/test/franka_robot_model_test.hpp:22[m[K,
[8.062s]                  from [01m[K/home/jiataoding/franco_ros2_franka_ws/src/franka_ros2/franka_semantic_components/test/franka_robot_model_test.cpp:15[m[K:
[8.062s] [01m[K/usr/include/franka/model.h:251:3:[m[K [01;36m[Knote: [m[Kdeclared here
[8.062s]   251 |   [01;36m[Kcoriolis[m[K(const std::array<double, 7>& q,
[8.062s]       |   [01;36m[K^~~~~~~~[m[K
[9.494s] [ 81%] [32m[1mLinking CXX executable franka_semantic_component_interface_test[0m
[9.667s] [ 81%] Built target franka_semantic_component_interface_test
[9.740s] [ 86%] [32m[1mLinking CXX executable franka_cartesian_velocity_interface_test[0m
[9.788s] [ 90%] [32m[1mLinking CXX executable test_franka_robot_state[0m
[9.918s] [ 90%] Built target franka_cartesian_velocity_interface_test
[9.962s] [ 90%] Built target test_franka_robot_state
[10.067s] [ 95%] [32m[1mLinking CXX executable franka_cartesian_pose_interface_test[0m
[10.248s] [ 95%] Built target franka_cartesian_pose_interface_test
[10.399s] [100%] [32m[1mLinking CXX executable test_franka_robot_model[0m
[10.600s] [100%] Built target test_franka_robot_model
[10.620s] Invoked command in '/home/jiataoding/franco_ros2_franka_ws/src/build/franka_semantic_components' returned '0': AMENT_PREFIX_PATH=/home/jiataoding/franco_ros2_franka_ws/src/install/franka_hardware:/home/jiataoding/franco_ros2_franka_ws/src/install/franka_msgs:${AMENT_PREFIX_PATH} CMAKE_PREFIX_PATH=/home/jiataoding/franco_ros2_franka_ws/src/install/franka_hardware:/home/jiataoding/franco_ros2_franka_ws/src/install/franka_msgs:/home/jiataoding/ros2_franka_ws/install/joint_impedance_controller:/home/jiataoding/ros2_franka_ws/install/integration_launch_testing:/home/jiataoding/ros2_franka_ws/install/idra_franka_launch:/home/jiataoding/ros2_franka_ws/install/gravity_compensation:/home/jiataoding/ros2_franka_ws/install/franka_task_pipeline:/home/jiataoding/ros2_franka_ws/install/franka_ros2:/home/jiataoding/ros2_franka_ws/install/franka_bringup:/home/jiataoding/ros2_franka_ws/install/franka_robot_state_broadcaster:/home/jiataoding/ros2_franka_ws/install/franka_example_controllers:/home/jiataoding/ros2_franka_ws/install/franka_semantic_components:/home/jiataoding/ros2_franka_ws/install/franka_gazebo_bringup:/home/jiataoding/ros2_franka_ws/install/franka_ign_ros2_control:/home/jiataoding/ros2_franka_ws/install/franka_fr3_moveit_config:/home/jiataoding/ros2_franka_ws/install/franka_hardware:/home/jiataoding/ros2_franka_ws/install/franka_gripper:/home/jiataoding/ros2_franka_ws/install/franka_msgs:/home/jiataoding/ros2_franka_ws/install/franka_description:/home/jiataoding/ros2_franka_ws/install/cartesian_impedance_controller:/opt/ros/humble:/home/jiataoding/ros2_franka_ws/install/effort_controller_base:/home/jiataoding/ros2_franka_ws/install/debug_msg:/home/jiataoding/franco_ros2_franka_ws/install/joint_impedance_controller:/home/jiataoding/franco_ros2_franka_ws/install/integration_launch_testing:/home/jiataoding/franco_ros2_franka_ws/install/idra_franka_launch:/home/jiataoding/franco_ros2_franka_ws/install/gravity_compensation:/home/jiataoding/franco_ros2_franka_ws/install/franka_task_pipeline:/home/jiataoding/franco_ros2_franka_ws/install/franka_ros2:/home/jiataoding/franco_ros2_franka_ws/install/franka_bringup:/home/jiataoding/franco_ros2_franka_ws/install/franka_robot_state_broadcaster:/home/jiataoding/franco_ros2_franka_ws/install/franka_example_controllers:/home/jiataoding/franco_ros2_franka_ws/install/franka_semantic_components:/home/jiataoding/franco_ros2_franka_ws/install/franka_gazebo_bringup:/home/jiataoding/franco_ros2_franka_ws/install/franka_ign_ros2_control:/home/jiataoding/franco_ros2_franka_ws/install/franka_fr3_moveit_config:/home/jiataoding/franco_ros2_franka_ws/install/franka_hardware:/home/jiataoding/franco_ros2_franka_ws/install/franka_gripper:/home/jiataoding/franco_ros2_franka_ws/install/franka_msgs:/home/jiataoding/franco_ros2_franka_ws/install/franka_description:/home/jiataoding/franco_ros2_franka_ws/install/cartesian_impedance_controller:/home/jiataoding/franco_ros2_franka_ws/install/effort_controller_base:/home/jiataoding/franco_ros2_franka_ws/install/debug_msg:/opt/openrobots LD_LIBRARY_PATH=/home/jiataoding/franco_ros2_franka_ws/src/install/franka_hardware/lib:/home/jiataoding/franco_ros2_franka_ws/src/install/franka_msgs/lib:${LD_LIBRARY_PATH} PYTHONPATH=/home/jiataoding/franco_ros2_franka_ws/src/install/franka_msgs/local/lib/python3.10/dist-packages:${PYTHONPATH} /usr/bin/cmake --build /home/jiataoding/franco_ros2_franka_ws/src/build/franka_semantic_components -- -j24 -l24
[10.621s] Invoking command in '/home/jiataoding/franco_ros2_franka_ws/src/build/franka_semantic_components': AMENT_PREFIX_PATH=/home/jiataoding/franco_ros2_franka_ws/src/install/franka_hardware:/home/jiataoding/franco_ros2_franka_ws/src/install/franka_msgs:${AMENT_PREFIX_PATH} CMAKE_PREFIX_PATH=/home/jiataoding/franco_ros2_franka_ws/src/install/franka_hardware:/home/jiataoding/franco_ros2_franka_ws/src/install/franka_msgs:/home/jiataoding/ros2_franka_ws/install/joint_impedance_controller:/home/jiataoding/ros2_franka_ws/install/integration_launch_testing:/home/jiataoding/ros2_franka_ws/install/idra_franka_launch:/home/jiataoding/ros2_franka_ws/install/gravity_compensation:/home/jiataoding/ros2_franka_ws/install/franka_task_pipeline:/home/jiataoding/ros2_franka_ws/install/franka_ros2:/home/jiataoding/ros2_franka_ws/install/franka_bringup:/home/jiataoding/ros2_franka_ws/install/franka_robot_state_broadcaster:/home/jiataoding/ros2_franka_ws/install/franka_example_controllers:/home/jiataoding/ros2_franka_ws/install/franka_semantic_components:/home/jiataoding/ros2_franka_ws/install/franka_gazebo_bringup:/home/jiataoding/ros2_franka_ws/install/franka_ign_ros2_control:/home/jiataoding/ros2_franka_ws/install/franka_fr3_moveit_config:/home/jiataoding/ros2_franka_ws/install/franka_hardware:/home/jiataoding/ros2_franka_ws/install/franka_gripper:/home/jiataoding/ros2_franka_ws/install/franka_msgs:/home/jiataoding/ros2_franka_ws/install/franka_description:/home/jiataoding/ros2_franka_ws/install/cartesian_impedance_controller:/opt/ros/humble:/home/jiataoding/ros2_franka_ws/install/effort_controller_base:/home/jiataoding/ros2_franka_ws/install/debug_msg:/home/jiataoding/franco_ros2_franka_ws/install/joint_impedance_controller:/home/jiataoding/franco_ros2_franka_ws/install/integration_launch_testing:/home/jiataoding/franco_ros2_franka_ws/install/idra_franka_launch:/home/jiataoding/franco_ros2_franka_ws/install/gravity_compensation:/home/jiataoding/franco_ros2_franka_ws/install/franka_task_pipeline:/home/jiataoding/franco_ros2_franka_ws/install/franka_ros2:/home/jiataoding/franco_ros2_franka_ws/install/franka_bringup:/home/jiataoding/franco_ros2_franka_ws/install/franka_robot_state_broadcaster:/home/jiataoding/franco_ros2_franka_ws/install/franka_example_controllers:/home/jiataoding/franco_ros2_franka_ws/install/franka_semantic_components:/home/jiataoding/franco_ros2_franka_ws/install/franka_gazebo_bringup:/home/jiataoding/franco_ros2_franka_ws/install/franka_ign_ros2_control:/home/jiataoding/franco_ros2_franka_ws/install/franka_fr3_moveit_config:/home/jiataoding/franco_ros2_franka_ws/install/franka_hardware:/home/jiataoding/franco_ros2_franka_ws/install/franka_gripper:/home/jiataoding/franco_ros2_franka_ws/install/franka_msgs:/home/jiataoding/franco_ros2_franka_ws/install/franka_description:/home/jiataoding/franco_ros2_franka_ws/install/cartesian_impedance_controller:/home/jiataoding/franco_ros2_franka_ws/install/effort_controller_base:/home/jiataoding/franco_ros2_franka_ws/install/debug_msg:/opt/openrobots LD_LIBRARY_PATH=/home/jiataoding/franco_ros2_franka_ws/src/install/franka_hardware/lib:/home/jiataoding/franco_ros2_franka_ws/src/install/franka_msgs/lib:${LD_LIBRARY_PATH} PYTHONPATH=/home/jiataoding/franco_ros2_franka_ws/src/install/franka_msgs/local/lib/python3.10/dist-packages:${PYTHONPATH} /usr/bin/cmake --install /home/jiataoding/franco_ros2_franka_ws/src/build/franka_semantic_components
[10.637s] -- Install configuration: "Release"
[10.638s] -- Execute custom install script
[10.638s] -- Symlinking: /home/jiataoding/franco_ros2_franka_ws/src/install/franka_semantic_components/lib/libfranka_semantic_components.so
[10.660s] -- Symlinking: /home/jiataoding/franco_ros2_franka_ws/src/install/franka_semantic_components/include/franka_semantic_components/franka_cartesian_pose_interface.hpp
[10.676s] -- Symlinking: /home/jiataoding/franco_ros2_franka_ws/src/install/franka_semantic_components/include/franka_semantic_components/franka_cartesian_velocity_interface.hpp
[10.694s] -- Symlinking: /home/jiataoding/franco_ros2_franka_ws/src/install/franka_semantic_components/include/franka_semantic_components/franka_robot_model.hpp
[10.709s] -- Symlinking: /home/jiataoding/franco_ros2_franka_ws/src/install/franka_semantic_components/include/franka_semantic_components/franka_robot_state.hpp
[10.725s] -- Symlinking: /home/jiataoding/franco_ros2_franka_ws/src/install/franka_semantic_components/include/franka_semantic_components/franka_semantic_component_interface.hpp
[10.740s] -- Symlinking: /home/jiataoding/franco_ros2_franka_ws/src/install/franka_semantic_components/share/franka_semantic_components/robot_description_test.txt
[10.760s] -- Symlinking: /home/jiataoding/franco_ros2_franka_ws/src/install/franka_semantic_components/share/franka_semantic_components/environment/library_path.sh
[10.780s] -- Symlinking: /home/jiataoding/franco_ros2_franka_ws/src/install/franka_semantic_components/share/franka_semantic_components/environment/library_path.dsv
[10.799s] -- Symlinking: /home/jiataoding/franco_ros2_franka_ws/src/install/franka_semantic_components/share/ament_index/resource_index/package_run_dependencies/franka_semantic_components
[10.814s] -- Symlinking: /home/jiataoding/franco_ros2_franka_ws/src/install/franka_semantic_components/share/ament_index/resource_index/parent_prefix_path/franka_semantic_components
[10.833s] -- Symlinking: /home/jiataoding/franco_ros2_franka_ws/src/install/franka_semantic_components/share/franka_semantic_components/environment/ament_prefix_path.sh
[10.853s] -- Symlinking: /home/jiataoding/franco_ros2_franka_ws/src/install/franka_semantic_components/share/franka_semantic_components/environment/ament_prefix_path.dsv
[10.873s] -- Symlinking: /home/jiataoding/franco_ros2_franka_ws/src/install/franka_semantic_components/share/franka_semantic_components/environment/path.sh
[10.892s] -- Symlinking: /home/jiataoding/franco_ros2_franka_ws/src/install/franka_semantic_components/share/franka_semantic_components/environment/path.dsv
[10.909s] -- Symlinking: /home/jiataoding/franco_ros2_franka_ws/src/install/franka_semantic_components/share/franka_semantic_components/local_setup.bash
[10.922s] -- Symlinking: /home/jiataoding/franco_ros2_franka_ws/src/install/franka_semantic_components/share/franka_semantic_components/local_setup.sh
[10.937s] -- Symlinking: /home/jiataoding/franco_ros2_franka_ws/src/install/franka_semantic_components/share/franka_semantic_components/local_setup.zsh
[10.955s] -- Symlinking: /home/jiataoding/franco_ros2_franka_ws/src/install/franka_semantic_components/share/franka_semantic_components/local_setup.dsv
[10.970s] -- Symlinking: /home/jiataoding/franco_ros2_franka_ws/src/install/franka_semantic_components/share/franka_semantic_components/package.dsv
[10.989s] -- Symlinking: /home/jiataoding/franco_ros2_franka_ws/src/install/franka_semantic_components/share/ament_index/resource_index/packages/franka_semantic_components
[11.008s] -- Symlinking: /home/jiataoding/franco_ros2_franka_ws/src/install/franka_semantic_components/share/franka_semantic_components/cmake/ament_cmake_export_include_directories-extras.cmake
[11.023s] -- Symlinking: /home/jiataoding/franco_ros2_franka_ws/src/install/franka_semantic_components/share/franka_semantic_components/cmake/ament_cmake_export_libraries-extras.cmake
[11.039s] -- Symlinking: /home/jiataoding/franco_ros2_franka_ws/src/install/franka_semantic_components/share/franka_semantic_components/cmake/ament_cmake_export_dependencies-extras.cmake
[11.058s] -- Symlinking: /home/jiataoding/franco_ros2_franka_ws/src/install/franka_semantic_components/share/franka_semantic_components/cmake/franka_semantic_componentsConfig.cmake
[11.080s] -- Symlinking: /home/jiataoding/franco_ros2_franka_ws/src/install/franka_semantic_components/share/franka_semantic_components/cmake/franka_semantic_componentsConfig-version.cmake
[11.100s] -- Symlinking: /home/jiataoding/franco_ros2_franka_ws/src/install/franka_semantic_components/share/franka_semantic_components/package.xml
[11.119s] Invoked command in '/home/jiataoding/franco_ros2_franka_ws/src/build/franka_semantic_components' returned '0': AMENT_PREFIX_PATH=/home/jiataoding/franco_ros2_franka_ws/src/install/franka_hardware:/home/jiataoding/franco_ros2_franka_ws/src/install/franka_msgs:${AMENT_PREFIX_PATH} CMAKE_PREFIX_PATH=/home/jiataoding/franco_ros2_franka_ws/src/install/franka_hardware:/home/jiataoding/franco_ros2_franka_ws/src/install/franka_msgs:/home/jiataoding/ros2_franka_ws/install/joint_impedance_controller:/home/jiataoding/ros2_franka_ws/install/integration_launch_testing:/home/jiataoding/ros2_franka_ws/install/idra_franka_launch:/home/jiataoding/ros2_franka_ws/install/gravity_compensation:/home/jiataoding/ros2_franka_ws/install/franka_task_pipeline:/home/jiataoding/ros2_franka_ws/install/franka_ros2:/home/jiataoding/ros2_franka_ws/install/franka_bringup:/home/jiataoding/ros2_franka_ws/install/franka_robot_state_broadcaster:/home/jiataoding/ros2_franka_ws/install/franka_example_controllers:/home/jiataoding/ros2_franka_ws/install/franka_semantic_components:/home/jiataoding/ros2_franka_ws/install/franka_gazebo_bringup:/home/jiataoding/ros2_franka_ws/install/franka_ign_ros2_control:/home/jiataoding/ros2_franka_ws/install/franka_fr3_moveit_config:/home/jiataoding/ros2_franka_ws/install/franka_hardware:/home/jiataoding/ros2_franka_ws/install/franka_gripper:/home/jiataoding/ros2_franka_ws/install/franka_msgs:/home/jiataoding/ros2_franka_ws/install/franka_description:/home/jiataoding/ros2_franka_ws/install/cartesian_impedance_controller:/opt/ros/humble:/home/jiataoding/ros2_franka_ws/install/effort_controller_base:/home/jiataoding/ros2_franka_ws/install/debug_msg:/home/jiataoding/franco_ros2_franka_ws/install/joint_impedance_controller:/home/jiataoding/franco_ros2_franka_ws/install/integration_launch_testing:/home/jiataoding/franco_ros2_franka_ws/install/idra_franka_launch:/home/jiataoding/franco_ros2_franka_ws/install/gravity_compensation:/home/jiataoding/franco_ros2_franka_ws/install/franka_task_pipeline:/home/jiataoding/franco_ros2_franka_ws/install/franka_ros2:/home/jiataoding/franco_ros2_franka_ws/install/franka_bringup:/home/jiataoding/franco_ros2_franka_ws/install/franka_robot_state_broadcaster:/home/jiataoding/franco_ros2_franka_ws/install/franka_example_controllers:/home/jiataoding/franco_ros2_franka_ws/install/franka_semantic_components:/home/jiataoding/franco_ros2_franka_ws/install/franka_gazebo_bringup:/home/jiataoding/franco_ros2_franka_ws/install/franka_ign_ros2_control:/home/jiataoding/franco_ros2_franka_ws/install/franka_fr3_moveit_config:/home/jiataoding/franco_ros2_franka_ws/install/franka_hardware:/home/jiataoding/franco_ros2_franka_ws/install/franka_gripper:/home/jiataoding/franco_ros2_franka_ws/install/franka_msgs:/home/jiataoding/franco_ros2_franka_ws/install/franka_description:/home/jiataoding/franco_ros2_franka_ws/install/cartesian_impedance_controller:/home/jiataoding/franco_ros2_franka_ws/install/effort_controller_base:/home/jiataoding/franco_ros2_franka_ws/install/debug_msg:/opt/openrobots LD_LIBRARY_PATH=/home/jiataoding/franco_ros2_franka_ws/src/install/franka_hardware/lib:/home/jiataoding/franco_ros2_franka_ws/src/install/franka_msgs/lib:${LD_LIBRARY_PATH} PYTHONPATH=/home/jiataoding/franco_ros2_franka_ws/src/install/franka_msgs/local/lib/python3.10/dist-packages:${PYTHONPATH} /usr/bin/cmake --install /home/jiataoding/franco_ros2_franka_ws/src/build/franka_semantic_components
