In file included from [01m[K/home/jiataoding/franco_ros2_franka_ws/src/franka_ros2/franka_semantic_components/include/franka_semantic_components/franka_robot_model.hpp:23[m[K,
                 from [01m[K/home/jiataoding/franco_ros2_franka_ws/src/franka_ros2/franka_semantic_components/src/franka_robot_model.cpp:15[m[K:
[01m[K/home/jiataoding/franco_ros2_franka_ws/src/install/franka_hardware/include/franka_hardware/model.hpp:[m[K In member function ‘[01m[Kstd::array<double, 7> franka_hardware::Model::coriolis(const std::array<double, 7>&, const std::array<double, 7>&, const std::array<double, 9>&, double, const std::array<double, 3>&) const[m[K’:
[01m[K/home/jiataoding/franco_ros2_franka_ws/src/install/franka_hardware/include/franka_hardware/model.hpp:141:28:[m[K [01;35m[Kwarning: [m[K‘[01m[Kstd::array<double, 7> franka::Model::coriolis(const std::array<double, 7>&, const std::array<double, 7>&, const std::array<double, 9>&, double, const std::array<double, 3>&) const[m[K’ is deprecated: Use coriolis(q, dq, i_total, m_total, f_x_ctotal, g_earth) instead [[01;35m[K]8;;https://gcc.gnu.org/onlinedocs/gcc/Warning-Options.html#index-Wdeprecated-declarations-Wdeprecated-declarations]8;;[m[K]
  141 |     return [01;35m[Kmodel_->coriolis(q, dq, I_total, m_total, F_x_Ctotal)[m[K;
      |            [01;35m[K~~~~~~~~~~~~~~~~^~~~~~~~~~~~~~~~~~~~~~~~~~~~~~~~~~~~~[m[K
In file included from [01m[K/home/jiataoding/franco_ros2_franka_ws/src/install/franka_hardware/include/franka_hardware/model.hpp:19[m[K,
                 from [01m[K/home/jiataoding/franco_ros2_franka_ws/src/franka_ros2/franka_semantic_components/include/franka_semantic_components/franka_robot_model.hpp:23[m[K,
                 from [01m[K/home/jiataoding/franco_ros2_franka_ws/src/franka_ros2/franka_semantic_components/src/franka_robot_model.cpp:15[m[K:
[01m[K/usr/include/franka/model.h:251:3:[m[K [01;36m[Knote: [m[Kdeclared here
  251 |   [01;36m[Kcoriolis[m[K(const std::array<double, 7>& q,
      |   [01;36m[K^~~~~~~~[m[K
In file included from [01m[K/home/jiataoding/franco_ros2_franka_ws/src/franka_ros2/franka_semantic_components/include/franka_semantic_components/franka_robot_model.hpp:23[m[K,
                 from [01m[K/home/jiataoding/franco_ros2_franka_ws/src/franka_ros2/franka_semantic_components/test/franka_robot_model_test.hpp:24[m[K,
                 from [01m[K/home/jiataoding/franco_ros2_franka_ws/src/franka_ros2/franka_semantic_components/test/franka_robot_model_test.cpp:15[m[K:
[01m[K/home/jiataoding/franco_ros2_franka_ws/src/install/franka_hardware/include/franka_hardware/model.hpp:[m[K In member function ‘[01m[Kstd::array<double, 7> franka_hardware::Model::coriolis(const std::array<double, 7>&, const std::array<double, 7>&, const std::array<double, 9>&, double, const std::array<double, 3>&) const[m[K’:
[01m[K/home/jiataoding/franco_ros2_franka_ws/src/install/franka_hardware/include/franka_hardware/model.hpp:141:28:[m[K [01;35m[Kwarning: [m[K‘[01m[Kstd::array<double, 7> franka::Model::coriolis(const std::array<double, 7>&, const std::array<double, 7>&, const std::array<double, 9>&, double, const std::array<double, 3>&) const[m[K’ is deprecated: Use coriolis(q, dq, i_total, m_total, f_x_ctotal, g_earth) instead [[01;35m[K]8;;https://gcc.gnu.org/onlinedocs/gcc/Warning-Options.html#index-Wdeprecated-declarations-Wdeprecated-declarations]8;;[m[K]
  141 |     return [01;35m[Kmodel_->coriolis(q, dq, I_total, m_total, F_x_Ctotal)[m[K;
      |            [01;35m[K~~~~~~~~~~~~~~~~^~~~~~~~~~~~~~~~~~~~~~~~~~~~~~~~~~~~~[m[K
In file included from [01m[K/home/jiataoding/franco_ros2_franka_ws/src/franka_ros2/franka_semantic_components/test/franka_robot_model_test.hpp:22[m[K,
                 from [01m[K/home/jiataoding/franco_ros2_franka_ws/src/franka_ros2/franka_semantic_components/test/franka_robot_model_test.cpp:15[m[K:
[01m[K/usr/include/franka/model.h:251:3:[m[K [01;36m[Knote: [m[Kdeclared here
  251 |   [01;36m[Kcoriolis[m[K(const std::array<double, 7>& q,
      |   [01;36m[K^~~~~~~~[m[K
