[0.036s] Invoking command in '/home/jiataoding/franco_ros2_franka_ws/src/build/franka_description': CMAKE_PREFIX_PATH=/home/jiataoding/ros2_franka_ws/install/joint_impedance_controller:/home/jiataoding/ros2_franka_ws/install/integration_launch_testing:/home/jiataoding/ros2_franka_ws/install/idra_franka_launch:/home/jiataoding/ros2_franka_ws/install/gravity_compensation:/home/jiataoding/ros2_franka_ws/install/franka_task_pipeline:/home/jiataoding/ros2_franka_ws/install/franka_ros2:/home/jiataoding/ros2_franka_ws/install/franka_bringup:/home/jiataoding/ros2_franka_ws/install/franka_robot_state_broadcaster:/home/jiataoding/ros2_franka_ws/install/franka_example_controllers:/home/jiataoding/ros2_franka_ws/install/franka_semantic_components:/home/jiataoding/ros2_franka_ws/install/franka_gazebo_bringup:/home/jiataoding/ros2_franka_ws/install/franka_ign_ros2_control:/home/jiataoding/ros2_franka_ws/install/franka_fr3_moveit_config:/home/jiataoding/ros2_franka_ws/install/franka_hardware:/home/jiataoding/ros2_franka_ws/install/franka_gripper:/home/jiataoding/ros2_franka_ws/install/franka_msgs:/home/jiataoding/ros2_franka_ws/install/franka_description:/home/jiataoding/ros2_franka_ws/install/cartesian_impedance_controller:/opt/ros/humble:/home/jiataoding/ros2_franka_ws/install/effort_controller_base:/home/jiataoding/ros2_franka_ws/install/debug_msg:/home/jiataoding/franco_ros2_franka_ws/install/joint_impedance_controller:/home/jiataoding/franco_ros2_franka_ws/install/integration_launch_testing:/home/jiataoding/franco_ros2_franka_ws/install/idra_franka_launch:/home/jiataoding/franco_ros2_franka_ws/install/gravity_compensation:/home/jiataoding/franco_ros2_franka_ws/install/franka_task_pipeline:/home/jiataoding/franco_ros2_franka_ws/install/franka_ros2:/home/jiataoding/franco_ros2_franka_ws/install/franka_bringup:/home/jiataoding/franco_ros2_franka_ws/install/franka_robot_state_broadcaster:/home/jiataoding/franco_ros2_franka_ws/install/franka_example_controllers:/home/jiataoding/franco_ros2_franka_ws/install/franka_semantic_components:/home/jiataoding/franco_ros2_franka_ws/install/franka_gazebo_bringup:/home/jiataoding/franco_ros2_franka_ws/install/franka_ign_ros2_control:/home/jiataoding/franco_ros2_franka_ws/install/franka_fr3_moveit_config:/home/jiataoding/franco_ros2_franka_ws/install/franka_hardware:/home/jiataoding/franco_ros2_franka_ws/install/franka_gripper:/home/jiataoding/franco_ros2_franka_ws/install/franka_msgs:/home/jiataoding/franco_ros2_franka_ws/install/franka_description:/home/jiataoding/franco_ros2_franka_ws/install/cartesian_impedance_controller:/home/jiataoding/franco_ros2_franka_ws/install/effort_controller_base:/home/jiataoding/franco_ros2_franka_ws/install/debug_msg:/opt/openrobots: /usr/bin/cmake /home/jiataoding/franco_ros2_franka_ws/src/franka_description -DCMAKE_BUILD_TYPE=Release -DAMENT_CMAKE_SYMLINK_INSTALL=1 -DCMAKE_INSTALL_PREFIX=/home/jiataoding/franco_ros2_franka_ws/src/install/franka_description
[0.117s] -- The C compiler identification is GNU 11.4.0
[0.181s] -- The CXX compiler identification is GNU 11.4.0
[0.191s] -- Detecting C compiler ABI info
[0.294s] -- Detecting C compiler ABI info - done
[0.302s] -- Check for working C compiler: /usr/bin/cc - skipped
[0.302s] -- Detecting C compile features
[0.303s] -- Detecting C compile features - done
[0.305s] -- Detecting CXX compiler ABI info
[0.420s] -- Detecting CXX compiler ABI info - done
[0.427s] -- Check for working CXX compiler: /usr/bin/c++ - skipped
[0.428s] -- Detecting CXX compile features
[0.428s] -- Detecting CXX compile features - done
[0.434s] -- Found ament_cmake: 1.3.12 (/opt/ros/humble/share/ament_cmake/cmake)
[0.591s] -- Found Python3: /usr/bin/python3 (found version "3.10.12") found components: Interpreter 
[0.646s] -- Override CMake install command with custom implementation using symlinks instead of copying resources
[0.724s] -- Found ament_lint_auto: 0.12.14 (/opt/ros/humble/share/ament_lint_auto/cmake)
[1.682s] -- Added test 'copyright' to check source files copyright and LICENSE
[1.715s] -- Added test 'flake8' to check Python code syntax and style conventions
[1.718s] -- Added test 'lint_cmake' to check CMake code style
[1.720s] -- Added test 'pep257' to check Python code against some of the docstring style conventions in PEP 257
[1.734s] -- Added test 'xmllint' to check XML markup files
[1.736s] -- Configuring done
[1.740s] -- Generating done
[1.741s] -- Build files have been written to: /home/jiataoding/franco_ros2_franka_ws/src/build/franka_description
[1.747s] Invoked command in '/home/jiataoding/franco_ros2_franka_ws/src/build/franka_description' returned '0': CMAKE_PREFIX_PATH=/home/jiataoding/ros2_franka_ws/install/joint_impedance_controller:/home/jiataoding/ros2_franka_ws/install/integration_launch_testing:/home/jiataoding/ros2_franka_ws/install/idra_franka_launch:/home/jiataoding/ros2_franka_ws/install/gravity_compensation:/home/jiataoding/ros2_franka_ws/install/franka_task_pipeline:/home/jiataoding/ros2_franka_ws/install/franka_ros2:/home/jiataoding/ros2_franka_ws/install/franka_bringup:/home/jiataoding/ros2_franka_ws/install/franka_robot_state_broadcaster:/home/jiataoding/ros2_franka_ws/install/franka_example_controllers:/home/jiataoding/ros2_franka_ws/install/franka_semantic_components:/home/jiataoding/ros2_franka_ws/install/franka_gazebo_bringup:/home/jiataoding/ros2_franka_ws/install/franka_ign_ros2_control:/home/jiataoding/ros2_franka_ws/install/franka_fr3_moveit_config:/home/jiataoding/ros2_franka_ws/install/franka_hardware:/home/jiataoding/ros2_franka_ws/install/franka_gripper:/home/jiataoding/ros2_franka_ws/install/franka_msgs:/home/jiataoding/ros2_franka_ws/install/franka_description:/home/jiataoding/ros2_franka_ws/install/cartesian_impedance_controller:/opt/ros/humble:/home/jiataoding/ros2_franka_ws/install/effort_controller_base:/home/jiataoding/ros2_franka_ws/install/debug_msg:/home/jiataoding/franco_ros2_franka_ws/install/joint_impedance_controller:/home/jiataoding/franco_ros2_franka_ws/install/integration_launch_testing:/home/jiataoding/franco_ros2_franka_ws/install/idra_franka_launch:/home/jiataoding/franco_ros2_franka_ws/install/gravity_compensation:/home/jiataoding/franco_ros2_franka_ws/install/franka_task_pipeline:/home/jiataoding/franco_ros2_franka_ws/install/franka_ros2:/home/jiataoding/franco_ros2_franka_ws/install/franka_bringup:/home/jiataoding/franco_ros2_franka_ws/install/franka_robot_state_broadcaster:/home/jiataoding/franco_ros2_franka_ws/install/franka_example_controllers:/home/jiataoding/franco_ros2_franka_ws/install/franka_semantic_components:/home/jiataoding/franco_ros2_franka_ws/install/franka_gazebo_bringup:/home/jiataoding/franco_ros2_franka_ws/install/franka_ign_ros2_control:/home/jiataoding/franco_ros2_franka_ws/install/franka_fr3_moveit_config:/home/jiataoding/franco_ros2_franka_ws/install/franka_hardware:/home/jiataoding/franco_ros2_franka_ws/install/franka_gripper:/home/jiataoding/franco_ros2_franka_ws/install/franka_msgs:/home/jiataoding/franco_ros2_franka_ws/install/franka_description:/home/jiataoding/franco_ros2_franka_ws/install/cartesian_impedance_controller:/home/jiataoding/franco_ros2_franka_ws/install/effort_controller_base:/home/jiataoding/franco_ros2_franka_ws/install/debug_msg:/opt/openrobots: /usr/bin/cmake /home/jiataoding/franco_ros2_franka_ws/src/franka_description -DCMAKE_BUILD_TYPE=Release -DAMENT_CMAKE_SYMLINK_INSTALL=1 -DCMAKE_INSTALL_PREFIX=/home/jiataoding/franco_ros2_franka_ws/src/install/franka_description
[1.748s] Invoking command in '/home/jiataoding/franco_ros2_franka_ws/src/build/franka_description': CMAKE_PREFIX_PATH=/home/jiataoding/ros2_franka_ws/install/joint_impedance_controller:/home/jiataoding/ros2_franka_ws/install/integration_launch_testing:/home/jiataoding/ros2_franka_ws/install/idra_franka_launch:/home/jiataoding/ros2_franka_ws/install/gravity_compensation:/home/jiataoding/ros2_franka_ws/install/franka_task_pipeline:/home/jiataoding/ros2_franka_ws/install/franka_ros2:/home/jiataoding/ros2_franka_ws/install/franka_bringup:/home/jiataoding/ros2_franka_ws/install/franka_robot_state_broadcaster:/home/jiataoding/ros2_franka_ws/install/franka_example_controllers:/home/jiataoding/ros2_franka_ws/install/franka_semantic_components:/home/jiataoding/ros2_franka_ws/install/franka_gazebo_bringup:/home/jiataoding/ros2_franka_ws/install/franka_ign_ros2_control:/home/jiataoding/ros2_franka_ws/install/franka_fr3_moveit_config:/home/jiataoding/ros2_franka_ws/install/franka_hardware:/home/jiataoding/ros2_franka_ws/install/franka_gripper:/home/jiataoding/ros2_franka_ws/install/franka_msgs:/home/jiataoding/ros2_franka_ws/install/franka_description:/home/jiataoding/ros2_franka_ws/install/cartesian_impedance_controller:/opt/ros/humble:/home/jiataoding/ros2_franka_ws/install/effort_controller_base:/home/jiataoding/ros2_franka_ws/install/debug_msg:/home/jiataoding/franco_ros2_franka_ws/install/joint_impedance_controller:/home/jiataoding/franco_ros2_franka_ws/install/integration_launch_testing:/home/jiataoding/franco_ros2_franka_ws/install/idra_franka_launch:/home/jiataoding/franco_ros2_franka_ws/install/gravity_compensation:/home/jiataoding/franco_ros2_franka_ws/install/franka_task_pipeline:/home/jiataoding/franco_ros2_franka_ws/install/franka_ros2:/home/jiataoding/franco_ros2_franka_ws/install/franka_bringup:/home/jiataoding/franco_ros2_franka_ws/install/franka_robot_state_broadcaster:/home/jiataoding/franco_ros2_franka_ws/install/franka_example_controllers:/home/jiataoding/franco_ros2_franka_ws/install/franka_semantic_components:/home/jiataoding/franco_ros2_franka_ws/install/franka_gazebo_bringup:/home/jiataoding/franco_ros2_franka_ws/install/franka_ign_ros2_control:/home/jiataoding/franco_ros2_franka_ws/install/franka_fr3_moveit_config:/home/jiataoding/franco_ros2_franka_ws/install/franka_hardware:/home/jiataoding/franco_ros2_franka_ws/install/franka_gripper:/home/jiataoding/franco_ros2_franka_ws/install/franka_msgs:/home/jiataoding/franco_ros2_franka_ws/install/franka_description:/home/jiataoding/franco_ros2_franka_ws/install/cartesian_impedance_controller:/home/jiataoding/franco_ros2_franka_ws/install/effort_controller_base:/home/jiataoding/franco_ros2_franka_ws/install/debug_msg:/opt/openrobots: /usr/bin/cmake --build /home/jiataoding/franco_ros2_franka_ws/src/build/franka_description -- -j24 -l24
[1.805s] Invoked command in '/home/jiataoding/franco_ros2_franka_ws/src/build/franka_description' returned '0': CMAKE_PREFIX_PATH=/home/jiataoding/ros2_franka_ws/install/joint_impedance_controller:/home/jiataoding/ros2_franka_ws/install/integration_launch_testing:/home/jiataoding/ros2_franka_ws/install/idra_franka_launch:/home/jiataoding/ros2_franka_ws/install/gravity_compensation:/home/jiataoding/ros2_franka_ws/install/franka_task_pipeline:/home/jiataoding/ros2_franka_ws/install/franka_ros2:/home/jiataoding/ros2_franka_ws/install/franka_bringup:/home/jiataoding/ros2_franka_ws/install/franka_robot_state_broadcaster:/home/jiataoding/ros2_franka_ws/install/franka_example_controllers:/home/jiataoding/ros2_franka_ws/install/franka_semantic_components:/home/jiataoding/ros2_franka_ws/install/franka_gazebo_bringup:/home/jiataoding/ros2_franka_ws/install/franka_ign_ros2_control:/home/jiataoding/ros2_franka_ws/install/franka_fr3_moveit_config:/home/jiataoding/ros2_franka_ws/install/franka_hardware:/home/jiataoding/ros2_franka_ws/install/franka_gripper:/home/jiataoding/ros2_franka_ws/install/franka_msgs:/home/jiataoding/ros2_franka_ws/install/franka_description:/home/jiataoding/ros2_franka_ws/install/cartesian_impedance_controller:/opt/ros/humble:/home/jiataoding/ros2_franka_ws/install/effort_controller_base:/home/jiataoding/ros2_franka_ws/install/debug_msg:/home/jiataoding/franco_ros2_franka_ws/install/joint_impedance_controller:/home/jiataoding/franco_ros2_franka_ws/install/integration_launch_testing:/home/jiataoding/franco_ros2_franka_ws/install/idra_franka_launch:/home/jiataoding/franco_ros2_franka_ws/install/gravity_compensation:/home/jiataoding/franco_ros2_franka_ws/install/franka_task_pipeline:/home/jiataoding/franco_ros2_franka_ws/install/franka_ros2:/home/jiataoding/franco_ros2_franka_ws/install/franka_bringup:/home/jiataoding/franco_ros2_franka_ws/install/franka_robot_state_broadcaster:/home/jiataoding/franco_ros2_franka_ws/install/franka_example_controllers:/home/jiataoding/franco_ros2_franka_ws/install/franka_semantic_components:/home/jiataoding/franco_ros2_franka_ws/install/franka_gazebo_bringup:/home/jiataoding/franco_ros2_franka_ws/install/franka_ign_ros2_control:/home/jiataoding/franco_ros2_franka_ws/install/franka_fr3_moveit_config:/home/jiataoding/franco_ros2_franka_ws/install/franka_hardware:/home/jiataoding/franco_ros2_franka_ws/install/franka_gripper:/home/jiataoding/franco_ros2_franka_ws/install/franka_msgs:/home/jiataoding/franco_ros2_franka_ws/install/franka_description:/home/jiataoding/franco_ros2_franka_ws/install/cartesian_impedance_controller:/home/jiataoding/franco_ros2_franka_ws/install/effort_controller_base:/home/jiataoding/franco_ros2_franka_ws/install/debug_msg:/opt/openrobots: /usr/bin/cmake --build /home/jiataoding/franco_ros2_franka_ws/src/build/franka_description -- -j24 -l24
[1.807s] Invoking command in '/home/jiataoding/franco_ros2_franka_ws/src/build/franka_description': CMAKE_PREFIX_PATH=/home/jiataoding/ros2_franka_ws/install/joint_impedance_controller:/home/jiataoding/ros2_franka_ws/install/integration_launch_testing:/home/jiataoding/ros2_franka_ws/install/idra_franka_launch:/home/jiataoding/ros2_franka_ws/install/gravity_compensation:/home/jiataoding/ros2_franka_ws/install/franka_task_pipeline:/home/jiataoding/ros2_franka_ws/install/franka_ros2:/home/jiataoding/ros2_franka_ws/install/franka_bringup:/home/jiataoding/ros2_franka_ws/install/franka_robot_state_broadcaster:/home/jiataoding/ros2_franka_ws/install/franka_example_controllers:/home/jiataoding/ros2_franka_ws/install/franka_semantic_components:/home/jiataoding/ros2_franka_ws/install/franka_gazebo_bringup:/home/jiataoding/ros2_franka_ws/install/franka_ign_ros2_control:/home/jiataoding/ros2_franka_ws/install/franka_fr3_moveit_config:/home/jiataoding/ros2_franka_ws/install/franka_hardware:/home/jiataoding/ros2_franka_ws/install/franka_gripper:/home/jiataoding/ros2_franka_ws/install/franka_msgs:/home/jiataoding/ros2_franka_ws/install/franka_description:/home/jiataoding/ros2_franka_ws/install/cartesian_impedance_controller:/opt/ros/humble:/home/jiataoding/ros2_franka_ws/install/effort_controller_base:/home/jiataoding/ros2_franka_ws/install/debug_msg:/home/jiataoding/franco_ros2_franka_ws/install/joint_impedance_controller:/home/jiataoding/franco_ros2_franka_ws/install/integration_launch_testing:/home/jiataoding/franco_ros2_franka_ws/install/idra_franka_launch:/home/jiataoding/franco_ros2_franka_ws/install/gravity_compensation:/home/jiataoding/franco_ros2_franka_ws/install/franka_task_pipeline:/home/jiataoding/franco_ros2_franka_ws/install/franka_ros2:/home/jiataoding/franco_ros2_franka_ws/install/franka_bringup:/home/jiataoding/franco_ros2_franka_ws/install/franka_robot_state_broadcaster:/home/jiataoding/franco_ros2_franka_ws/install/franka_example_controllers:/home/jiataoding/franco_ros2_franka_ws/install/franka_semantic_components:/home/jiataoding/franco_ros2_franka_ws/install/franka_gazebo_bringup:/home/jiataoding/franco_ros2_franka_ws/install/franka_ign_ros2_control:/home/jiataoding/franco_ros2_franka_ws/install/franka_fr3_moveit_config:/home/jiataoding/franco_ros2_franka_ws/install/franka_hardware:/home/jiataoding/franco_ros2_franka_ws/install/franka_gripper:/home/jiataoding/franco_ros2_franka_ws/install/franka_msgs:/home/jiataoding/franco_ros2_franka_ws/install/franka_description:/home/jiataoding/franco_ros2_franka_ws/install/cartesian_impedance_controller:/home/jiataoding/franco_ros2_franka_ws/install/effort_controller_base:/home/jiataoding/franco_ros2_franka_ws/install/debug_msg:/opt/openrobots: /usr/bin/cmake --install /home/jiataoding/franco_ros2_franka_ws/src/build/franka_description
[1.819s] -- Install configuration: "Release"
[1.819s] -- Execute custom install script
[1.820s] -- Symlinking: /home/jiataoding/franco_ros2_franka_ws/src/install/franka_description/share/franka_description//launch/visualize_franka.launch.py
[1.832s] -- Symlinking: /home/jiataoding/franco_ros2_franka_ws/src/install/franka_description/share/franka_description//launch/visualize_franka_duo.launch.py
[1.847s] -- Symlinking: /home/jiataoding/franco_ros2_franka_ws/src/install/franka_description/share/franka_description//robots/common/franka_arm.ros2_control.xacro
[1.861s] -- Symlinking: /home/jiataoding/franco_ros2_franka_ws/src/install/franka_description/share/franka_description//robots/common/franka_arm.srdf.xacro
[1.874s] -- Symlinking: /home/jiataoding/franco_ros2_franka_ws/src/install/franka_description/share/franka_description//robots/common/franka_arm.xacro
[1.887s] -- Symlinking: /home/jiataoding/franco_ros2_franka_ws/src/install/franka_description/share/franka_description//robots/common/franka_robot.xacro
[1.901s] -- Symlinking: /home/jiataoding/franco_ros2_franka_ws/src/install/franka_description/share/franka_description//robots/common/group_definition.xacro
[1.916s] -- Symlinking: /home/jiataoding/franco_ros2_franka_ws/src/install/franka_description/share/franka_description//robots/common/utils.xacro
[1.930s] -- Symlinking: /home/jiataoding/franco_ros2_franka_ws/src/install/franka_description/share/franka_description//robots/fer/dynamics.yaml
[1.942s] -- Symlinking: /home/jiataoding/franco_ros2_franka_ws/src/install/franka_description/share/franka_description//robots/fer/fer.srdf.xacro
[1.955s] -- Symlinking: /home/jiataoding/franco_ros2_franka_ws/src/install/franka_description/share/franka_description//robots/fer/fer.urdf.xacro
[1.974s] -- Symlinking: /home/jiataoding/franco_ros2_franka_ws/src/install/franka_description/share/franka_description//robots/fer/inertials.yaml
[1.989s] -- Symlinking: /home/jiataoding/franco_ros2_franka_ws/src/install/franka_description/share/franka_description//robots/fer/joint_limits.yaml
[2.002s] -- Symlinking: /home/jiataoding/franco_ros2_franka_ws/src/install/franka_description/share/franka_description//robots/fer/kinematics.yaml
[2.015s] -- Symlinking: /home/jiataoding/franco_ros2_franka_ws/src/install/franka_description/share/franka_description//robots/fp3/accelerometers.yaml
[2.029s] -- Symlinking: /home/jiataoding/franco_ros2_franka_ws/src/install/franka_description/share/franka_description//robots/fp3/dynamics.yaml
[2.044s] -- Symlinking: /home/jiataoding/franco_ros2_franka_ws/src/install/franka_description/share/franka_description//robots/fp3/fp3.srdf.xacro
[2.062s] -- Symlinking: /home/jiataoding/franco_ros2_franka_ws/src/install/franka_description/share/franka_description//robots/fp3/fp3.urdf.xacro
[2.081s] -- Symlinking: /home/jiataoding/franco_ros2_franka_ws/src/install/franka_description/share/franka_description//robots/fp3/inertials.yaml
[2.095s] -- Symlinking: /home/jiataoding/franco_ros2_franka_ws/src/install/franka_description/share/franka_description//robots/fp3/joint_limits.yaml
[2.113s] -- Symlinking: /home/jiataoding/franco_ros2_franka_ws/src/install/franka_description/share/franka_description//robots/fp3/kinematics.yaml
[2.126s] -- Symlinking: /home/jiataoding/franco_ros2_franka_ws/src/install/franka_description/share/franka_description//robots/fr3/accelerometers.yaml
[2.139s] -- Symlinking: /home/jiataoding/franco_ros2_franka_ws/src/install/franka_description/share/franka_description//robots/fr3/dynamics.yaml
[2.150s] -- Symlinking: /home/jiataoding/franco_ros2_franka_ws/src/install/franka_description/share/franka_description//robots/fr3/fr3.srdf.xacro
[2.161s] -- Symlinking: /home/jiataoding/franco_ros2_franka_ws/src/install/franka_description/share/franka_description//robots/fr3/fr3.urdf.xacro
[2.173s] -- Symlinking: /home/jiataoding/franco_ros2_franka_ws/src/install/franka_description/share/franka_description//robots/fr3/inertials.yaml
[2.190s] -- Symlinking: /home/jiataoding/franco_ros2_franka_ws/src/install/franka_description/share/franka_description//robots/fr3/joint_limits.yaml
[2.206s] -- Symlinking: /home/jiataoding/franco_ros2_franka_ws/src/install/franka_description/share/franka_description//robots/fr3/kinematics.yaml
[2.220s] -- Symlinking: /home/jiataoding/franco_ros2_franka_ws/src/install/franka_description/share/franka_description//robots/fr3_duo/fr3_duo.urdf.xacro
[2.236s] -- Symlinking: /home/jiataoding/franco_ros2_franka_ws/src/install/franka_description/share/franka_description//robots/fr3_duo/fr3_duo_arm.urdf.xacro
[2.250s] -- Symlinking: /home/jiataoding/franco_ros2_franka_ws/src/install/franka_description/share/franka_description//robots/fr3_duo/fr3_duo_fixed_structure.urdf.xacro
[2.266s] -- Symlinking: /home/jiataoding/franco_ros2_franka_ws/src/install/franka_description/share/franka_description//robots/fr3_duo/fr3_duo_mount/fr3_duo_mount.xacro
[2.281s] -- Symlinking: /home/jiataoding/franco_ros2_franka_ws/src/install/franka_description/share/franka_description//robots/fr3_duo/fr3_duo_mount/inertials.yaml
[2.296s] -- Symlinking: /home/jiataoding/franco_ros2_franka_ws/src/install/franka_description/share/franka_description//robots/fr3_duo/fr3_duo_mount/kinematics.yaml
[2.312s] -- Symlinking: /home/jiataoding/franco_ros2_franka_ws/src/install/franka_description/share/franka_description//robots/fr3v2.1/accelerometers.yaml
[2.325s] -- Symlinking: /home/jiataoding/franco_ros2_franka_ws/src/install/franka_description/share/franka_description//robots/fr3v2.1/dynamics.yaml
[2.338s] -- Symlinking: /home/jiataoding/franco_ros2_franka_ws/src/install/franka_description/share/franka_description//robots/fr3v2.1/fr3v2.1.srdf.xacro
[2.353s] -- Symlinking: /home/jiataoding/franco_ros2_franka_ws/src/install/franka_description/share/franka_description//robots/fr3v2.1/fr3v2.1.urdf.xacro
[2.366s] -- Symlinking: /home/jiataoding/franco_ros2_franka_ws/src/install/franka_description/share/franka_description//robots/fr3v2.1/inertials.yaml
[2.378s] -- Symlinking: /home/jiataoding/franco_ros2_franka_ws/src/install/franka_description/share/franka_description//robots/fr3v2.1/joint_limits.yaml
[2.395s] -- Symlinking: /home/jiataoding/franco_ros2_franka_ws/src/install/franka_description/share/franka_description//robots/fr3v2.1/kinematics.yaml
[2.413s] -- Symlinking: /home/jiataoding/franco_ros2_franka_ws/src/install/franka_description/share/franka_description//robots/fr3v2/accelerometers.yaml
[2.430s] -- Symlinking: /home/jiataoding/franco_ros2_franka_ws/src/install/franka_description/share/franka_description//robots/fr3v2/dynamics.yaml
[2.446s] -- Symlinking: /home/jiataoding/franco_ros2_franka_ws/src/install/franka_description/share/franka_description//robots/fr3v2/fr3v2.srdf.xacro
[2.465s] -- Symlinking: /home/jiataoding/franco_ros2_franka_ws/src/install/franka_description/share/franka_description//robots/fr3v2/fr3v2.urdf.xacro
[2.480s] -- Symlinking: /home/jiataoding/franco_ros2_franka_ws/src/install/franka_description/share/franka_description//robots/fr3v2/inertials.yaml
[2.499s] -- Symlinking: /home/jiataoding/franco_ros2_franka_ws/src/install/franka_description/share/franka_description//robots/fr3v2/joint_limits.yaml
[2.517s] -- Symlinking: /home/jiataoding/franco_ros2_franka_ws/src/install/franka_description/share/franka_description//robots/fr3v2/kinematics.yaml
[2.539s] -- Symlinking: /home/jiataoding/franco_ros2_franka_ws/src/install/franka_description/share/franka_description//end_effectors/cobot_pump/cobot_pump.urdf.xacro
[2.553s] -- Symlinking: /home/jiataoding/franco_ros2_franka_ws/src/install/franka_description/share/franka_description//end_effectors/cobot_pump/cobot_pump_arguments.xacro
[2.567s] -- Symlinking: /home/jiataoding/franco_ros2_franka_ws/src/install/franka_description/share/franka_description//end_effectors/cobot_pump/inertials.yaml
[2.583s] -- Symlinking: /home/jiataoding/franco_ros2_franka_ws/src/install/franka_description/share/franka_description//end_effectors/common/ee_with_one_link.xacro
[2.596s] -- Symlinking: /home/jiataoding/franco_ros2_franka_ws/src/install/franka_description/share/franka_description//end_effectors/common/franka_hand.xacro
[2.612s] -- Symlinking: /home/jiataoding/franco_ros2_franka_ws/src/install/franka_description/share/franka_description//end_effectors/common/utils.xacro
[2.626s] -- Symlinking: /home/jiataoding/franco_ros2_franka_ws/src/install/franka_description/share/franka_description//end_effectors/franka_hand/franka_hand.srdf.xacro
[2.639s] -- Symlinking: /home/jiataoding/franco_ros2_franka_ws/src/install/franka_description/share/franka_description//end_effectors/franka_hand/franka_hand.urdf.xacro
[2.653s] -- Symlinking: /home/jiataoding/franco_ros2_franka_ws/src/install/franka_description/share/franka_description//end_effectors/franka_hand/franka_hand_arguments.xacro
[2.667s] -- Symlinking: /home/jiataoding/franco_ros2_franka_ws/src/install/franka_description/share/franka_description//end_effectors/franka_hand/inertials.yaml
[2.682s] -- Symlinking: /home/jiataoding/franco_ros2_franka_ws/src/install/franka_description/share/franka_description//meshes/accessories/fr3_duo_mount/collision/fr3_duo_cover.stl
[2.694s] -- Symlinking: /home/jiataoding/franco_ros2_franka_ws/src/install/franka_description/share/franka_description//meshes/accessories/fr3_duo_mount/collision/fr3_duo_mount.stl
[2.709s] -- Symlinking: /home/jiataoding/franco_ros2_franka_ws/src/install/franka_description/share/franka_description//meshes/accessories/fr3_duo_mount/visual/fr3_duo_cover.dae
[2.723s] -- Symlinking: /home/jiataoding/franco_ros2_franka_ws/src/install/franka_description/share/franka_description//meshes/accessories/fr3_duo_mount/visual/fr3_duo_mount.dae
[2.736s] -- Symlinking: /home/jiataoding/franco_ros2_franka_ws/src/install/franka_description/share/franka_description//meshes/robot_arms/fer/collision/hand.stl
[2.750s] -- Symlinking: /home/jiataoding/franco_ros2_franka_ws/src/install/franka_description/share/franka_description//meshes/robot_arms/fer/collision/link0.stl
[2.764s] -- Symlinking: /home/jiataoding/franco_ros2_franka_ws/src/install/franka_description/share/franka_description//meshes/robot_arms/fer/collision/link1.stl
[2.780s] -- Symlinking: /home/jiataoding/franco_ros2_franka_ws/src/install/franka_description/share/franka_description//meshes/robot_arms/fer/collision/link2.stl
[2.793s] -- Symlinking: /home/jiataoding/franco_ros2_franka_ws/src/install/franka_description/share/franka_description//meshes/robot_arms/fer/collision/link3.stl
[2.808s] -- Symlinking: /home/jiataoding/franco_ros2_franka_ws/src/install/franka_description/share/franka_description//meshes/robot_arms/fer/collision/link4.stl
[2.822s] -- Symlinking: /home/jiataoding/franco_ros2_franka_ws/src/install/franka_description/share/franka_description//meshes/robot_arms/fer/collision/link5.stl
[2.836s] -- Symlinking: /home/jiataoding/franco_ros2_franka_ws/src/install/franka_description/share/franka_description//meshes/robot_arms/fer/collision/link6.stl
[2.851s] -- Symlinking: /home/jiataoding/franco_ros2_franka_ws/src/install/franka_description/share/franka_description//meshes/robot_arms/fer/collision/link7.stl
[2.865s] -- Symlinking: /home/jiataoding/franco_ros2_franka_ws/src/install/franka_description/share/franka_description//meshes/robot_arms/fer/visual/finger.dae
[2.879s] -- Symlinking: /home/jiataoding/franco_ros2_franka_ws/src/install/franka_description/share/franka_description//meshes/robot_arms/fer/visual/hand.dae
[2.892s] -- Symlinking: /home/jiataoding/franco_ros2_franka_ws/src/install/franka_description/share/franka_description//meshes/robot_arms/fer/visual/link0.dae
[2.906s] -- Symlinking: /home/jiataoding/franco_ros2_franka_ws/src/install/franka_description/share/franka_description//meshes/robot_arms/fer/visual/link1.dae
[2.919s] -- Symlinking: /home/jiataoding/franco_ros2_franka_ws/src/install/franka_description/share/franka_description//meshes/robot_arms/fer/visual/link2.dae
[2.933s] -- Symlinking: /home/jiataoding/franco_ros2_franka_ws/src/install/franka_description/share/franka_description//meshes/robot_arms/fer/visual/link3.dae
[2.946s] -- Symlinking: /home/jiataoding/franco_ros2_franka_ws/src/install/franka_description/share/franka_description//meshes/robot_arms/fer/visual/link4.dae
[2.961s] -- Symlinking: /home/jiataoding/franco_ros2_franka_ws/src/install/franka_description/share/franka_description//meshes/robot_arms/fer/visual/link5.dae
[2.975s] -- Symlinking: /home/jiataoding/franco_ros2_franka_ws/src/install/franka_description/share/franka_description//meshes/robot_arms/fer/visual/link6.dae
[2.990s] -- Symlinking: /home/jiataoding/franco_ros2_franka_ws/src/install/franka_description/share/franka_description//meshes/robot_arms/fer/visual/link7.dae
[3.005s] -- Symlinking: /home/jiataoding/franco_ros2_franka_ws/src/install/franka_description/share/franka_description//meshes/robot_arms/fp3/collision/link0.stl
[3.019s] -- Symlinking: /home/jiataoding/franco_ros2_franka_ws/src/install/franka_description/share/franka_description//meshes/robot_arms/fp3/collision/link1.stl
[3.034s] -- Symlinking: /home/jiataoding/franco_ros2_franka_ws/src/install/franka_description/share/franka_description//meshes/robot_arms/fp3/collision/link2.stl
[3.048s] -- Symlinking: /home/jiataoding/franco_ros2_franka_ws/src/install/franka_description/share/franka_description//meshes/robot_arms/fp3/collision/link3.stl
[3.064s] -- Symlinking: /home/jiataoding/franco_ros2_franka_ws/src/install/franka_description/share/franka_description//meshes/robot_arms/fp3/collision/link4.stl
[3.079s] -- Symlinking: /home/jiataoding/franco_ros2_franka_ws/src/install/franka_description/share/franka_description//meshes/robot_arms/fp3/collision/link5.stl
[3.093s] -- Symlinking: /home/jiataoding/franco_ros2_franka_ws/src/install/franka_description/share/franka_description//meshes/robot_arms/fp3/collision/link6.stl
[3.107s] -- Symlinking: /home/jiataoding/franco_ros2_franka_ws/src/install/franka_description/share/franka_description//meshes/robot_arms/fp3/collision/link7.stl
[3.120s] -- Symlinking: /home/jiataoding/franco_ros2_franka_ws/src/install/franka_description/share/franka_description//meshes/robot_arms/fp3/visual/link0.dae
[3.132s] -- Symlinking: /home/jiataoding/franco_ros2_franka_ws/src/install/franka_description/share/franka_description//meshes/robot_arms/fp3/visual/link1.dae
[3.143s] -- Symlinking: /home/jiataoding/franco_ros2_franka_ws/src/install/franka_description/share/franka_description//meshes/robot_arms/fp3/visual/link2.dae
[3.159s] -- Symlinking: /home/jiataoding/franco_ros2_franka_ws/src/install/franka_description/share/franka_description//meshes/robot_arms/fp3/visual/link3.dae
[3.173s] -- Symlinking: /home/jiataoding/franco_ros2_franka_ws/src/install/franka_description/share/franka_description//meshes/robot_arms/fp3/visual/link4.dae
[3.188s] -- Symlinking: /home/jiataoding/franco_ros2_franka_ws/src/install/franka_description/share/franka_description//meshes/robot_arms/fp3/visual/link5.dae
[3.199s] -- Symlinking: /home/jiataoding/franco_ros2_franka_ws/src/install/franka_description/share/franka_description//meshes/robot_arms/fp3/visual/link6.dae
[3.213s] -- Symlinking: /home/jiataoding/franco_ros2_franka_ws/src/install/franka_description/share/franka_description//meshes/robot_arms/fp3/visual/link7.dae
[3.226s] -- Symlinking: /home/jiataoding/franco_ros2_franka_ws/src/install/franka_description/share/franka_description//meshes/robot_arms/fr3/collision/link0.stl
[3.242s] -- Symlinking: /home/jiataoding/franco_ros2_franka_ws/src/install/franka_description/share/franka_description//meshes/robot_arms/fr3/collision/link1.stl
[3.255s] -- Symlinking: /home/jiataoding/franco_ros2_franka_ws/src/install/franka_description/share/franka_description//meshes/robot_arms/fr3/collision/link2.stl
[3.269s] -- Symlinking: /home/jiataoding/franco_ros2_franka_ws/src/install/franka_description/share/franka_description//meshes/robot_arms/fr3/collision/link3.stl
[3.283s] -- Symlinking: /home/jiataoding/franco_ros2_franka_ws/src/install/franka_description/share/franka_description//meshes/robot_arms/fr3/collision/link4.stl
[3.297s] -- Symlinking: /home/jiataoding/franco_ros2_franka_ws/src/install/franka_description/share/franka_description//meshes/robot_arms/fr3/collision/link5.stl
[3.310s] -- Symlinking: /home/jiataoding/franco_ros2_franka_ws/src/install/franka_description/share/franka_description//meshes/robot_arms/fr3/collision/link6.stl
[3.322s] -- Symlinking: /home/jiataoding/franco_ros2_franka_ws/src/install/franka_description/share/franka_description//meshes/robot_arms/fr3/collision/link7.stl
[3.334s] -- Symlinking: /home/jiataoding/franco_ros2_franka_ws/src/install/franka_description/share/franka_description//meshes/robot_arms/fr3/visual/link0.dae
[3.345s] -- Symlinking: /home/jiataoding/franco_ros2_franka_ws/src/install/franka_description/share/franka_description//meshes/robot_arms/fr3/visual/link1.dae
[3.359s] -- Symlinking: /home/jiataoding/franco_ros2_franka_ws/src/install/franka_description/share/franka_description//meshes/robot_arms/fr3/visual/link2.dae
[3.373s] -- Symlinking: /home/jiataoding/franco_ros2_franka_ws/src/install/franka_description/share/franka_description//meshes/robot_arms/fr3/visual/link3.dae
[3.388s] -- Symlinking: /home/jiataoding/franco_ros2_franka_ws/src/install/franka_description/share/franka_description//meshes/robot_arms/fr3/visual/link4.dae
[3.401s] -- Symlinking: /home/jiataoding/franco_ros2_franka_ws/src/install/franka_description/share/franka_description//meshes/robot_arms/fr3/visual/link5.dae
[3.415s] -- Symlinking: /home/jiataoding/franco_ros2_franka_ws/src/install/franka_description/share/franka_description//meshes/robot_arms/fr3/visual/link6.dae
[3.428s] -- Symlinking: /home/jiataoding/franco_ros2_franka_ws/src/install/franka_description/share/franka_description//meshes/robot_arms/fr3/visual/link7.dae
[3.442s] -- Symlinking: /home/jiataoding/franco_ros2_franka_ws/src/install/franka_description/share/franka_description//meshes/robot_arms/fr3v2.1/collision/link0.stl
[3.454s] -- Symlinking: /home/jiataoding/franco_ros2_franka_ws/src/install/franka_description/share/franka_description//meshes/robot_arms/fr3v2.1/collision/link1.stl
[3.471s] -- Symlinking: /home/jiataoding/franco_ros2_franka_ws/src/install/franka_description/share/franka_description//meshes/robot_arms/fr3v2.1/collision/link2.stl
[3.487s] -- Symlinking: /home/jiataoding/franco_ros2_franka_ws/src/install/franka_description/share/franka_description//meshes/robot_arms/fr3v2.1/collision/link3.stl
[3.502s] -- Symlinking: /home/jiataoding/franco_ros2_franka_ws/src/install/franka_description/share/franka_description//meshes/robot_arms/fr3v2.1/collision/link4.stl
[3.516s] -- Symlinking: /home/jiataoding/franco_ros2_franka_ws/src/install/franka_description/share/franka_description//meshes/robot_arms/fr3v2.1/collision/link5.stl
[3.530s] -- Symlinking: /home/jiataoding/franco_ros2_franka_ws/src/install/franka_description/share/franka_description//meshes/robot_arms/fr3v2.1/collision/link6.stl
[3.545s] -- Symlinking: /home/jiataoding/franco_ros2_franka_ws/src/install/franka_description/share/franka_description//meshes/robot_arms/fr3v2.1/collision/link7.stl
[3.559s] -- Symlinking: /home/jiataoding/franco_ros2_franka_ws/src/install/franka_description/share/franka_description//meshes/robot_arms/fr3v2.1/visual/link0.dae
[3.574s] -- Symlinking: /home/jiataoding/franco_ros2_franka_ws/src/install/franka_description/share/franka_description//meshes/robot_arms/fr3v2.1/visual/link1.dae
[3.587s] -- Symlinking: /home/jiataoding/franco_ros2_franka_ws/src/install/franka_description/share/franka_description//meshes/robot_arms/fr3v2.1/visual/link2.dae
[3.603s] -- Symlinking: /home/jiataoding/franco_ros2_franka_ws/src/install/franka_description/share/franka_description//meshes/robot_arms/fr3v2.1/visual/link3.dae
[3.617s] -- Symlinking: /home/jiataoding/franco_ros2_franka_ws/src/install/franka_description/share/franka_description//meshes/robot_arms/fr3v2.1/visual/link4.dae
[3.628s] -- Symlinking: /home/jiataoding/franco_ros2_franka_ws/src/install/franka_description/share/franka_description//meshes/robot_arms/fr3v2.1/visual/link5.dae
[3.642s] -- Symlinking: /home/jiataoding/franco_ros2_franka_ws/src/install/franka_description/share/franka_description//meshes/robot_arms/fr3v2.1/visual/link6.dae
[3.656s] -- Symlinking: /home/jiataoding/franco_ros2_franka_ws/src/install/franka_description/share/franka_description//meshes/robot_arms/fr3v2.1/visual/link7.dae
[3.671s] -- Symlinking: /home/jiataoding/franco_ros2_franka_ws/src/install/franka_description/share/franka_description//meshes/robot_arms/fr3v2/collision/link0.stl
[3.685s] -- Symlinking: /home/jiataoding/franco_ros2_franka_ws/src/install/franka_description/share/franka_description//meshes/robot_arms/fr3v2/collision/link1.stl
[3.699s] -- Symlinking: /home/jiataoding/franco_ros2_franka_ws/src/install/franka_description/share/franka_description//meshes/robot_arms/fr3v2/collision/link2.stl
[3.713s] -- Symlinking: /home/jiataoding/franco_ros2_franka_ws/src/install/franka_description/share/franka_description//meshes/robot_arms/fr3v2/collision/link3.stl
[3.727s] -- Symlinking: /home/jiataoding/franco_ros2_franka_ws/src/install/franka_description/share/franka_description//meshes/robot_arms/fr3v2/collision/link4.stl
[3.741s] -- Symlinking: /home/jiataoding/franco_ros2_franka_ws/src/install/franka_description/share/franka_description//meshes/robot_arms/fr3v2/collision/link5.stl
[3.755s] -- Symlinking: /home/jiataoding/franco_ros2_franka_ws/src/install/franka_description/share/franka_description//meshes/robot_arms/fr3v2/collision/link6.stl
[3.769s] -- Symlinking: /home/jiataoding/franco_ros2_franka_ws/src/install/franka_description/share/franka_description//meshes/robot_arms/fr3v2/collision/link7.stl
[3.781s] -- Symlinking: /home/jiataoding/franco_ros2_franka_ws/src/install/franka_description/share/franka_description//meshes/robot_arms/fr3v2/visual/link0.dae
[3.794s] -- Symlinking: /home/jiataoding/franco_ros2_franka_ws/src/install/franka_description/share/franka_description//meshes/robot_arms/fr3v2/visual/link1.dae
[3.808s] -- Symlinking: /home/jiataoding/franco_ros2_franka_ws/src/install/franka_description/share/franka_description//meshes/robot_arms/fr3v2/visual/link2.dae
[3.820s] -- Symlinking: /home/jiataoding/franco_ros2_franka_ws/src/install/franka_description/share/franka_description//meshes/robot_arms/fr3v2/visual/link3.dae
[3.832s] -- Symlinking: /home/jiataoding/franco_ros2_franka_ws/src/install/franka_description/share/franka_description//meshes/robot_arms/fr3v2/visual/link4.dae
[3.848s] -- Symlinking: /home/jiataoding/franco_ros2_franka_ws/src/install/franka_description/share/franka_description//meshes/robot_arms/fr3v2/visual/link5.dae
[3.861s] -- Symlinking: /home/jiataoding/franco_ros2_franka_ws/src/install/franka_description/share/franka_description//meshes/robot_arms/fr3v2/visual/link6.dae
[3.874s] -- Symlinking: /home/jiataoding/franco_ros2_franka_ws/src/install/franka_description/share/franka_description//meshes/robot_arms/fr3v2/visual/link7.dae
[3.888s] -- Symlinking: /home/jiataoding/franco_ros2_franka_ws/src/install/franka_description/share/franka_description//meshes/robot_ee/cobot_pump/collision/cobot_pump.stl
[3.899s] -- Symlinking: /home/jiataoding/franco_ros2_franka_ws/src/install/franka_description/share/franka_description//meshes/robot_ee/cobot_pump/visual/cobot_pump.dae
[3.912s] -- Symlinking: /home/jiataoding/franco_ros2_franka_ws/src/install/franka_description/share/franka_description//meshes/robot_ee/franka_hand_black/collision/hand.stl
[3.925s] -- Symlinking: /home/jiataoding/franco_ros2_franka_ws/src/install/franka_description/share/franka_description//meshes/robot_ee/franka_hand_black/visual/finger.dae
[3.939s] -- Symlinking: /home/jiataoding/franco_ros2_franka_ws/src/install/franka_description/share/franka_description//meshes/robot_ee/franka_hand_black/visual/hand.dae
[3.952s] -- Symlinking: /home/jiataoding/franco_ros2_franka_ws/src/install/franka_description/share/franka_description//meshes/robot_ee/franka_hand_white/collision/hand.stl
[3.966s] -- Symlinking: /home/jiataoding/franco_ros2_franka_ws/src/install/franka_description/share/franka_description//meshes/robot_ee/franka_hand_white/visual/finger.dae
[3.979s] -- Symlinking: /home/jiataoding/franco_ros2_franka_ws/src/install/franka_description/share/franka_description//meshes/robot_ee/franka_hand_white/visual/hand.dae
[3.993s] -- Symlinking: /home/jiataoding/franco_ros2_franka_ws/src/install/franka_description/share/franka_description//rviz/visualize_franka.rviz
[4.006s] -- Symlinking: /home/jiataoding/franco_ros2_franka_ws/src/install/franka_description/share/franka_description//rviz/visualize_franka_duo.rviz
[4.018s] -- Symlinking: /home/jiataoding/franco_ros2_franka_ws/src/install/franka_description/share/ament_index/resource_index/package_run_dependencies/franka_description
[4.032s] -- Symlinking: /home/jiataoding/franco_ros2_franka_ws/src/install/franka_description/share/ament_index/resource_index/parent_prefix_path/franka_description
[4.048s] -- Symlinking: /home/jiataoding/franco_ros2_franka_ws/src/install/franka_description/share/franka_description/environment/ament_prefix_path.sh
[4.061s] -- Symlinking: /home/jiataoding/franco_ros2_franka_ws/src/install/franka_description/share/franka_description/environment/ament_prefix_path.dsv
[4.076s] -- Symlinking: /home/jiataoding/franco_ros2_franka_ws/src/install/franka_description/share/franka_description/environment/path.sh
[4.089s] -- Symlinking: /home/jiataoding/franco_ros2_franka_ws/src/install/franka_description/share/franka_description/environment/path.dsv
[4.103s] -- Symlinking: /home/jiataoding/franco_ros2_franka_ws/src/install/franka_description/share/franka_description/local_setup.bash
[4.115s] -- Symlinking: /home/jiataoding/franco_ros2_franka_ws/src/install/franka_description/share/franka_description/local_setup.sh
[4.128s] -- Symlinking: /home/jiataoding/franco_ros2_franka_ws/src/install/franka_description/share/franka_description/local_setup.zsh
[4.141s] -- Symlinking: /home/jiataoding/franco_ros2_franka_ws/src/install/franka_description/share/franka_description/local_setup.dsv
[4.155s] -- Symlinking: /home/jiataoding/franco_ros2_franka_ws/src/install/franka_description/share/franka_description/package.dsv
[4.168s] -- Symlinking: /home/jiataoding/franco_ros2_franka_ws/src/install/franka_description/share/ament_index/resource_index/packages/franka_description
[4.182s] -- Symlinking: /home/jiataoding/franco_ros2_franka_ws/src/install/franka_description/share/franka_description/cmake/franka_descriptionConfig.cmake
[4.196s] -- Symlinking: /home/jiataoding/franco_ros2_franka_ws/src/install/franka_description/share/franka_description/cmake/franka_descriptionConfig-version.cmake
[4.209s] -- Symlinking: /home/jiataoding/franco_ros2_franka_ws/src/install/franka_description/share/franka_description/package.xml
[4.224s] Invoked command in '/home/jiataoding/franco_ros2_franka_ws/src/build/franka_description' returned '0': CMAKE_PREFIX_PATH=/home/jiataoding/ros2_franka_ws/install/joint_impedance_controller:/home/jiataoding/ros2_franka_ws/install/integration_launch_testing:/home/jiataoding/ros2_franka_ws/install/idra_franka_launch:/home/jiataoding/ros2_franka_ws/install/gravity_compensation:/home/jiataoding/ros2_franka_ws/install/franka_task_pipeline:/home/jiataoding/ros2_franka_ws/install/franka_ros2:/home/jiataoding/ros2_franka_ws/install/franka_bringup:/home/jiataoding/ros2_franka_ws/install/franka_robot_state_broadcaster:/home/jiataoding/ros2_franka_ws/install/franka_example_controllers:/home/jiataoding/ros2_franka_ws/install/franka_semantic_components:/home/jiataoding/ros2_franka_ws/install/franka_gazebo_bringup:/home/jiataoding/ros2_franka_ws/install/franka_ign_ros2_control:/home/jiataoding/ros2_franka_ws/install/franka_fr3_moveit_config:/home/jiataoding/ros2_franka_ws/install/franka_hardware:/home/jiataoding/ros2_franka_ws/install/franka_gripper:/home/jiataoding/ros2_franka_ws/install/franka_msgs:/home/jiataoding/ros2_franka_ws/install/franka_description:/home/jiataoding/ros2_franka_ws/install/cartesian_impedance_controller:/opt/ros/humble:/home/jiataoding/ros2_franka_ws/install/effort_controller_base:/home/jiataoding/ros2_franka_ws/install/debug_msg:/home/jiataoding/franco_ros2_franka_ws/install/joint_impedance_controller:/home/jiataoding/franco_ros2_franka_ws/install/integration_launch_testing:/home/jiataoding/franco_ros2_franka_ws/install/idra_franka_launch:/home/jiataoding/franco_ros2_franka_ws/install/gravity_compensation:/home/jiataoding/franco_ros2_franka_ws/install/franka_task_pipeline:/home/jiataoding/franco_ros2_franka_ws/install/franka_ros2:/home/jiataoding/franco_ros2_franka_ws/install/franka_bringup:/home/jiataoding/franco_ros2_franka_ws/install/franka_robot_state_broadcaster:/home/jiataoding/franco_ros2_franka_ws/install/franka_example_controllers:/home/jiataoding/franco_ros2_franka_ws/install/franka_semantic_components:/home/jiataoding/franco_ros2_franka_ws/install/franka_gazebo_bringup:/home/jiataoding/franco_ros2_franka_ws/install/franka_ign_ros2_control:/home/jiataoding/franco_ros2_franka_ws/install/franka_fr3_moveit_config:/home/jiataoding/franco_ros2_franka_ws/install/franka_hardware:/home/jiataoding/franco_ros2_franka_ws/install/franka_gripper:/home/jiataoding/franco_ros2_franka_ws/install/franka_msgs:/home/jiataoding/franco_ros2_franka_ws/install/franka_description:/home/jiataoding/franco_ros2_franka_ws/install/cartesian_impedance_controller:/home/jiataoding/franco_ros2_franka_ws/install/effort_controller_base:/home/jiataoding/franco_ros2_franka_ws/install/debug_msg:/opt/openrobots: /usr/bin/cmake --install /home/jiataoding/franco_ros2_franka_ws/src/build/franka_description
