-- The C compiler identification is GNU 11.4.0
-- The CXX compiler identification is GNU 11.4.0
-- Detecting C compiler ABI info
-- Detecting C compiler ABI info - done
-- Check for working C compiler: /usr/bin/cc - skipped
-- Detecting C compile features
-- Detecting C compile features - done
-- Detecting CXX compiler ABI info
-- Detecting CXX compiler ABI info - done
-- Check for working CXX compiler: /usr/bin/c++ - skipped
-- Detecting CXX compile features
-- Detecting CXX compile features - done
-- Found ament_cmake: 1.3.12 (/opt/ros/humble/share/ament_cmake/cmake)
-- Found Python3: /usr/bin/python3 (found version "3.10.12") found components: Interpreter 
-- Found rclcpp: 16.0.17 (/opt/ros/humble/share/rclcpp/cmake)
-- Found rosidl_generator_c: 3.1.8 (/opt/ros/humble/share/rosidl_generator_c/cmake)
-- Found rosidl_adapter: 3.1.8 (/opt/ros/humble/share/rosidl_adapter/cmake)
-- Found rosidl_generator_cpp: 3.1.8 (/opt/ros/humble/share/rosidl_generator_cpp/cmake)
-- Using all available rosidl_typesupport_c: rosidl_typesupport_fastrtps_c;rosidl_typesupport_introspection_c
-- Using all available rosidl_typesupport_cpp: rosidl_typesupport_fastrtps_cpp;rosidl_typesupport_introspection_cpp
-- Found rmw_implementation_cmake: 6.1.2 (/opt/ros/humble/share/rmw_implementation_cmake/cmake)
-- Found rmw_fastrtps_cpp: 6.2.9 (/opt/ros/humble/share/rmw_fastrtps_cpp/cmake)
-- Found OpenSSL: /usr/lib/x86_64-linux-gnu/libcrypto.so (found version "3.0.2")  
-- Found FastRTPS: /opt/ros/humble/include  
-- Using RMW implementation 'rmw_fastrtps_cpp' as default
-- Looking for pthread.h
-- Looking for pthread.h - found
-- Performing Test CMAKE_HAVE_LIBC_PTHREAD
-- Performing Test CMAKE_HAVE_LIBC_PTHREAD - Success
-- Found Threads: TRUE  
-- Found controller_interface: 2.53.0 (/opt/ros/humble/share/controller_interface/cmake)
-- Found kdl_parser: 2.6.4 (/opt/ros/humble/share/kdl_parser/cmake)
-- Found eigen3_cmake_module: 0.1.1 (/opt/ros/humble/share/eigen3_cmake_module/cmake)
-- Found Eigen3: TRUE (found version "3.4.0") 
-- Ensuring Eigen3 include directory is part of orocos-kdl CMake target
-- Found urdf: 2.6.1 (/opt/ros/humble/share/urdf/cmake)
-- Configuring done
-- Generating done
[33mCMake Warning:
  Manually-specified variables were not used by the project:

    CATKIN_INSTALL_INTO_PREFIX_ROOT
    CATKIN_SYMLINK_INSTALL

[0m
-- Build files have been written to: /home/jiataoding/franco_ros2_franka_ws/src/build/effort_controller_base
[ 33%] [32mBuilding CXX object CMakeFiles/effort_controller_base.dir/src/effort_controller_base.cpp.o[0m
[ 66%] [32mBuilding CXX object CMakeFiles/effort_controller_base.dir/src/chainjnttojacdotsolver.cpp.o[0m
[100%] [32m[1mLinking CXX shared library libeffort_controller_base.so[0m
[100%] Built target effort_controller_base
-- Install configuration: "Release"
-- Installing: /home/jiataoding/franco_ros2_franka_ws/src/install/effort_controller_base/include
-- Installing: /home/jiataoding/franco_ros2_franka_ws/src/install/effort_controller_base/include/effort_controller_base
-- Installing: /home/jiataoding/franco_ros2_franka_ws/src/install/effort_controller_base/include/effort_controller_base/pseudo_inversion.h
-- Installing: /home/jiataoding/franco_ros2_franka_ws/src/install/effort_controller_base/include/effort_controller_base/Filter.h
-- Installing: /home/jiataoding/franco_ros2_franka_ws/src/install/effort_controller_base/include/effort_controller_base/effort_controller_base.h
-- Installing: /home/jiataoding/franco_ros2_franka_ws/src/install/effort_controller_base/include/effort_controller_base/Utility.h
-- Installing: /home/jiataoding/franco_ros2_franka_ws/src/install/effort_controller_base/include/effort_controller_base/chainjnttojacdotsolver.hpp
-- Installing: /home/jiataoding/franco_ros2_franka_ws/src/install/effort_controller_base/include/effort_controller_base/double_diagonalization.hpp
-- Installing: /home/jiataoding/franco_ros2_franka_ws/src/install/effort_controller_base/lib/libeffort_controller_base.so
-- Set runtime path of "/home/jiataoding/franco_ros2_franka_ws/src/install/effort_controller_base/lib/libeffort_controller_base.so" to ""
-- Installing: /home/jiataoding/franco_ros2_franka_ws/src/install/effort_controller_base/share/effort_controller_base/environment/library_path.sh
-- Installing: /home/jiataoding/franco_ros2_franka_ws/src/install/effort_controller_base/share/effort_controller_base/environment/library_path.dsv
-- Installing: /home/jiataoding/franco_ros2_franka_ws/src/install/effort_controller_base/share/ament_index/resource_index/package_run_dependencies/effort_controller_base
-- Installing: /home/jiataoding/franco_ros2_franka_ws/src/install/effort_controller_base/share/ament_index/resource_index/parent_prefix_path/effort_controller_base
-- Installing: /home/jiataoding/franco_ros2_franka_ws/src/install/effort_controller_base/share/effort_controller_base/environment/ament_prefix_path.sh
-- Installing: /home/jiataoding/franco_ros2_franka_ws/src/install/effort_controller_base/share/effort_controller_base/environment/ament_prefix_path.dsv
-- Installing: /home/jiataoding/franco_ros2_franka_ws/src/install/effort_controller_base/share/effort_controller_base/environment/path.sh
-- Installing: /home/jiataoding/franco_ros2_franka_ws/src/install/effort_controller_base/share/effort_controller_base/environment/path.dsv
-- Installing: /home/jiataoding/franco_ros2_franka_ws/src/install/effort_controller_base/share/effort_controller_base/local_setup.bash
-- Installing: /home/jiataoding/franco_ros2_franka_ws/src/install/effort_controller_base/share/effort_controller_base/local_setup.sh
-- Installing: /home/jiataoding/franco_ros2_franka_ws/src/install/effort_controller_base/share/effort_controller_base/local_setup.zsh
-- Installing: /home/jiataoding/franco_ros2_franka_ws/src/install/effort_controller_base/share/effort_controller_base/local_setup.dsv
-- Installing: /home/jiataoding/franco_ros2_franka_ws/src/install/effort_controller_base/share/effort_controller_base/package.dsv
-- Installing: /home/jiataoding/franco_ros2_franka_ws/src/install/effort_controller_base/share/ament_index/resource_index/packages/effort_controller_base
-- Installing: /home/jiataoding/franco_ros2_franka_ws/src/install/effort_controller_base/share/effort_controller_base/cmake/ament_cmake_export_dependencies-extras.cmake
-- Installing: /home/jiataoding/franco_ros2_franka_ws/src/install/effort_controller_base/share/effort_controller_base/cmake/ament_cmake_export_include_directories-extras.cmake
-- Installing: /home/jiataoding/franco_ros2_franka_ws/src/install/effort_controller_base/share/effort_controller_base/cmake/ament_cmake_export_libraries-extras.cmake
-- Installing: /home/jiataoding/franco_ros2_franka_ws/src/install/effort_controller_base/share/effort_controller_base/cmake/effort_controller_baseConfig.cmake
-- Installing: /home/jiataoding/franco_ros2_franka_ws/src/install/effort_controller_base/share/effort_controller_base/cmake/effort_controller_baseConfig-version.cmake
-- Installing: /home/jiataoding/franco_ros2_franka_ws/src/install/effort_controller_base/share/effort_controller_base/package.xml
