[0.036s] Invoking command in '/home/jiataoding/franco_ros2_franka_ws/src/build/debug_msg': CMAKE_PREFIX_PATH=/home/jiataoding/franco_ros2_franka_ws/src/install/joint_impedance_controller:/home/jiataoding/franco_ros2_franka_ws/src/install/integration_launch_testing:/home/jiataoding/franco_ros2_franka_ws/src/install/idra_franka_launch:/home/jiataoding/franco_ros2_franka_ws/src/install/gravity_compensation:/home/jiataoding/franco_ros2_franka_ws/src/install/franka_task_pipeline:/home/jiataoding/franco_ros2_franka_ws/src/install/franka_ros2:/home/jiataoding/franco_ros2_franka_ws/src/install/franka_bringup:/home/jiataoding/franco_ros2_franka_ws/src/install/franka_robot_state_broadcaster:/home/jiataoding/franco_ros2_franka_ws/src/install/franka_example_controllers:/home/jiataoding/franco_ros2_franka_ws/src/install/franka_semantic_components:/home/jiataoding/franco_ros2_franka_ws/src/install/franka_gazebo_bringup:/home/jiataoding/franco_ros2_franka_ws/src/install/franka_ign_ros2_control:/home/jiataoding/franco_ros2_franka_ws/src/install/franka_fr3_moveit_config:/home/jiataoding/franco_ros2_franka_ws/src/install/franka_hardware:/home/jiataoding/franco_ros2_franka_ws/src/install/franka_gripper:/home/jiataoding/franco_ros2_franka_ws/src/install/franka_msgs:/home/jiataoding/franco_ros2_franka_ws/src/install/franka_description:/home/jiataoding/franco_ros2_franka_ws/src/install/cartesian_impedance_controller:/opt/ros/humble:/home/jiataoding/franco_ros2_franka_ws/src/install/effort_controller_base:/home/jiataoding/franco_ros2_franka_ws/src/install/debug_msg:/home/jiataoding/ros2_franka_ws/install/joint_impedance_controller:/home/jiataoding/ros2_franka_ws/install/integration_launch_testing:/home/jiataoding/ros2_franka_ws/install/idra_franka_launch:/home/jiataoding/ros2_franka_ws/install/gravity_compensation:/home/jiataoding/ros2_franka_ws/install/franka_task_pipeline:/home/jiataoding/ros2_franka_ws/install/franka_ros2:/home/jiataoding/ros2_franka_ws/install/franka_bringup:/home/jiataoding/ros2_franka_ws/install/franka_robot_state_broadcaster:/home/jiataoding/ros2_franka_ws/install/franka_example_controllers:/home/jiataoding/ros2_franka_ws/install/franka_semantic_components:/home/jiataoding/ros2_franka_ws/install/franka_gazebo_bringup:/home/jiataoding/ros2_franka_ws/install/franka_ign_ros2_control:/home/jiataoding/ros2_franka_ws/install/franka_fr3_moveit_config:/home/jiataoding/ros2_franka_ws/install/franka_hardware:/home/jiataoding/ros2_franka_ws/install/franka_gripper:/home/jiataoding/ros2_franka_ws/install/franka_msgs:/home/jiataoding/ros2_franka_ws/install/franka_description:/home/jiataoding/ros2_franka_ws/install/cartesian_impedance_controller:/home/jiataoding/ros2_franka_ws/install/effort_controller_base:/home/jiataoding/ros2_franka_ws/install/debug_msg:/home/jiataoding/franco_ros2_franka_ws/install/joint_impedance_controller:/home/jiataoding/franco_ros2_franka_ws/install/integration_launch_testing:/home/jiataoding/franco_ros2_franka_ws/install/idra_franka_launch:/home/jiataoding/franco_ros2_franka_ws/install/gravity_compensation:/home/jiataoding/franco_ros2_franka_ws/install/franka_task_pipeline:/home/jiataoding/franco_ros2_franka_ws/install/franka_ros2:/home/jiataoding/franco_ros2_franka_ws/install/franka_bringup:/home/jiataoding/franco_ros2_franka_ws/install/franka_robot_state_broadcaster:/home/jiataoding/franco_ros2_franka_ws/install/franka_example_controllers:/home/jiataoding/franco_ros2_franka_ws/install/franka_semantic_components:/home/jiataoding/franco_ros2_franka_ws/install/franka_gazebo_bringup:/home/jiataoding/franco_ros2_franka_ws/install/franka_ign_ros2_control:/home/jiataoding/franco_ros2_franka_ws/install/franka_fr3_moveit_config:/home/jiataoding/franco_ros2_franka_ws/install/franka_hardware:/home/jiataoding/franco_ros2_franka_ws/install/franka_gripper:/home/jiataoding/franco_ros2_franka_ws/install/franka_msgs:/home/jiataoding/franco_ros2_franka_ws/install/franka_description:/home/jiataoding/franco_ros2_franka_ws/install/cartesian_impedance_controller:/home/jiataoding/franco_ros2_franka_ws/install/effort_controller_base:/home/jiataoding/franco_ros2_franka_ws/install/debug_msg:/opt/openrobots: /usr/bin/cmake --build /home/jiataoding/franco_ros2_franka_ws/src/build/debug_msg -- -j24 -l24
[0.126s] [  3%] Built target debug_msg__cpp
[0.128s] [ 12%] Built target debug_msg__rosidl_generator_c
[0.146s] [ 12%] Built target ament_cmake_python_symlink_debug_msg
[0.180s] [ 22%] Built target debug_msg__rosidl_typesupport_fastrtps_cpp
[0.180s] [ 32%] Built target debug_msg__rosidl_typesupport_cpp
[0.181s] [ 41%] Built target debug_msg__rosidl_typesupport_introspection_cpp
[0.182s] [ 51%] Built target debug_msg__rosidl_typesupport_fastrtps_c
[0.182s] [ 61%] Built target debug_msg__rosidl_typesupport_introspection_c
[0.183s] [ 70%] Built target debug_msg__rosidl_typesupport_c
[0.207s] [ 70%] Built target debug_msg
[0.244s] [ 74%] Built target debug_msg__py
[0.299s] [ 80%] Built target debug_msg__rosidl_generator_py
[0.343s] [ 87%] Built target debug_msg__rosidl_typesupport_introspection_c__pyext
[0.349s] [ 93%] Built target debug_msg__rosidl_typesupport_fastrtps_c__pyext
[0.350s] [100%] Built target debug_msg__rosidl_typesupport_c__pyext
[0.414s] running egg_info
[0.415s] writing debug_msg.egg-info/PKG-INFO
[0.415s] writing dependency_links to debug_msg.egg-info/dependency_links.txt
[0.415s] writing top-level names to debug_msg.egg-info/top_level.txt
[0.417s] reading manifest file 'debug_msg.egg-info/SOURCES.txt'
[0.417s] writing manifest file 'debug_msg.egg-info/SOURCES.txt'
[0.448s] [100%] Built target ament_cmake_python_build_debug_msg_egg
[0.472s] Invoked command in '/home/jiataoding/franco_ros2_franka_ws/src/build/debug_msg' returned '0': CMAKE_PREFIX_PATH=/home/jiataoding/franco_ros2_franka_ws/src/install/joint_impedance_controller:/home/jiataoding/franco_ros2_franka_ws/src/install/integration_launch_testing:/home/jiataoding/franco_ros2_franka_ws/src/install/idra_franka_launch:/home/jiataoding/franco_ros2_franka_ws/src/install/gravity_compensation:/home/jiataoding/franco_ros2_franka_ws/src/install/franka_task_pipeline:/home/jiataoding/franco_ros2_franka_ws/src/install/franka_ros2:/home/jiataoding/franco_ros2_franka_ws/src/install/franka_bringup:/home/jiataoding/franco_ros2_franka_ws/src/install/franka_robot_state_broadcaster:/home/jiataoding/franco_ros2_franka_ws/src/install/franka_example_controllers:/home/jiataoding/franco_ros2_franka_ws/src/install/franka_semantic_components:/home/jiataoding/franco_ros2_franka_ws/src/install/franka_gazebo_bringup:/home/jiataoding/franco_ros2_franka_ws/src/install/franka_ign_ros2_control:/home/jiataoding/franco_ros2_franka_ws/src/install/franka_fr3_moveit_config:/home/jiataoding/franco_ros2_franka_ws/src/install/franka_hardware:/home/jiataoding/franco_ros2_franka_ws/src/install/franka_gripper:/home/jiataoding/franco_ros2_franka_ws/src/install/franka_msgs:/home/jiataoding/franco_ros2_franka_ws/src/install/franka_description:/home/jiataoding/franco_ros2_franka_ws/src/install/cartesian_impedance_controller:/opt/ros/humble:/home/jiataoding/franco_ros2_franka_ws/src/install/effort_controller_base:/home/jiataoding/franco_ros2_franka_ws/src/install/debug_msg:/home/jiataoding/ros2_franka_ws/install/joint_impedance_controller:/home/jiataoding/ros2_franka_ws/install/integration_launch_testing:/home/jiataoding/ros2_franka_ws/install/idra_franka_launch:/home/jiataoding/ros2_franka_ws/install/gravity_compensation:/home/jiataoding/ros2_franka_ws/install/franka_task_pipeline:/home/jiataoding/ros2_franka_ws/install/franka_ros2:/home/jiataoding/ros2_franka_ws/install/franka_bringup:/home/jiataoding/ros2_franka_ws/install/franka_robot_state_broadcaster:/home/jiataoding/ros2_franka_ws/install/franka_example_controllers:/home/jiataoding/ros2_franka_ws/install/franka_semantic_components:/home/jiataoding/ros2_franka_ws/install/franka_gazebo_bringup:/home/jiataoding/ros2_franka_ws/install/franka_ign_ros2_control:/home/jiataoding/ros2_franka_ws/install/franka_fr3_moveit_config:/home/jiataoding/ros2_franka_ws/install/franka_hardware:/home/jiataoding/ros2_franka_ws/install/franka_gripper:/home/jiataoding/ros2_franka_ws/install/franka_msgs:/home/jiataoding/ros2_franka_ws/install/franka_description:/home/jiataoding/ros2_franka_ws/install/cartesian_impedance_controller:/home/jiataoding/ros2_franka_ws/install/effort_controller_base:/home/jiataoding/ros2_franka_ws/install/debug_msg:/home/jiataoding/franco_ros2_franka_ws/install/joint_impedance_controller:/home/jiataoding/franco_ros2_franka_ws/install/integration_launch_testing:/home/jiataoding/franco_ros2_franka_ws/install/idra_franka_launch:/home/jiataoding/franco_ros2_franka_ws/install/gravity_compensation:/home/jiataoding/franco_ros2_franka_ws/install/franka_task_pipeline:/home/jiataoding/franco_ros2_franka_ws/install/franka_ros2:/home/jiataoding/franco_ros2_franka_ws/install/franka_bringup:/home/jiataoding/franco_ros2_franka_ws/install/franka_robot_state_broadcaster:/home/jiataoding/franco_ros2_franka_ws/install/franka_example_controllers:/home/jiataoding/franco_ros2_franka_ws/install/franka_semantic_components:/home/jiataoding/franco_ros2_franka_ws/install/franka_gazebo_bringup:/home/jiataoding/franco_ros2_franka_ws/install/franka_ign_ros2_control:/home/jiataoding/franco_ros2_franka_ws/install/franka_fr3_moveit_config:/home/jiataoding/franco_ros2_franka_ws/install/franka_hardware:/home/jiataoding/franco_ros2_franka_ws/install/franka_gripper:/home/jiataoding/franco_ros2_franka_ws/install/franka_msgs:/home/jiataoding/franco_ros2_franka_ws/install/franka_description:/home/jiataoding/franco_ros2_franka_ws/install/cartesian_impedance_controller:/home/jiataoding/franco_ros2_franka_ws/install/effort_controller_base:/home/jiataoding/franco_ros2_franka_ws/install/debug_msg:/opt/openrobots: /usr/bin/cmake --build /home/jiataoding/franco_ros2_franka_ws/src/build/debug_msg -- -j24 -l24
[0.474s] Invoking command in '/home/jiataoding/franco_ros2_franka_ws/src/build/debug_msg': CMAKE_PREFIX_PATH=/home/jiataoding/franco_ros2_franka_ws/src/install/joint_impedance_controller:/home/jiataoding/franco_ros2_franka_ws/src/install/integration_launch_testing:/home/jiataoding/franco_ros2_franka_ws/src/install/idra_franka_launch:/home/jiataoding/franco_ros2_franka_ws/src/install/gravity_compensation:/home/jiataoding/franco_ros2_franka_ws/src/install/franka_task_pipeline:/home/jiataoding/franco_ros2_franka_ws/src/install/franka_ros2:/home/jiataoding/franco_ros2_franka_ws/src/install/franka_bringup:/home/jiataoding/franco_ros2_franka_ws/src/install/franka_robot_state_broadcaster:/home/jiataoding/franco_ros2_franka_ws/src/install/franka_example_controllers:/home/jiataoding/franco_ros2_franka_ws/src/install/franka_semantic_components:/home/jiataoding/franco_ros2_franka_ws/src/install/franka_gazebo_bringup:/home/jiataoding/franco_ros2_franka_ws/src/install/franka_ign_ros2_control:/home/jiataoding/franco_ros2_franka_ws/src/install/franka_fr3_moveit_config:/home/jiataoding/franco_ros2_franka_ws/src/install/franka_hardware:/home/jiataoding/franco_ros2_franka_ws/src/install/franka_gripper:/home/jiataoding/franco_ros2_franka_ws/src/install/franka_msgs:/home/jiataoding/franco_ros2_franka_ws/src/install/franka_description:/home/jiataoding/franco_ros2_franka_ws/src/install/cartesian_impedance_controller:/opt/ros/humble:/home/jiataoding/franco_ros2_franka_ws/src/install/effort_controller_base:/home/jiataoding/franco_ros2_franka_ws/src/install/debug_msg:/home/jiataoding/ros2_franka_ws/install/joint_impedance_controller:/home/jiataoding/ros2_franka_ws/install/integration_launch_testing:/home/jiataoding/ros2_franka_ws/install/idra_franka_launch:/home/jiataoding/ros2_franka_ws/install/gravity_compensation:/home/jiataoding/ros2_franka_ws/install/franka_task_pipeline:/home/jiataoding/ros2_franka_ws/install/franka_ros2:/home/jiataoding/ros2_franka_ws/install/franka_bringup:/home/jiataoding/ros2_franka_ws/install/franka_robot_state_broadcaster:/home/jiataoding/ros2_franka_ws/install/franka_example_controllers:/home/jiataoding/ros2_franka_ws/install/franka_semantic_components:/home/jiataoding/ros2_franka_ws/install/franka_gazebo_bringup:/home/jiataoding/ros2_franka_ws/install/franka_ign_ros2_control:/home/jiataoding/ros2_franka_ws/install/franka_fr3_moveit_config:/home/jiataoding/ros2_franka_ws/install/franka_hardware:/home/jiataoding/ros2_franka_ws/install/franka_gripper:/home/jiataoding/ros2_franka_ws/install/franka_msgs:/home/jiataoding/ros2_franka_ws/install/franka_description:/home/jiataoding/ros2_franka_ws/install/cartesian_impedance_controller:/home/jiataoding/ros2_franka_ws/install/effort_controller_base:/home/jiataoding/ros2_franka_ws/install/debug_msg:/home/jiataoding/franco_ros2_franka_ws/install/joint_impedance_controller:/home/jiataoding/franco_ros2_franka_ws/install/integration_launch_testing:/home/jiataoding/franco_ros2_franka_ws/install/idra_franka_launch:/home/jiataoding/franco_ros2_franka_ws/install/gravity_compensation:/home/jiataoding/franco_ros2_franka_ws/install/franka_task_pipeline:/home/jiataoding/franco_ros2_franka_ws/install/franka_ros2:/home/jiataoding/franco_ros2_franka_ws/install/franka_bringup:/home/jiataoding/franco_ros2_franka_ws/install/franka_robot_state_broadcaster:/home/jiataoding/franco_ros2_franka_ws/install/franka_example_controllers:/home/jiataoding/franco_ros2_franka_ws/install/franka_semantic_components:/home/jiataoding/franco_ros2_franka_ws/install/franka_gazebo_bringup:/home/jiataoding/franco_ros2_franka_ws/install/franka_ign_ros2_control:/home/jiataoding/franco_ros2_franka_ws/install/franka_fr3_moveit_config:/home/jiataoding/franco_ros2_franka_ws/install/franka_hardware:/home/jiataoding/franco_ros2_franka_ws/install/franka_gripper:/home/jiataoding/franco_ros2_franka_ws/install/franka_msgs:/home/jiataoding/franco_ros2_franka_ws/install/franka_description:/home/jiataoding/franco_ros2_franka_ws/install/cartesian_impedance_controller:/home/jiataoding/franco_ros2_franka_ws/install/effort_controller_base:/home/jiataoding/franco_ros2_franka_ws/install/debug_msg:/opt/openrobots: /usr/bin/cmake --install /home/jiataoding/franco_ros2_franka_ws/src/build/debug_msg
[0.492s] -- Install configuration: "Release"
[0.493s] -- Execute custom install script
[0.493s] -- Up-to-date symlink: /home/jiataoding/franco_ros2_franka_ws/src/install/debug_msg/share/ament_index/resource_index/rosidl_interfaces/debug_msg
[0.493s] -- Up-to-date symlink: /home/jiataoding/franco_ros2_franka_ws/src/install/debug_msg/include/debug_msg/debug_msg/msg/debug.h
[0.494s] -- Up-to-date symlink: /home/jiataoding/franco_ros2_franka_ws/src/install/debug_msg/include/debug_msg/debug_msg/msg/detail/debug__functions.h
[0.494s] -- Up-to-date symlink: /home/jiataoding/franco_ros2_franka_ws/src/install/debug_msg/include/debug_msg/debug_msg/msg/detail/debug__struct.h
[0.494s] -- Up-to-date symlink: /home/jiataoding/franco_ros2_franka_ws/src/install/debug_msg/include/debug_msg/debug_msg/msg/detail/debug__type_support.h
[0.494s] -- Up-to-date symlink: /home/jiataoding/franco_ros2_franka_ws/src/install/debug_msg/include/debug_msg/debug_msg/msg/rosidl_generator_c__visibility_control.h
[0.494s] -- Up-to-date symlink: /home/jiataoding/franco_ros2_franka_ws/src/install/debug_msg/share/debug_msg/environment/library_path.sh
[0.495s] -- Up-to-date symlink: /home/jiataoding/franco_ros2_franka_ws/src/install/debug_msg/share/debug_msg/environment/library_path.dsv
[0.495s] -- Up-to-date symlink: /home/jiataoding/franco_ros2_franka_ws/src/install/debug_msg/include/debug_msg/debug_msg/msg/detail/debug__rosidl_typesupport_fastrtps_c.h
[0.495s] -- Up-to-date symlink: /home/jiataoding/franco_ros2_franka_ws/src/install/debug_msg/include/debug_msg/debug_msg/msg/rosidl_typesupport_fastrtps_c__visibility_control.h
[0.495s] -- Up-to-date symlink: /home/jiataoding/franco_ros2_franka_ws/src/install/debug_msg/include/debug_msg/debug_msg/msg/detail/debug__rosidl_typesupport_introspection_c.h
[0.496s] -- Up-to-date symlink: /home/jiataoding/franco_ros2_franka_ws/src/install/debug_msg/include/debug_msg/debug_msg/msg/rosidl_typesupport_introspection_c__visibility_control.h
[0.496s] -- Up-to-date symlink: /home/jiataoding/franco_ros2_franka_ws/src/install/debug_msg/include/debug_msg/debug_msg/msg/debug.hpp
[0.496s] -- Up-to-date symlink: /home/jiataoding/franco_ros2_franka_ws/src/install/debug_msg/include/debug_msg/debug_msg/msg/detail/debug__builder.hpp
[0.496s] -- Up-to-date symlink: /home/jiataoding/franco_ros2_franka_ws/src/install/debug_msg/include/debug_msg/debug_msg/msg/detail/debug__struct.hpp
[0.496s] -- Up-to-date symlink: /home/jiataoding/franco_ros2_franka_ws/src/install/debug_msg/include/debug_msg/debug_msg/msg/detail/debug__traits.hpp
[0.497s] -- Up-to-date symlink: /home/jiataoding/franco_ros2_franka_ws/src/install/debug_msg/include/debug_msg/debug_msg/msg/detail/debug__type_support.hpp
[0.497s] -- Up-to-date symlink: /home/jiataoding/franco_ros2_franka_ws/src/install/debug_msg/include/debug_msg/debug_msg/msg/rosidl_generator_cpp__visibility_control.hpp
[0.497s] -- Up-to-date symlink: /home/jiataoding/franco_ros2_franka_ws/src/install/debug_msg/include/debug_msg/debug_msg/msg/detail/debug__rosidl_typesupport_fastrtps_cpp.hpp
[0.497s] -- Up-to-date symlink: /home/jiataoding/franco_ros2_franka_ws/src/install/debug_msg/include/debug_msg/debug_msg/msg/rosidl_typesupport_fastrtps_cpp__visibility_control.h
[0.498s] -- Up-to-date symlink: /home/jiataoding/franco_ros2_franka_ws/src/install/debug_msg/include/debug_msg/debug_msg/msg/detail/debug__rosidl_typesupport_introspection_cpp.hpp
[0.498s] -- Up-to-date symlink: /home/jiataoding/franco_ros2_franka_ws/src/install/debug_msg/share/debug_msg/environment/pythonpath.sh
[0.498s] -- Up-to-date symlink: /home/jiataoding/franco_ros2_franka_ws/src/install/debug_msg/share/debug_msg/environment/pythonpath.dsv
[0.499s] -- Up-to-date symlink: /home/jiataoding/franco_ros2_franka_ws/src/install/debug_msg/local/lib/python3.10/dist-packages/debug_msg-1.5.0-py3.10.egg-info/PKG-INFO
[0.499s] -- Up-to-date symlink: /home/jiataoding/franco_ros2_franka_ws/src/install/debug_msg/local/lib/python3.10/dist-packages/debug_msg-1.5.0-py3.10.egg-info/SOURCES.txt
[0.499s] -- Up-to-date symlink: /home/jiataoding/franco_ros2_franka_ws/src/install/debug_msg/local/lib/python3.10/dist-packages/debug_msg-1.5.0-py3.10.egg-info/dependency_links.txt
[0.499s] -- Up-to-date symlink: /home/jiataoding/franco_ros2_franka_ws/src/install/debug_msg/local/lib/python3.10/dist-packages/debug_msg-1.5.0-py3.10.egg-info/top_level.txt
[0.500s] -- Up-to-date symlink: /home/jiataoding/franco_ros2_franka_ws/src/install/debug_msg/local/lib/python3.10/dist-packages/debug_msg/__init__.py
[0.500s] -- Up-to-date symlink: /home/jiataoding/franco_ros2_franka_ws/src/install/debug_msg/local/lib/python3.10/dist-packages/debug_msg/_debug_msg_s.ep.rosidl_typesupport_c.c
[0.500s] -- Up-to-date symlink: /home/jiataoding/franco_ros2_franka_ws/src/install/debug_msg/local/lib/python3.10/dist-packages/debug_msg/_debug_msg_s.ep.rosidl_typesupport_fastrtps_c.c
[0.501s] -- Up-to-date symlink: /home/jiataoding/franco_ros2_franka_ws/src/install/debug_msg/local/lib/python3.10/dist-packages/debug_msg/_debug_msg_s.ep.rosidl_typesupport_introspection_c.c
[0.501s] -- Up-to-date symlink: /home/jiataoding/franco_ros2_franka_ws/src/install/debug_msg/local/lib/python3.10/dist-packages/debug_msg/debug_msg_s__rosidl_typesupport_c.cpython-310-x86_64-linux-gnu.so
[0.501s] -- Up-to-date symlink: /home/jiataoding/franco_ros2_franka_ws/src/install/debug_msg/local/lib/python3.10/dist-packages/debug_msg/debug_msg_s__rosidl_typesupport_fastrtps_c.cpython-310-x86_64-linux-gnu.so
[0.501s] -- Up-to-date symlink: /home/jiataoding/franco_ros2_franka_ws/src/install/debug_msg/local/lib/python3.10/dist-packages/debug_msg/debug_msg_s__rosidl_typesupport_introspection_c.cpython-310-x86_64-linux-gnu.so
[0.502s] -- Up-to-date symlink: /home/jiataoding/franco_ros2_franka_ws/src/install/debug_msg/local/lib/python3.10/dist-packages/debug_msg/libdebug_msg__rosidl_generator_py.so
[0.502s] -- Up-to-date symlink: /home/jiataoding/franco_ros2_franka_ws/src/install/debug_msg/local/lib/python3.10/dist-packages/debug_msg/msg/__init__.py
[0.502s] -- Up-to-date symlink: /home/jiataoding/franco_ros2_franka_ws/src/install/debug_msg/local/lib/python3.10/dist-packages/debug_msg/msg/_debug.py
[0.502s] -- Up-to-date symlink: /home/jiataoding/franco_ros2_franka_ws/src/install/debug_msg/local/lib/python3.10/dist-packages/debug_msg/msg/_debug_s.c
[0.503s] -- Up-to-date symlink: /home/jiataoding/franco_ros2_franka_ws/src/install/debug_msg/local/lib/python3.10/dist-packages/debug_msg/debug_msg_s__rosidl_typesupport_fastrtps_c.cpython-310-x86_64-linux-gnu.so
[0.503s] -- Up-to-date symlink: /home/jiataoding/franco_ros2_franka_ws/src/install/debug_msg/local/lib/python3.10/dist-packages/debug_msg/debug_msg_s__rosidl_typesupport_introspection_c.cpython-310-x86_64-linux-gnu.so
[0.504s] -- Up-to-date symlink: /home/jiataoding/franco_ros2_franka_ws/src/install/debug_msg/local/lib/python3.10/dist-packages/debug_msg/debug_msg_s__rosidl_typesupport_c.cpython-310-x86_64-linux-gnu.so
[0.504s] -- Up-to-date symlink: /home/jiataoding/franco_ros2_franka_ws/src/install/debug_msg/share/debug_msg/msg/Debug.idl
[0.504s] -- Up-to-date symlink: /home/jiataoding/franco_ros2_franka_ws/src/install/debug_msg/share/debug_msg/msg/Debug.msg
[0.504s] -- Up-to-date symlink: /home/jiataoding/franco_ros2_franka_ws/src/install/debug_msg/share/ament_index/resource_index/package_run_dependencies/debug_msg
[0.505s] -- Up-to-date symlink: /home/jiataoding/franco_ros2_franka_ws/src/install/debug_msg/share/ament_index/resource_index/parent_prefix_path/debug_msg
[0.505s] -- Up-to-date symlink: /home/jiataoding/franco_ros2_franka_ws/src/install/debug_msg/share/debug_msg/environment/ament_prefix_path.sh
[0.505s] -- Up-to-date symlink: /home/jiataoding/franco_ros2_franka_ws/src/install/debug_msg/share/debug_msg/environment/ament_prefix_path.dsv
[0.505s] -- Up-to-date symlink: /home/jiataoding/franco_ros2_franka_ws/src/install/debug_msg/share/debug_msg/environment/path.sh
[0.505s] -- Up-to-date symlink: /home/jiataoding/franco_ros2_franka_ws/src/install/debug_msg/share/debug_msg/environment/path.dsv
[0.505s] -- Up-to-date symlink: /home/jiataoding/franco_ros2_franka_ws/src/install/debug_msg/share/debug_msg/local_setup.bash
[0.506s] -- Up-to-date symlink: /home/jiataoding/franco_ros2_franka_ws/src/install/debug_msg/share/debug_msg/local_setup.sh
[0.506s] -- Up-to-date symlink: /home/jiataoding/franco_ros2_franka_ws/src/install/debug_msg/share/debug_msg/local_setup.zsh
[0.506s] -- Up-to-date symlink: /home/jiataoding/franco_ros2_franka_ws/src/install/debug_msg/share/debug_msg/local_setup.dsv
[0.506s] -- Symlinking: /home/jiataoding/franco_ros2_franka_ws/src/install/debug_msg/share/debug_msg/package.dsv
[0.521s] -- Up-to-date symlink: /home/jiataoding/franco_ros2_franka_ws/src/install/debug_msg/share/ament_index/resource_index/packages/debug_msg
[0.521s] -- Up-to-date symlink: /home/jiataoding/franco_ros2_franka_ws/src/install/debug_msg/share/debug_msg/cmake/rosidl_cmake-extras.cmake
[0.521s] -- Up-to-date symlink: /home/jiataoding/franco_ros2_franka_ws/src/install/debug_msg/share/debug_msg/cmake/ament_cmake_export_include_directories-extras.cmake
[0.521s] -- Up-to-date symlink: /home/jiataoding/franco_ros2_franka_ws/src/install/debug_msg/share/debug_msg/cmake/ament_cmake_export_libraries-extras.cmake
[0.522s] -- Up-to-date symlink: /home/jiataoding/franco_ros2_franka_ws/src/install/debug_msg/share/debug_msg/cmake/ament_cmake_export_targets-extras.cmake
[0.522s] -- Up-to-date symlink: /home/jiataoding/franco_ros2_franka_ws/src/install/debug_msg/share/debug_msg/cmake/rosidl_cmake_export_typesupport_targets-extras.cmake
[0.522s] -- Up-to-date symlink: /home/jiataoding/franco_ros2_franka_ws/src/install/debug_msg/share/debug_msg/cmake/ament_cmake_export_dependencies-extras.cmake
[0.522s] -- Up-to-date symlink: /home/jiataoding/franco_ros2_franka_ws/src/install/debug_msg/share/debug_msg/cmake/rosidl_cmake_export_typesupport_libraries-extras.cmake
[0.523s] -- Up-to-date symlink: /home/jiataoding/franco_ros2_franka_ws/src/install/debug_msg/share/debug_msg/cmake/debug_msgConfig.cmake
[0.523s] -- Up-to-date symlink: /home/jiataoding/franco_ros2_franka_ws/src/install/debug_msg/share/debug_msg/cmake/debug_msgConfig-version.cmake
[0.523s] -- Up-to-date symlink: /home/jiataoding/franco_ros2_franka_ws/src/install/debug_msg/share/debug_msg/package.xml
[0.523s] -- Up-to-date: /home/jiataoding/franco_ros2_franka_ws/src/install/debug_msg/lib/libdebug_msg__rosidl_generator_c.so
[0.524s] -- Up-to-date: /home/jiataoding/franco_ros2_franka_ws/src/install/debug_msg/lib/libdebug_msg__rosidl_typesupport_fastrtps_c.so
[0.525s] -- Up-to-date: /home/jiataoding/franco_ros2_franka_ws/src/install/debug_msg/lib/libdebug_msg__rosidl_typesupport_introspection_c.so
[0.525s] -- Up-to-date: /home/jiataoding/franco_ros2_franka_ws/src/install/debug_msg/lib/libdebug_msg__rosidl_typesupport_c.so
[0.526s] -- Up-to-date: /home/jiataoding/franco_ros2_franka_ws/src/install/debug_msg/lib/libdebug_msg__rosidl_typesupport_fastrtps_cpp.so
[0.526s] -- Up-to-date: /home/jiataoding/franco_ros2_franka_ws/src/install/debug_msg/lib/libdebug_msg__rosidl_typesupport_introspection_cpp.so
[0.527s] -- Up-to-date: /home/jiataoding/franco_ros2_franka_ws/src/install/debug_msg/lib/libdebug_msg__rosidl_typesupport_cpp.so
[0.579s] Listing '/home/jiataoding/franco_ros2_franka_ws/src/install/debug_msg/local/lib/python3.10/dist-packages/debug_msg'...
[0.579s] Listing '/home/jiataoding/franco_ros2_franka_ws/src/install/debug_msg/local/lib/python3.10/dist-packages/debug_msg/msg'...
[0.584s] -- Up-to-date: /home/jiataoding/franco_ros2_franka_ws/src/install/debug_msg/lib/libdebug_msg__rosidl_generator_py.so
[0.584s] -- Up-to-date: /home/jiataoding/franco_ros2_franka_ws/src/install/debug_msg/share/debug_msg/cmake/export_debug_msg__rosidl_generator_cExport.cmake
[0.584s] -- Up-to-date: /home/jiataoding/franco_ros2_franka_ws/src/install/debug_msg/share/debug_msg/cmake/export_debug_msg__rosidl_generator_cExport-release.cmake
[0.585s] -- Up-to-date: /home/jiataoding/franco_ros2_franka_ws/src/install/debug_msg/share/debug_msg/cmake/export_debug_msg__rosidl_typesupport_fastrtps_cExport.cmake
[0.585s] -- Up-to-date: /home/jiataoding/franco_ros2_franka_ws/src/install/debug_msg/share/debug_msg/cmake/export_debug_msg__rosidl_typesupport_fastrtps_cExport-release.cmake
[0.585s] -- Up-to-date: /home/jiataoding/franco_ros2_franka_ws/src/install/debug_msg/share/debug_msg/cmake/debug_msg__rosidl_typesupport_introspection_cExport.cmake
[0.585s] -- Up-to-date: /home/jiataoding/franco_ros2_franka_ws/src/install/debug_msg/share/debug_msg/cmake/debug_msg__rosidl_typesupport_introspection_cExport-release.cmake
[0.585s] -- Up-to-date: /home/jiataoding/franco_ros2_franka_ws/src/install/debug_msg/share/debug_msg/cmake/debug_msg__rosidl_typesupport_cExport.cmake
[0.585s] -- Up-to-date: /home/jiataoding/franco_ros2_franka_ws/src/install/debug_msg/share/debug_msg/cmake/debug_msg__rosidl_typesupport_cExport-release.cmake
[0.585s] -- Up-to-date: /home/jiataoding/franco_ros2_franka_ws/src/install/debug_msg/share/debug_msg/cmake/export_debug_msg__rosidl_generator_cppExport.cmake
[0.586s] -- Up-to-date: /home/jiataoding/franco_ros2_franka_ws/src/install/debug_msg/share/debug_msg/cmake/export_debug_msg__rosidl_typesupport_fastrtps_cppExport.cmake
[0.586s] -- Up-to-date: /home/jiataoding/franco_ros2_franka_ws/src/install/debug_msg/share/debug_msg/cmake/export_debug_msg__rosidl_typesupport_fastrtps_cppExport-release.cmake
[0.586s] -- Up-to-date: /home/jiataoding/franco_ros2_franka_ws/src/install/debug_msg/share/debug_msg/cmake/debug_msg__rosidl_typesupport_introspection_cppExport.cmake
[0.586s] -- Up-to-date: /home/jiataoding/franco_ros2_franka_ws/src/install/debug_msg/share/debug_msg/cmake/debug_msg__rosidl_typesupport_introspection_cppExport-release.cmake
[0.586s] -- Up-to-date: /home/jiataoding/franco_ros2_franka_ws/src/install/debug_msg/share/debug_msg/cmake/debug_msg__rosidl_typesupport_cppExport.cmake
[0.586s] -- Up-to-date: /home/jiataoding/franco_ros2_franka_ws/src/install/debug_msg/share/debug_msg/cmake/debug_msg__rosidl_typesupport_cppExport-release.cmake
[0.586s] -- Up-to-date: /home/jiataoding/franco_ros2_franka_ws/src/install/debug_msg/share/debug_msg/cmake/export_debug_msg__rosidl_generator_pyExport.cmake
[0.587s] -- Up-to-date: /home/jiataoding/franco_ros2_franka_ws/src/install/debug_msg/share/debug_msg/cmake/export_debug_msg__rosidl_generator_pyExport-release.cmake
[0.591s] Invoked command in '/home/jiataoding/franco_ros2_franka_ws/src/build/debug_msg' returned '0': CMAKE_PREFIX_PATH=/home/jiataoding/franco_ros2_franka_ws/src/install/joint_impedance_controller:/home/jiataoding/franco_ros2_franka_ws/src/install/integration_launch_testing:/home/jiataoding/franco_ros2_franka_ws/src/install/idra_franka_launch:/home/jiataoding/franco_ros2_franka_ws/src/install/gravity_compensation:/home/jiataoding/franco_ros2_franka_ws/src/install/franka_task_pipeline:/home/jiataoding/franco_ros2_franka_ws/src/install/franka_ros2:/home/jiataoding/franco_ros2_franka_ws/src/install/franka_bringup:/home/jiataoding/franco_ros2_franka_ws/src/install/franka_robot_state_broadcaster:/home/jiataoding/franco_ros2_franka_ws/src/install/franka_example_controllers:/home/jiataoding/franco_ros2_franka_ws/src/install/franka_semantic_components:/home/jiataoding/franco_ros2_franka_ws/src/install/franka_gazebo_bringup:/home/jiataoding/franco_ros2_franka_ws/src/install/franka_ign_ros2_control:/home/jiataoding/franco_ros2_franka_ws/src/install/franka_fr3_moveit_config:/home/jiataoding/franco_ros2_franka_ws/src/install/franka_hardware:/home/jiataoding/franco_ros2_franka_ws/src/install/franka_gripper:/home/jiataoding/franco_ros2_franka_ws/src/install/franka_msgs:/home/jiataoding/franco_ros2_franka_ws/src/install/franka_description:/home/jiataoding/franco_ros2_franka_ws/src/install/cartesian_impedance_controller:/opt/ros/humble:/home/jiataoding/franco_ros2_franka_ws/src/install/effort_controller_base:/home/jiataoding/franco_ros2_franka_ws/src/install/debug_msg:/home/jiataoding/ros2_franka_ws/install/joint_impedance_controller:/home/jiataoding/ros2_franka_ws/install/integration_launch_testing:/home/jiataoding/ros2_franka_ws/install/idra_franka_launch:/home/jiataoding/ros2_franka_ws/install/gravity_compensation:/home/jiataoding/ros2_franka_ws/install/franka_task_pipeline:/home/jiataoding/ros2_franka_ws/install/franka_ros2:/home/jiataoding/ros2_franka_ws/install/franka_bringup:/home/jiataoding/ros2_franka_ws/install/franka_robot_state_broadcaster:/home/jiataoding/ros2_franka_ws/install/franka_example_controllers:/home/jiataoding/ros2_franka_ws/install/franka_semantic_components:/home/jiataoding/ros2_franka_ws/install/franka_gazebo_bringup:/home/jiataoding/ros2_franka_ws/install/franka_ign_ros2_control:/home/jiataoding/ros2_franka_ws/install/franka_fr3_moveit_config:/home/jiataoding/ros2_franka_ws/install/franka_hardware:/home/jiataoding/ros2_franka_ws/install/franka_gripper:/home/jiataoding/ros2_franka_ws/install/franka_msgs:/home/jiataoding/ros2_franka_ws/install/franka_description:/home/jiataoding/ros2_franka_ws/install/cartesian_impedance_controller:/home/jiataoding/ros2_franka_ws/install/effort_controller_base:/home/jiataoding/ros2_franka_ws/install/debug_msg:/home/jiataoding/franco_ros2_franka_ws/install/joint_impedance_controller:/home/jiataoding/franco_ros2_franka_ws/install/integration_launch_testing:/home/jiataoding/franco_ros2_franka_ws/install/idra_franka_launch:/home/jiataoding/franco_ros2_franka_ws/install/gravity_compensation:/home/jiataoding/franco_ros2_franka_ws/install/franka_task_pipeline:/home/jiataoding/franco_ros2_franka_ws/install/franka_ros2:/home/jiataoding/franco_ros2_franka_ws/install/franka_bringup:/home/jiataoding/franco_ros2_franka_ws/install/franka_robot_state_broadcaster:/home/jiataoding/franco_ros2_franka_ws/install/franka_example_controllers:/home/jiataoding/franco_ros2_franka_ws/install/franka_semantic_components:/home/jiataoding/franco_ros2_franka_ws/install/franka_gazebo_bringup:/home/jiataoding/franco_ros2_franka_ws/install/franka_ign_ros2_control:/home/jiataoding/franco_ros2_franka_ws/install/franka_fr3_moveit_config:/home/jiataoding/franco_ros2_franka_ws/install/franka_hardware:/home/jiataoding/franco_ros2_franka_ws/install/franka_gripper:/home/jiataoding/franco_ros2_franka_ws/install/franka_msgs:/home/jiataoding/franco_ros2_franka_ws/install/franka_description:/home/jiataoding/franco_ros2_franka_ws/install/cartesian_impedance_controller:/home/jiataoding/franco_ros2_franka_ws/install/effort_controller_base:/home/jiataoding/franco_ros2_franka_ws/install/debug_msg:/opt/openrobots: /usr/bin/cmake --install /home/jiataoding/franco_ros2_franka_ws/src/build/debug_msg
