[0.023s] Invoking command in '/home/jiataoding/franco_ros2_franka_ws/src/build/franka_ign_ros2_control': AMENT_PREFIX_PATH=/home/jiataoding/franco_ros2_franka_ws/src/install/franka_hardware:/home/jiataoding/franco_ros2_franka_ws/src/install/franka_msgs:${AMENT_PREFIX_PATH} CMAKE_PREFIX_PATH=/home/jiataoding/franco_ros2_franka_ws/src/install/franka_hardware:/home/jiataoding/franco_ros2_franka_ws/src/install/franka_msgs:/home/jiataoding/ros2_franka_ws/install/joint_impedance_controller:/home/jiataoding/ros2_franka_ws/install/integration_launch_testing:/home/jiataoding/ros2_franka_ws/install/idra_franka_launch:/home/jiataoding/ros2_franka_ws/install/gravity_compensation:/home/jiataoding/ros2_franka_ws/install/franka_task_pipeline:/home/jiataoding/ros2_franka_ws/install/franka_ros2:/home/jiataoding/ros2_franka_ws/install/franka_bringup:/home/jiataoding/ros2_franka_ws/install/franka_robot_state_broadcaster:/home/jiataoding/ros2_franka_ws/install/franka_example_controllers:/home/jiataoding/ros2_franka_ws/install/franka_semantic_components:/home/jiataoding/ros2_franka_ws/install/franka_gazebo_bringup:/home/jiataoding/ros2_franka_ws/install/franka_ign_ros2_control:/home/jiataoding/ros2_franka_ws/install/franka_fr3_moveit_config:/home/jiataoding/ros2_franka_ws/install/franka_hardware:/home/jiataoding/ros2_franka_ws/install/franka_gripper:/home/jiataoding/ros2_franka_ws/install/franka_msgs:/home/jiataoding/ros2_franka_ws/install/franka_description:/home/jiataoding/ros2_franka_ws/install/cartesian_impedance_controller:/opt/ros/humble:/home/jiataoding/ros2_franka_ws/install/effort_controller_base:/home/jiataoding/ros2_franka_ws/install/debug_msg:/home/jiataoding/franco_ros2_franka_ws/install/joint_impedance_controller:/home/jiataoding/franco_ros2_franka_ws/install/integration_launch_testing:/home/jiataoding/franco_ros2_franka_ws/install/idra_franka_launch:/home/jiataoding/franco_ros2_franka_ws/install/gravity_compensation:/home/jiataoding/franco_ros2_franka_ws/install/franka_task_pipeline:/home/jiataoding/franco_ros2_franka_ws/install/franka_ros2:/home/jiataoding/franco_ros2_franka_ws/install/franka_bringup:/home/jiataoding/franco_ros2_franka_ws/install/franka_robot_state_broadcaster:/home/jiataoding/franco_ros2_franka_ws/install/franka_example_controllers:/home/jiataoding/franco_ros2_franka_ws/install/franka_semantic_components:/home/jiataoding/franco_ros2_franka_ws/install/franka_gazebo_bringup:/home/jiataoding/franco_ros2_franka_ws/install/franka_ign_ros2_control:/home/jiataoding/franco_ros2_franka_ws/install/franka_fr3_moveit_config:/home/jiataoding/franco_ros2_franka_ws/install/franka_hardware:/home/jiataoding/franco_ros2_franka_ws/install/franka_gripper:/home/jiataoding/franco_ros2_franka_ws/install/franka_msgs:/home/jiataoding/franco_ros2_franka_ws/install/franka_description:/home/jiataoding/franco_ros2_franka_ws/install/cartesian_impedance_controller:/home/jiataoding/franco_ros2_franka_ws/install/effort_controller_base:/home/jiataoding/franco_ros2_franka_ws/install/debug_msg:/opt/openrobots LD_LIBRARY_PATH=/home/jiataoding/franco_ros2_franka_ws/src/install/franka_hardware/lib:/home/jiataoding/franco_ros2_franka_ws/src/install/franka_msgs/lib:${LD_LIBRARY_PATH} PYTHONPATH=/home/jiataoding/franco_ros2_franka_ws/src/install/franka_msgs/local/lib/python3.10/dist-packages:${PYTHONPATH} /usr/bin/cmake /home/jiataoding/franco_ros2_franka_ws/src/franka_ros2/franka_gazebo/franka_ign_ros2_control -DCMAKE_BUILD_TYPE=Release -DAMENT_CMAKE_SYMLINK_INSTALL=1 -DCMAKE_INSTALL_PREFIX=/home/jiataoding/franco_ros2_franka_ws/src/install/franka_ign_ros2_control
[0.104s] -- The C compiler identification is GNU 11.4.0
[0.187s] -- The CXX compiler identification is GNU 11.4.0
[0.199s] -- Detecting C compiler ABI info
[0.307s] -- Detecting C compiler ABI info - done
[0.322s] -- Check for working C compiler: /usr/bin/cc - skipped
[0.322s] -- Detecting C compile features
[0.323s] -- Detecting C compile features - done
[0.328s] -- Detecting CXX compiler ABI info
[0.452s] -- Detecting CXX compiler ABI info - done
[0.458s] -- Check for working CXX compiler: /usr/bin/c++ - skipped
[0.458s] -- Detecting CXX compile features
[0.458s] -- Detecting CXX compile features - done
[0.465s] -- Found ament_cmake: 1.3.12 (/opt/ros/humble/share/ament_cmake/cmake)
[0.637s] -- Found Python3: /usr/bin/python3 (found version "3.10.12") found components: Interpreter 
[0.697s] -- Override CMake install command with custom implementation using symlinks instead of copying resources
[0.771s] -- Found ament_index_cpp: 1.4.0 (/opt/ros/humble/share/ament_index_cpp/cmake)
[0.776s] -- Found controller_manager: 2.53.0 (/opt/ros/humble/share/controller_manager/cmake)
[0.855s] -- Found rosidl_generator_c: 3.1.8 (/opt/ros/humble/share/rosidl_generator_c/cmake)
[0.864s] -- Found rosidl_adapter: 3.1.8 (/opt/ros/humble/share/rosidl_adapter/cmake)
[0.876s] -- Found rosidl_generator_cpp: 3.1.8 (/opt/ros/humble/share/rosidl_generator_cpp/cmake)
[0.893s] -- Using all available rosidl_typesupport_c: rosidl_typesupport_fastrtps_c;rosidl_typesupport_introspection_c
[0.914s] -- Using all available rosidl_typesupport_cpp: rosidl_typesupport_fastrtps_cpp;rosidl_typesupport_introspection_cpp
[1.140s] -- Found rmw_implementation_cmake: 6.1.2 (/opt/ros/humble/share/rmw_implementation_cmake/cmake)
[1.146s] -- Found rmw_fastrtps_cpp: 6.2.9 (/opt/ros/humble/share/rmw_fastrtps_cpp/cmake)
[1.178s] -- Found TinyXML2 via Config file: TinyXML2_DIR-NOTFOUND
[1.291s] -- Found OpenSSL: /usr/lib/x86_64-linux-gnu/libcrypto.so (found version "3.0.2")  
[1.294s] -- Found TinyXML2 via Config file: TinyXML2_DIR-NOTFOUND
[1.315s] -- Found FastRTPS: /opt/ros/humble/include  
[1.318s] -- Found TinyXML2 via Config file: TinyXML2_DIR-NOTFOUND
[1.327s] -- Found TinyXML2 via Config file: TinyXML2_DIR-NOTFOUND
[1.341s] -- Using RMW implementation 'rmw_fastrtps_cpp' as default
[1.360s] -- Looking for pthread.h
[1.458s] -- Looking for pthread.h - found
[1.458s] -- Performing Test CMAKE_HAVE_LIBC_PTHREAD
[1.558s] -- Performing Test CMAKE_HAVE_LIBC_PTHREAD - Success
[1.560s] -- Found Threads: TRUE  
[1.657s] -- Found yaml_cpp_vendor: 8.0.2 (/opt/ros/humble/share/yaml_cpp_vendor/cmake)
[1.664s] -- Found franka_hardware: 2.1.0 (/home/jiataoding/franco_ros2_franka_ws/src/install/franka_hardware/share/franka_hardware/cmake)
[1.670s] -- Found urdf: 2.6.1 (/opt/ros/humble/share/urdf/cmake)
[1.687s] -- Found kdl_parser: 2.6.4 (/opt/ros/humble/share/kdl_parser/cmake)
[1.716s] -- Found eigen3_cmake_module: 0.1.1 (/opt/ros/humble/share/eigen3_cmake_module/cmake)
[1.717s] -- Found Eigen3: TRUE (found version "3.4.0") 
[1.717s] -- Ensuring Eigen3 include directory is part of orocos-kdl CMake target
[1.732s] -- Found tf2_geometry_msgs: 0.25.18 (/opt/ros/humble/share/tf2_geometry_msgs/cmake)
[1.802s] -- Found tf2_eigen: 0.25.18 (/opt/ros/humble/share/tf2_eigen/cmake)
[1.811s] -- Looking for ignition-gazebo6 -- found version 6.16.0
[1.820s] -- Searching for dependencies of ignition-gazebo6
[1.827s] -- Looking for sdformat12 -- found version 12.7.2
[1.827s] -- Searching for dependencies of sdformat12
[1.834s] -- Checking for module 'tinyxml2'
[1.861s] --   Found tinyxml2, version 9.0.0
[1.945s] -- Looking for ignition-math6 -- found version 6.15.1
[1.945s] -- Searching for dependencies of ignition-math6
[1.956s] -- Looking for ignition-utils1 -- found version 1.5.1
[1.957s] -- Searching for dependencies of ignition-utils1
[1.964s] -- Looking for ignition-plugin1 -- found version 1.4.0
[1.965s] -- Searching for dependencies of ignition-plugin1
[1.965s] -- Searching for <ignition-plugin1> component [loader]
[1.972s] -- Looking for ignition-plugin1-loader -- found version 1.4.0
[1.973s] -- Searching for dependencies of ignition-plugin1-loader
[1.973s] -- Searching for <ignition-plugin1> component [register]
[1.981s] -- Looking for ignition-plugin1-register -- found version 1.4.0
[1.981s] -- Searching for dependencies of ignition-plugin1-register
[1.989s] -- Looking for ignition-transport11 -- found version 11.4.1
[1.989s] -- Searching for dependencies of ignition-transport11
[2.026s] -- Found Protobuf: /usr/lib/x86_64-linux-gnu/libprotobuf.so (found version "3.12.4") 
[2.044s] -- Config-file not installed for ZeroMQ -- checking for pkg-config
[2.052s] -- Checking for module 'libzmq >= 4'
[2.085s] --   Found libzmq , version 4.3.4
[2.172s] -- Found ZeroMQ: TRUE (Required is at least version "4") 
[2.181s] -- Checking for module 'uuid'
[2.209s] --   Found uuid, version 2.37.2
[2.275s] -- Found UUID: TRUE  
[2.275s] -- Looking for ignition-utils1 -- found version 1.5.1
[2.276s] -- Searching for dependencies of ignition-utils1
[2.276s] -- Searching for <ignition-utils1> component [cli]
[2.285s] -- Looking for ignition-utils1-cli -- found version 1.5.1
[2.285s] -- Searching for dependencies of ignition-utils1-cli
[2.295s] -- Looking for ignition-msgs8 -- found version 8.7.0
[2.295s] -- Searching for dependencies of ignition-msgs8
[2.322s] -- Found Protobuf: /usr/lib/x86_64-linux-gnu/libprotobuf.so (found suitable version "3.12.4", minimum required is "3") 
[2.323s] -- Looking for ignition-math6 -- found version 6.15.1
[2.336s] -- Searching for <ignition-transport11> component [log]
[2.344s] -- Looking for ignition-transport11-log -- found version 11.4.1
[2.345s] -- Searching for dependencies of ignition-transport11-log
[2.345s] -- Searching for <ignition-transport11> component [parameters]
[2.354s] -- Looking for ignition-transport11-parameters -- found version 11.4.1
[2.354s] -- Searching for dependencies of ignition-transport11-parameters
[2.355s] -- Looking for ignition-msgs8 -- found version 8.7.0
[2.362s] -- Looking for ignition-common4 -- found version 4.7.0
[2.362s] -- Searching for dependencies of ignition-common4
[2.363s] -- Looking for dlfcn.h - found
[2.364s] -- Looking for libdl - found
[2.365s] -- Found DL: TRUE  
[2.377s] -- Searching for <ignition-common4> component [profiler]
[2.385s] -- Looking for ignition-common4-profiler -- found version 4.7.0
[2.385s] -- Searching for dependencies of ignition-common4-profiler
[2.386s] -- Searching for <ignition-common4> component [events]
[2.393s] -- Looking for ignition-common4-events -- found version 4.7.0
[2.394s] -- Searching for dependencies of ignition-common4-events
[2.394s] -- Looking for ignition-math6 -- found version 6.15.1
[2.394s] -- Searching for <ignition-common4> component [av]
[2.402s] -- Looking for ignition-common4-av -- found version 4.7.0
[2.402s] -- Searching for dependencies of ignition-common4-av
[2.409s] -- Checking for module 'libswscale'
[2.437s] --   Found libswscale, version 5.9.100
[2.510s] -- Found SWSCALE: TRUE  
[2.517s] -- Checking for module 'libavdevice >= 56.4.100'
[2.545s] --   Found libavdevice , version 58.13.100
[2.619s] -- Found AVDEVICE: TRUE (Required is at least version "56.4.100") 
[2.627s] -- Checking for module 'libavformat'
[2.656s] --   Found libavformat, version 58.76.100
[2.733s] -- Found AVFORMAT: TRUE  
[2.742s] -- Checking for module 'libavcodec'
[2.775s] --   Found libavcodec, version 58.134.100
[2.849s] -- Found AVCODEC: TRUE  
[2.857s] -- Checking for module 'libavutil'
[2.885s] --   Found libavutil, version 56.70.100
[2.955s] -- Found AVUTIL: TRUE  
[2.965s] -- Looking for ignition-fuel_tools7 -- found version 7.3.0
[2.965s] -- Searching for dependencies of ignition-fuel_tools7
[3.123s] -- Found CURL: /usr/lib/x86_64-linux-gnu/libcurl.so (found version "7.81.0")  
[3.140s] -- Checking for module 'jsoncpp'
[3.167s] --   Found jsoncpp, version 1.9.5
[3.238s] -- Found JSONCPP: TRUE  
[3.245s] -- Checking for module 'libzip'
[3.272s] --   Found libzip, version 1.7.3
[3.339s] -- Found ZIP: TRUE  
[3.340s] -- Looking for ignition-common4 -- found version 4.7.0
[3.340s] -- Looking for ignition-math6 -- found version 6.15.1
[3.340s] -- Looking for ignition-msgs8 -- found version 8.7.0
[3.350s] -- Looking for ignition-gui6 -- found version 6.8.0
[3.350s] -- Searching for dependencies of ignition-gui6
[3.391s] -- Looking for ignition-math6 -- found version 6.15.1
[3.391s] -- Looking for ignition-common4 -- found version 4.7.0
[3.391s] -- Looking for ignition-plugin1 -- found version 1.4.0
[3.392s] -- Looking for ignition-transport11 -- found version 11.4.1
[3.400s] -- Looking for ignition-rendering6 -- found version 6.6.3
[3.400s] -- Searching for dependencies of ignition-rendering6
[3.400s] -- Looking for ignition-math6 -- found version 6.15.1
[3.401s] -- Searching for dependencies of ignition-math6
[3.401s] -- Searching for <ignition-math6> component [eigen3]
[3.410s] -- Looking for ignition-math6-eigen3 -- found version 6.15.1
[3.410s] -- Searching for dependencies of ignition-math6-eigen3
[3.411s] -- Looking for ignition-common4 -- found version 4.7.0
[3.412s] -- Searching for dependencies of ignition-common4
[3.412s] -- Looking for dlfcn.h - found
[3.412s] -- Looking for libdl - found
[3.423s] -- Searching for <ignition-common4> component [graphics]
[3.430s] -- Looking for ignition-common4-graphics -- found version 4.7.0
[3.431s] -- Searching for dependencies of ignition-common4-graphics
[3.431s] -- Looking for ignition-math6 -- found version 6.15.1
[3.431s] -- Looking for ignition-utils1 -- found version 1.5.1
[3.432s] -- Searching for <ignition-common4> component [events]
[3.433s] -- Looking for ignition-plugin1 -- found version 1.4.0
[3.433s] -- Searching for dependencies of ignition-plugin1
[3.433s] -- Searching for <ignition-plugin1> component [all]
[3.442s] -- Looking for all libraries of ignition-plugin1 -- found version 1.4.0
[3.443s] -- Looking for ignition-plugin1 -- found version 1.4.0
[3.444s] -- Looking for ignition-msgs8 -- found version 8.7.0
[3.473s] -- Looking for ignition-physics5 -- found version 5.3.2
[3.473s] -- Searching for dependencies of ignition-physics5
[3.473s] -- Looking for ignition-math6 -- found version 6.15.1
[3.474s] -- Looking for ignition-plugin1 -- found version 1.4.0
[3.474s] -- Looking for ignition-utils1 -- found version 1.5.1
[3.475s] -- Searching for <ignition-physics5> component [heightmap]
[3.482s] -- Looking for ignition-physics5-heightmap -- found version 5.3.2
[3.482s] -- Searching for dependencies of ignition-physics5-heightmap
[3.482s] -- Looking for ignition-common4 -- found version 4.7.0
[3.482s] -- Searching for <ignition-physics5> component [mesh]
[3.490s] -- Looking for ignition-physics5-mesh -- found version 5.3.2
[3.490s] -- Searching for dependencies of ignition-physics5-mesh
[3.490s] -- Looking for ignition-common4 -- found version 4.7.0
[3.491s] -- Searching for <ignition-physics5> component [sdf]
[3.498s] -- Looking for ignition-physics5-sdf -- found version 5.3.2
[3.498s] -- Searching for dependencies of ignition-physics5-sdf
[3.498s] -- Looking for sdformat12 -- found version 12.7.2
[3.508s] -- Looking for ignition-sensors6 -- found version 6.8.0
[3.508s] -- Searching for dependencies of ignition-sensors6
[3.538s] -- Found Protobuf: /usr/lib/x86_64-linux-gnu/libprotobuf.so (found version "3.12.4") 
[3.539s] -- Looking for ignition-math6 -- found version 6.15.1
[3.539s] -- Looking for ignition-common4 -- found version 4.7.0
[3.540s] -- Looking for ignition-transport11 -- found version 11.4.1
[3.540s] -- Looking for ignition-rendering6 -- found version 6.6.3
[3.540s] -- Looking for ignition-msgs8 -- found version 8.7.0
[3.541s] -- Looking for sdformat12 -- found version 12.7.2
[3.541s] -- Searching for <ignition-sensors6> component [air_pressure]
[3.550s] -- Looking for ignition-sensors6-air_pressure -- found version 6.8.0
[3.551s] -- Searching for dependencies of ignition-sensors6-air_pressure
[3.551s] -- Searching for <ignition-sensors6> component [altimeter]
[3.559s] -- Looking for ignition-sensors6-altimeter -- found version 6.8.0
[3.559s] -- Searching for dependencies of ignition-sensors6-altimeter
[3.560s] -- Searching for <ignition-sensors6> component [imu]
[3.569s] -- Looking for ignition-sensors6-imu -- found version 6.8.0
[3.569s] -- Searching for dependencies of ignition-sensors6-imu
[3.569s] -- Searching for <ignition-sensors6> component [force_torque]
[3.578s] -- Looking for ignition-sensors6-force_torque -- found version 6.8.0
[3.579s] -- Searching for dependencies of ignition-sensors6-force_torque
[3.579s] -- Searching for <ignition-sensors6> component [logical_camera]
[3.588s] -- Looking for ignition-sensors6-logical_camera -- found version 6.8.0
[3.589s] -- Searching for dependencies of ignition-sensors6-logical_camera
[3.589s] -- Searching for <ignition-sensors6> component [magnetometer]
[3.597s] -- Looking for ignition-sensors6-magnetometer -- found version 6.8.0
[3.598s] -- Searching for dependencies of ignition-sensors6-magnetometer
[3.598s] -- Searching for <ignition-sensors6> component [navsat]
[3.606s] -- Looking for ignition-sensors6-navsat -- found version 6.8.0
[3.606s] -- Searching for dependencies of ignition-sensors6-navsat
[3.607s] -- Searching for <ignition-sensors6> component [rendering]
[3.615s] -- Looking for ignition-sensors6-rendering -- found version 6.8.0
[3.615s] -- Searching for dependencies of ignition-sensors6-rendering
[3.615s] -- Searching for <ignition-sensors6> component [lidar]
[3.623s] -- Looking for ignition-sensors6-lidar -- found version 6.8.0
[3.623s] -- Searching for dependencies of ignition-sensors6-lidar
[3.624s] -- Looking for ignition-sensors6 -- found version 6.8.0
[3.624s] -- Searching for <ignition-sensors6> component [gpu_lidar]
[3.632s] -- Looking for ignition-sensors6-gpu_lidar -- found version 6.8.0
[3.632s] -- Searching for dependencies of ignition-sensors6-gpu_lidar
[3.633s] -- Looking for ignition-sensors6 -- found version 6.8.0
[3.633s] -- Searching for <ignition-sensors6> component [camera]
[3.642s] -- Looking for ignition-sensors6-camera -- found version 6.8.0
[3.642s] -- Searching for dependencies of ignition-sensors6-camera
[3.642s] -- Looking for ignition-sensors6 -- found version 6.8.0
[3.643s] -- Searching for <ignition-sensors6> component [boundingbox_camera]
[3.650s] -- Looking for ignition-sensors6-boundingbox_camera -- found version 6.8.0
[3.651s] -- Searching for dependencies of ignition-sensors6-boundingbox_camera
[3.651s] -- Searching for <ignition-sensors6> component [segmentation_camera]
[3.659s] -- Looking for ignition-sensors6-segmentation_camera -- found version 6.8.0
[3.660s] -- Searching for dependencies of ignition-sensors6-segmentation_camera
[3.660s] -- Searching for <ignition-sensors6> component [depth_camera]
[3.667s] -- Looking for ignition-sensors6-depth_camera -- found version 6.8.0
[3.667s] -- Searching for dependencies of ignition-sensors6-depth_camera
[3.668s] -- Looking for ignition-sensors6 -- found version 6.8.0
[3.668s] -- Searching for <ignition-sensors6> component [rgbd_camera]
[3.675s] -- Looking for ignition-sensors6-rgbd_camera -- found version 6.8.0
[3.675s] -- Searching for dependencies of ignition-sensors6-rgbd_camera
[3.676s] -- Looking for ignition-sensors6 -- found version 6.8.0
[3.676s] -- Searching for <ignition-sensors6> component [thermal_camera]
[3.683s] -- Looking for ignition-sensors6-thermal_camera -- found version 6.8.0
[3.683s] -- Searching for dependencies of ignition-sensors6-thermal_camera
[3.684s] -- Looking for ignition-sensors6 -- found version 6.8.0
[3.684s] -- Looking for ignition-rendering6 -- found version 6.6.3
[3.685s] -- Looking for ignition-math6 -- found version 6.15.1
[3.694s] -- Looking for ignition-utils1 -- found version 1.5.1
[3.726s] -- Compiling against Ignition Fortress
[3.726s] -- Looking for ignition-plugin1 -- found version 1.4.0
[3.754s] -- Found ament_lint_auto: 0.12.14 (/opt/ros/humble/share/ament_lint_auto/cmake)
[3.860s] -- Added test 'copyright' to check source files copyright and LICENSE
[3.862s] -- Added test 'cppcheck' to perform static code analysis on C / C++ code
[3.862s] -- Configured cppcheck include dirs: /home/jiataoding/franco_ros2_franka_ws/src/franka_ros2/franka_gazebo/franka_ign_ros2_control/include
[3.862s] -- Configured cppcheck exclude dirs and/or files: 
[3.864s] -- Added test 'cpplint' to check C / C++ code against the Google style
[3.864s] -- Configured cpplint exclude dirs and/or files: 
[3.865s] -- Added test 'lint_cmake' to check CMake code style
[3.866s] -- Added test 'uncrustify' to check C / C++ code style
[3.866s] -- Configured uncrustify additional arguments: 
[3.867s] -- Added test 'xmllint' to check XML markup files
[3.870s] -- Configuring done
[3.902s] -- Generating done
[3.909s] -- Build files have been written to: /home/jiataoding/franco_ros2_franka_ws/src/build/franka_ign_ros2_control
[3.924s] Invoked command in '/home/jiataoding/franco_ros2_franka_ws/src/build/franka_ign_ros2_control' returned '0': AMENT_PREFIX_PATH=/home/jiataoding/franco_ros2_franka_ws/src/install/franka_hardware:/home/jiataoding/franco_ros2_franka_ws/src/install/franka_msgs:${AMENT_PREFIX_PATH} CMAKE_PREFIX_PATH=/home/jiataoding/franco_ros2_franka_ws/src/install/franka_hardware:/home/jiataoding/franco_ros2_franka_ws/src/install/franka_msgs:/home/jiataoding/ros2_franka_ws/install/joint_impedance_controller:/home/jiataoding/ros2_franka_ws/install/integration_launch_testing:/home/jiataoding/ros2_franka_ws/install/idra_franka_launch:/home/jiataoding/ros2_franka_ws/install/gravity_compensation:/home/jiataoding/ros2_franka_ws/install/franka_task_pipeline:/home/jiataoding/ros2_franka_ws/install/franka_ros2:/home/jiataoding/ros2_franka_ws/install/franka_bringup:/home/jiataoding/ros2_franka_ws/install/franka_robot_state_broadcaster:/home/jiataoding/ros2_franka_ws/install/franka_example_controllers:/home/jiataoding/ros2_franka_ws/install/franka_semantic_components:/home/jiataoding/ros2_franka_ws/install/franka_gazebo_bringup:/home/jiataoding/ros2_franka_ws/install/franka_ign_ros2_control:/home/jiataoding/ros2_franka_ws/install/franka_fr3_moveit_config:/home/jiataoding/ros2_franka_ws/install/franka_hardware:/home/jiataoding/ros2_franka_ws/install/franka_gripper:/home/jiataoding/ros2_franka_ws/install/franka_msgs:/home/jiataoding/ros2_franka_ws/install/franka_description:/home/jiataoding/ros2_franka_ws/install/cartesian_impedance_controller:/opt/ros/humble:/home/jiataoding/ros2_franka_ws/install/effort_controller_base:/home/jiataoding/ros2_franka_ws/install/debug_msg:/home/jiataoding/franco_ros2_franka_ws/install/joint_impedance_controller:/home/jiataoding/franco_ros2_franka_ws/install/integration_launch_testing:/home/jiataoding/franco_ros2_franka_ws/install/idra_franka_launch:/home/jiataoding/franco_ros2_franka_ws/install/gravity_compensation:/home/jiataoding/franco_ros2_franka_ws/install/franka_task_pipeline:/home/jiataoding/franco_ros2_franka_ws/install/franka_ros2:/home/jiataoding/franco_ros2_franka_ws/install/franka_bringup:/home/jiataoding/franco_ros2_franka_ws/install/franka_robot_state_broadcaster:/home/jiataoding/franco_ros2_franka_ws/install/franka_example_controllers:/home/jiataoding/franco_ros2_franka_ws/install/franka_semantic_components:/home/jiataoding/franco_ros2_franka_ws/install/franka_gazebo_bringup:/home/jiataoding/franco_ros2_franka_ws/install/franka_ign_ros2_control:/home/jiataoding/franco_ros2_franka_ws/install/franka_fr3_moveit_config:/home/jiataoding/franco_ros2_franka_ws/install/franka_hardware:/home/jiataoding/franco_ros2_franka_ws/install/franka_gripper:/home/jiataoding/franco_ros2_franka_ws/install/franka_msgs:/home/jiataoding/franco_ros2_franka_ws/install/franka_description:/home/jiataoding/franco_ros2_franka_ws/install/cartesian_impedance_controller:/home/jiataoding/franco_ros2_franka_ws/install/effort_controller_base:/home/jiataoding/franco_ros2_franka_ws/install/debug_msg:/opt/openrobots LD_LIBRARY_PATH=/home/jiataoding/franco_ros2_franka_ws/src/install/franka_hardware/lib:/home/jiataoding/franco_ros2_franka_ws/src/install/franka_msgs/lib:${LD_LIBRARY_PATH} PYTHONPATH=/home/jiataoding/franco_ros2_franka_ws/src/install/franka_msgs/local/lib/python3.10/dist-packages:${PYTHONPATH} /usr/bin/cmake /home/jiataoding/franco_ros2_franka_ws/src/franka_ros2/franka_gazebo/franka_ign_ros2_control -DCMAKE_BUILD_TYPE=Release -DAMENT_CMAKE_SYMLINK_INSTALL=1 -DCMAKE_INSTALL_PREFIX=/home/jiataoding/franco_ros2_franka_ws/src/install/franka_ign_ros2_control
[3.925s] Invoking command in '/home/jiataoding/franco_ros2_franka_ws/src/build/franka_ign_ros2_control': AMENT_PREFIX_PATH=/home/jiataoding/franco_ros2_franka_ws/src/install/franka_hardware:/home/jiataoding/franco_ros2_franka_ws/src/install/franka_msgs:${AMENT_PREFIX_PATH} CMAKE_PREFIX_PATH=/home/jiataoding/franco_ros2_franka_ws/src/install/franka_hardware:/home/jiataoding/franco_ros2_franka_ws/src/install/franka_msgs:/home/jiataoding/ros2_franka_ws/install/joint_impedance_controller:/home/jiataoding/ros2_franka_ws/install/integration_launch_testing:/home/jiataoding/ros2_franka_ws/install/idra_franka_launch:/home/jiataoding/ros2_franka_ws/install/gravity_compensation:/home/jiataoding/ros2_franka_ws/install/franka_task_pipeline:/home/jiataoding/ros2_franka_ws/install/franka_ros2:/home/jiataoding/ros2_franka_ws/install/franka_bringup:/home/jiataoding/ros2_franka_ws/install/franka_robot_state_broadcaster:/home/jiataoding/ros2_franka_ws/install/franka_example_controllers:/home/jiataoding/ros2_franka_ws/install/franka_semantic_components:/home/jiataoding/ros2_franka_ws/install/franka_gazebo_bringup:/home/jiataoding/ros2_franka_ws/install/franka_ign_ros2_control:/home/jiataoding/ros2_franka_ws/install/franka_fr3_moveit_config:/home/jiataoding/ros2_franka_ws/install/franka_hardware:/home/jiataoding/ros2_franka_ws/install/franka_gripper:/home/jiataoding/ros2_franka_ws/install/franka_msgs:/home/jiataoding/ros2_franka_ws/install/franka_description:/home/jiataoding/ros2_franka_ws/install/cartesian_impedance_controller:/opt/ros/humble:/home/jiataoding/ros2_franka_ws/install/effort_controller_base:/home/jiataoding/ros2_franka_ws/install/debug_msg:/home/jiataoding/franco_ros2_franka_ws/install/joint_impedance_controller:/home/jiataoding/franco_ros2_franka_ws/install/integration_launch_testing:/home/jiataoding/franco_ros2_franka_ws/install/idra_franka_launch:/home/jiataoding/franco_ros2_franka_ws/install/gravity_compensation:/home/jiataoding/franco_ros2_franka_ws/install/franka_task_pipeline:/home/jiataoding/franco_ros2_franka_ws/install/franka_ros2:/home/jiataoding/franco_ros2_franka_ws/install/franka_bringup:/home/jiataoding/franco_ros2_franka_ws/install/franka_robot_state_broadcaster:/home/jiataoding/franco_ros2_franka_ws/install/franka_example_controllers:/home/jiataoding/franco_ros2_franka_ws/install/franka_semantic_components:/home/jiataoding/franco_ros2_franka_ws/install/franka_gazebo_bringup:/home/jiataoding/franco_ros2_franka_ws/install/franka_ign_ros2_control:/home/jiataoding/franco_ros2_franka_ws/install/franka_fr3_moveit_config:/home/jiataoding/franco_ros2_franka_ws/install/franka_hardware:/home/jiataoding/franco_ros2_franka_ws/install/franka_gripper:/home/jiataoding/franco_ros2_franka_ws/install/franka_msgs:/home/jiataoding/franco_ros2_franka_ws/install/franka_description:/home/jiataoding/franco_ros2_franka_ws/install/cartesian_impedance_controller:/home/jiataoding/franco_ros2_franka_ws/install/effort_controller_base:/home/jiataoding/franco_ros2_franka_ws/install/debug_msg:/opt/openrobots LD_LIBRARY_PATH=/home/jiataoding/franco_ros2_franka_ws/src/install/franka_hardware/lib:/home/jiataoding/franco_ros2_franka_ws/src/install/franka_msgs/lib:${LD_LIBRARY_PATH} PYTHONPATH=/home/jiataoding/franco_ros2_franka_ws/src/install/franka_msgs/local/lib/python3.10/dist-packages:${PYTHONPATH} /usr/bin/cmake --build /home/jiataoding/franco_ros2_franka_ws/src/build/franka_ign_ros2_control -- -j24 -l24
[4.015s] [ 16%] [32mBuilding CXX object CMakeFiles/franka_ign_ros2_control-system.dir/src/ign_ros2_control_plugin.cpp.o[0m
[4.015s] [ 33%] [32mBuilding CXX object CMakeFiles/franka_ign_ros2_control-system.dir/src/model_kdl.cpp.o[0m
[4.017s] [ 50%] [32mBuilding CXX object CMakeFiles/ign_hardware_plugins.dir/src/ign_system.cpp.o[0m
[4.017s] [ 66%] [32mBuilding CXX object CMakeFiles/ign_hardware_plugins.dir/src/model_kdl.cpp.o[0m
[15.751s] [ 83%] [32m[1mLinking CXX shared library libign_hardware_plugins.so[0m
[15.915s] [100%] [32m[1mLinking CXX shared library libfranka_ign_ros2_control-system.so[0m
[16.016s] [100%] Built target ign_hardware_plugins
[16.212s] [100%] Built target franka_ign_ros2_control-system
