-- Install configuration: "Release"
-- Execute custom install script
-- Up-to-date symlink: /home/jiataoding/franco_ros2_franka_ws/src/install/franka_bringup/share/franka_bringup/config/controllers.yaml
-- Up-to-date symlink: /home/jiataoding/franco_ros2_franka_ws/src/install/franka_bringup/share/franka_bringup/config/franka.config.yaml
-- Up-to-date symlink: /home/jiataoding/franco_ros2_franka_ws/src/install/franka_bringup/share/franka_bringup/launch/example.launch.py
-- Up-to-date symlink: /home/jiataoding/franco_ros2_franka_ws/src/install/franka_bringup/share/franka_bringup/launch/franka.launch.py
-- Up-to-date symlink: /home/jiataoding/franco_ros2_franka_ws/src/install/franka_bringup/share/franka_bringup/launch/joint_impedance_with_ik_example_controller.launch.py
-- Up-to-date symlink: /home/jiataoding/franco_ros2_franka_ws/src/install/franka_bringup/share/ament_index/resource_index/package_run_dependencies/franka_bringup
-- Up-to-date symlink: /home/jiataoding/franco_ros2_franka_ws/src/install/franka_bringup/share/ament_index/resource_index/parent_prefix_path/franka_bringup
-- Up-to-date symlink: /home/jiataoding/franco_ros2_franka_ws/src/install/franka_bringup/share/franka_bringup/environment/ament_prefix_path.sh
-- Up-to-date symlink: /home/jiataoding/franco_ros2_franka_ws/src/install/franka_bringup/share/franka_bringup/environment/ament_prefix_path.dsv
-- Up-to-date symlink: /home/jiataoding/franco_ros2_franka_ws/src/install/franka_bringup/share/franka_bringup/environment/path.sh
-- Up-to-date symlink: /home/jiataoding/franco_ros2_franka_ws/src/install/franka_bringup/share/franka_bringup/environment/path.dsv
-- Up-to-date symlink: /home/jiataoding/franco_ros2_franka_ws/src/install/franka_bringup/share/franka_bringup/local_setup.bash
-- Up-to-date symlink: /home/jiataoding/franco_ros2_franka_ws/src/install/franka_bringup/share/franka_bringup/local_setup.sh
-- Up-to-date symlink: /home/jiataoding/franco_ros2_franka_ws/src/install/franka_bringup/share/franka_bringup/local_setup.zsh
-- Up-to-date symlink: /home/jiataoding/franco_ros2_franka_ws/src/install/franka_bringup/share/franka_bringup/local_setup.dsv
-- Symlinking: /home/jiataoding/franco_ros2_franka_ws/src/install/franka_bringup/share/franka_bringup/package.dsv
-- Up-to-date symlink: /home/jiataoding/franco_ros2_franka_ws/src/install/franka_bringup/share/ament_index/resource_index/packages/franka_bringup
-- Up-to-date symlink: /home/jiataoding/franco_ros2_franka_ws/src/install/franka_bringup/share/franka_bringup/cmake/franka_bringupConfig.cmake
-- Up-to-date symlink: /home/jiataoding/franco_ros2_franka_ws/src/install/franka_bringup/share/franka_bringup/cmake/franka_bringupConfig-version.cmake
-- Up-to-date symlink: /home/jiataoding/franco_ros2_franka_ws/src/install/franka_bringup/share/franka_bringup/package.xml
-- Up-to-date: /home/jiataoding/franco_ros2_franka_ws/src/install/franka_bringup/lib/franka_bringup/utils
-- Up-to-date: /home/jiataoding/franco_ros2_franka_ws/src/install/franka_bringup/lib/franka_bringup/utils/launch_utils.py
-- Up-to-date: /home/jiataoding/franco_ros2_franka_ws/src/install/franka_bringup/lib/franka_bringup/utils/__init__.py
