[0.034s] Invoking command in '/home/jiataoding/franco_ros2_franka_ws/src/build/effort_controller_base': /usr/bin/cmake --build /home/jiataoding/franco_ros2_franka_ws/src/build/effort_controller_base -- -j24 -l24
[0.142s] [100%] Built target effort_controller_base
[0.174s] Invoked command in '/home/jiataoding/franco_ros2_franka_ws/src/build/effort_controller_base' returned '0': /usr/bin/cmake --build /home/jiataoding/franco_ros2_franka_ws/src/build/effort_controller_base -- -j24 -l24
[0.176s] Invoking command in '/home/jiataoding/franco_ros2_franka_ws/src/build/effort_controller_base': /usr/bin/cmake --install /home/jiataoding/franco_ros2_franka_ws/src/build/effort_controller_base
[0.186s] -- Install configuration: "Release"
[0.186s] -- Up-to-date: /home/jiataoding/franco_ros2_franka_ws/src/install/effort_controller_base/include
[0.186s] -- Up-to-date: /home/jiataoding/franco_ros2_franka_ws/src/install/effort_controller_base/include/effort_controller_base
[0.187s] -- Up-to-date: /home/jiataoding/franco_ros2_franka_ws/src/install/effort_controller_base/include/effort_controller_base/pseudo_inversion.h
[0.187s] -- Up-to-date: /home/jiataoding/franco_ros2_franka_ws/src/install/effort_controller_base/include/effort_controller_base/Filter.h
[0.187s] -- Up-to-date: /home/jiataoding/franco_ros2_franka_ws/src/install/effort_controller_base/include/effort_controller_base/effort_controller_base.h
[0.187s] -- Up-to-date: /home/jiataoding/franco_ros2_franka_ws/src/install/effort_controller_base/include/effort_controller_base/Utility.h
[0.188s] -- Up-to-date: /home/jiataoding/franco_ros2_franka_ws/src/install/effort_controller_base/include/effort_controller_base/chainjnttojacdotsolver.hpp
[0.188s] -- Up-to-date: /home/jiataoding/franco_ros2_franka_ws/src/install/effort_controller_base/include/effort_controller_base/double_diagonalization.hpp
[0.188s] -- Up-to-date: /home/jiataoding/franco_ros2_franka_ws/src/install/effort_controller_base/lib/libeffort_controller_base.so
[0.189s] -- Up-to-date: /home/jiataoding/franco_ros2_franka_ws/src/install/effort_controller_base/share/effort_controller_base/environment/library_path.sh
[0.189s] -- Up-to-date: /home/jiataoding/franco_ros2_franka_ws/src/install/effort_controller_base/share/effort_controller_base/environment/library_path.dsv
[0.189s] -- Up-to-date: /home/jiataoding/franco_ros2_franka_ws/src/install/effort_controller_base/share/ament_index/resource_index/package_run_dependencies/effort_controller_base
[0.189s] -- Up-to-date: /home/jiataoding/franco_ros2_franka_ws/src/install/effort_controller_base/share/ament_index/resource_index/parent_prefix_path/effort_controller_base
[0.189s] -- Up-to-date: /home/jiataoding/franco_ros2_franka_ws/src/install/effort_controller_base/share/effort_controller_base/environment/ament_prefix_path.sh
[0.189s] -- Up-to-date: /home/jiataoding/franco_ros2_franka_ws/src/install/effort_controller_base/share/effort_controller_base/environment/ament_prefix_path.dsv
[0.189s] -- Up-to-date: /home/jiataoding/franco_ros2_franka_ws/src/install/effort_controller_base/share/effort_controller_base/environment/path.sh
[0.189s] -- Up-to-date: /home/jiataoding/franco_ros2_franka_ws/src/install/effort_controller_base/share/effort_controller_base/environment/path.dsv
[0.190s] -- Up-to-date: /home/jiataoding/franco_ros2_franka_ws/src/install/effort_controller_base/share/effort_controller_base/local_setup.bash
[0.190s] -- Up-to-date: /home/jiataoding/franco_ros2_franka_ws/src/install/effort_controller_base/share/effort_controller_base/local_setup.sh
[0.190s] -- Up-to-date: /home/jiataoding/franco_ros2_franka_ws/src/install/effort_controller_base/share/effort_controller_base/local_setup.zsh
[0.190s] -- Up-to-date: /home/jiataoding/franco_ros2_franka_ws/src/install/effort_controller_base/share/effort_controller_base/local_setup.dsv
[0.190s] -- Installing: /home/jiataoding/franco_ros2_franka_ws/src/install/effort_controller_base/share/effort_controller_base/package.dsv
[0.190s] -- Up-to-date: /home/jiataoding/franco_ros2_franka_ws/src/install/effort_controller_base/share/ament_index/resource_index/packages/effort_controller_base
[0.190s] -- Up-to-date: /home/jiataoding/franco_ros2_franka_ws/src/install/effort_controller_base/share/effort_controller_base/cmake/ament_cmake_export_dependencies-extras.cmake
[0.191s] -- Up-to-date: /home/jiataoding/franco_ros2_franka_ws/src/install/effort_controller_base/share/effort_controller_base/cmake/ament_cmake_export_include_directories-extras.cmake
[0.191s] -- Up-to-date: /home/jiataoding/franco_ros2_franka_ws/src/install/effort_controller_base/share/effort_controller_base/cmake/ament_cmake_export_libraries-extras.cmake
[0.191s] -- Up-to-date: /home/jiataoding/franco_ros2_franka_ws/src/install/effort_controller_base/share/effort_controller_base/cmake/effort_controller_baseConfig.cmake
[0.191s] -- Up-to-date: /home/jiataoding/franco_ros2_franka_ws/src/install/effort_controller_base/share/effort_controller_base/cmake/effort_controller_baseConfig-version.cmake
[0.191s] -- Up-to-date: /home/jiataoding/franco_ros2_franka_ws/src/install/effort_controller_base/share/effort_controller_base/package.xml
[0.198s] Invoked command in '/home/jiataoding/franco_ros2_franka_ws/src/build/effort_controller_base' returned '0': /usr/bin/cmake --install /home/jiataoding/franco_ros2_franka_ws/src/build/effort_controller_base
