[0.043s] Invoking command in '/home/jiataoding/franco_ros2_franka_ws/src/build/franka_description': CMAKE_PREFIX_PATH=/home/jiataoding/ros2_franka_ws/install/joint_impedance_controller:/home/jiataoding/ros2_franka_ws/install/integration_launch_testing:/home/jiataoding/ros2_franka_ws/install/idra_franka_launch:/home/jiataoding/ros2_franka_ws/install/gravity_compensation:/home/jiataoding/ros2_franka_ws/install/franka_task_pipeline:/home/jiataoding/ros2_franka_ws/install/franka_ros2:/home/jiataoding/ros2_franka_ws/install/franka_bringup:/home/jiataoding/ros2_franka_ws/install/franka_robot_state_broadcaster:/home/jiataoding/ros2_franka_ws/install/franka_example_controllers:/home/jiataoding/ros2_franka_ws/install/franka_semantic_components:/home/jiataoding/ros2_franka_ws/install/franka_gazebo_bringup:/home/jiataoding/ros2_franka_ws/install/franka_ign_ros2_control:/home/jiataoding/ros2_franka_ws/install/franka_fr3_moveit_config:/home/jiataoding/ros2_franka_ws/install/franka_hardware:/home/jiataoding/ros2_franka_ws/install/franka_gripper:/home/jiataoding/ros2_franka_ws/install/franka_msgs:/home/jiataoding/ros2_franka_ws/install/franka_description:/home/jiataoding/ros2_franka_ws/install/cartesian_impedance_controller:/opt/ros/humble:/home/jiataoding/ros2_franka_ws/install/effort_controller_base:/home/jiataoding/ros2_franka_ws/install/debug_msg:/home/jiataoding/franco_ros2_franka_ws/install/joint_impedance_controller:/home/jiataoding/franco_ros2_franka_ws/install/integration_launch_testing:/home/jiataoding/franco_ros2_franka_ws/install/idra_franka_launch:/home/jiataoding/franco_ros2_franka_ws/install/gravity_compensation:/home/jiataoding/franco_ros2_franka_ws/install/franka_task_pipeline:/home/jiataoding/franco_ros2_franka_ws/install/franka_ros2:/home/jiataoding/franco_ros2_franka_ws/install/franka_bringup:/home/jiataoding/franco_ros2_franka_ws/install/franka_robot_state_broadcaster:/home/jiataoding/franco_ros2_franka_ws/install/franka_example_controllers:/home/jiataoding/franco_ros2_franka_ws/install/franka_semantic_components:/home/jiataoding/franco_ros2_franka_ws/install/franka_gazebo_bringup:/home/jiataoding/franco_ros2_franka_ws/install/franka_ign_ros2_control:/home/jiataoding/franco_ros2_franka_ws/install/franka_fr3_moveit_config:/home/jiataoding/franco_ros2_franka_ws/install/franka_hardware:/home/jiataoding/franco_ros2_franka_ws/install/franka_gripper:/home/jiataoding/franco_ros2_franka_ws/install/franka_msgs:/home/jiataoding/franco_ros2_franka_ws/install/franka_description:/home/jiataoding/franco_ros2_franka_ws/install/cartesian_impedance_controller:/home/jiataoding/franco_ros2_franka_ws/install/effort_controller_base:/home/jiataoding/franco_ros2_franka_ws/install/debug_msg:/opt/openrobots: /usr/bin/cmake /home/jiataoding/franco_ros2_franka_ws/src/franka_description -DCMAKE_BUILD_TYPE=Release -DAMENT_CMAKE_SYMLINK_INSTALL=1 -DCMAKE_INSTALL_PREFIX=/home/jiataoding/franco_ros2_franka_ws/src/install/franka_description
[0.126s] -- The C compiler identification is GNU 11.4.0
[0.187s] -- The CXX compiler identification is GNU 11.4.0
[0.194s] -- Detecting C compiler ABI info
[0.299s] -- Detecting C compiler ABI info - done
[0.305s] -- Check for working C compiler: /usr/bin/cc - skipped
[0.305s] -- Detecting C compile features
[0.305s] -- Detecting C compile features - done
[0.308s] -- Detecting CXX compiler ABI info
[0.422s] -- Detecting CXX compiler ABI info - done
[0.428s] -- Check for working CXX compiler: /usr/bin/c++ - skipped
[0.429s] -- Detecting CXX compile features
[0.429s] -- Detecting CXX compile features - done
[0.436s] -- Found ament_cmake: 1.3.12 (/opt/ros/humble/share/ament_cmake/cmake)
[0.594s] -- Found Python3: /usr/bin/python3 (found version "3.10.12") found components: Interpreter 
[0.645s] -- Override CMake install command with custom implementation using symlinks instead of copying resources
[0.711s] -- Found ament_lint_auto: 0.12.14 (/opt/ros/humble/share/ament_lint_auto/cmake)
[1.695s] -- Added test 'copyright' to check source files copyright and LICENSE
[1.721s] -- Added test 'flake8' to check Python code syntax and style conventions
[1.724s] -- Added test 'lint_cmake' to check CMake code style
[1.726s] -- Added test 'pep257' to check Python code against some of the docstring style conventions in PEP 257
[1.737s] -- Added test 'xmllint' to check XML markup files
[1.739s] -- Configuring done
[1.742s] -- Generating done
[1.744s] -- Build files have been written to: /home/jiataoding/franco_ros2_franka_ws/src/build/franka_description
[1.748s] Invoked command in '/home/jiataoding/franco_ros2_franka_ws/src/build/franka_description' returned '0': CMAKE_PREFIX_PATH=/home/jiataoding/ros2_franka_ws/install/joint_impedance_controller:/home/jiataoding/ros2_franka_ws/install/integration_launch_testing:/home/jiataoding/ros2_franka_ws/install/idra_franka_launch:/home/jiataoding/ros2_franka_ws/install/gravity_compensation:/home/jiataoding/ros2_franka_ws/install/franka_task_pipeline:/home/jiataoding/ros2_franka_ws/install/franka_ros2:/home/jiataoding/ros2_franka_ws/install/franka_bringup:/home/jiataoding/ros2_franka_ws/install/franka_robot_state_broadcaster:/home/jiataoding/ros2_franka_ws/install/franka_example_controllers:/home/jiataoding/ros2_franka_ws/install/franka_semantic_components:/home/jiataoding/ros2_franka_ws/install/franka_gazebo_bringup:/home/jiataoding/ros2_franka_ws/install/franka_ign_ros2_control:/home/jiataoding/ros2_franka_ws/install/franka_fr3_moveit_config:/home/jiataoding/ros2_franka_ws/install/franka_hardware:/home/jiataoding/ros2_franka_ws/install/franka_gripper:/home/jiataoding/ros2_franka_ws/install/franka_msgs:/home/jiataoding/ros2_franka_ws/install/franka_description:/home/jiataoding/ros2_franka_ws/install/cartesian_impedance_controller:/opt/ros/humble:/home/jiataoding/ros2_franka_ws/install/effort_controller_base:/home/jiataoding/ros2_franka_ws/install/debug_msg:/home/jiataoding/franco_ros2_franka_ws/install/joint_impedance_controller:/home/jiataoding/franco_ros2_franka_ws/install/integration_launch_testing:/home/jiataoding/franco_ros2_franka_ws/install/idra_franka_launch:/home/jiataoding/franco_ros2_franka_ws/install/gravity_compensation:/home/jiataoding/franco_ros2_franka_ws/install/franka_task_pipeline:/home/jiataoding/franco_ros2_franka_ws/install/franka_ros2:/home/jiataoding/franco_ros2_franka_ws/install/franka_bringup:/home/jiataoding/franco_ros2_franka_ws/install/franka_robot_state_broadcaster:/home/jiataoding/franco_ros2_franka_ws/install/franka_example_controllers:/home/jiataoding/franco_ros2_franka_ws/install/franka_semantic_components:/home/jiataoding/franco_ros2_franka_ws/install/franka_gazebo_bringup:/home/jiataoding/franco_ros2_franka_ws/install/franka_ign_ros2_control:/home/jiataoding/franco_ros2_franka_ws/install/franka_fr3_moveit_config:/home/jiataoding/franco_ros2_franka_ws/install/franka_hardware:/home/jiataoding/franco_ros2_franka_ws/install/franka_gripper:/home/jiataoding/franco_ros2_franka_ws/install/franka_msgs:/home/jiataoding/franco_ros2_franka_ws/install/franka_description:/home/jiataoding/franco_ros2_franka_ws/install/cartesian_impedance_controller:/home/jiataoding/franco_ros2_franka_ws/install/effort_controller_base:/home/jiataoding/franco_ros2_franka_ws/install/debug_msg:/opt/openrobots: /usr/bin/cmake /home/jiataoding/franco_ros2_franka_ws/src/franka_description -DCMAKE_BUILD_TYPE=Release -DAMENT_CMAKE_SYMLINK_INSTALL=1 -DCMAKE_INSTALL_PREFIX=/home/jiataoding/franco_ros2_franka_ws/src/install/franka_description
[1.749s] Invoking command in '/home/jiataoding/franco_ros2_franka_ws/src/build/franka_description': CMAKE_PREFIX_PATH=/home/jiataoding/ros2_franka_ws/install/joint_impedance_controller:/home/jiataoding/ros2_franka_ws/install/integration_launch_testing:/home/jiataoding/ros2_franka_ws/install/idra_franka_launch:/home/jiataoding/ros2_franka_ws/install/gravity_compensation:/home/jiataoding/ros2_franka_ws/install/franka_task_pipeline:/home/jiataoding/ros2_franka_ws/install/franka_ros2:/home/jiataoding/ros2_franka_ws/install/franka_bringup:/home/jiataoding/ros2_franka_ws/install/franka_robot_state_broadcaster:/home/jiataoding/ros2_franka_ws/install/franka_example_controllers:/home/jiataoding/ros2_franka_ws/install/franka_semantic_components:/home/jiataoding/ros2_franka_ws/install/franka_gazebo_bringup:/home/jiataoding/ros2_franka_ws/install/franka_ign_ros2_control:/home/jiataoding/ros2_franka_ws/install/franka_fr3_moveit_config:/home/jiataoding/ros2_franka_ws/install/franka_hardware:/home/jiataoding/ros2_franka_ws/install/franka_gripper:/home/jiataoding/ros2_franka_ws/install/franka_msgs:/home/jiataoding/ros2_franka_ws/install/franka_description:/home/jiataoding/ros2_franka_ws/install/cartesian_impedance_controller:/opt/ros/humble:/home/jiataoding/ros2_franka_ws/install/effort_controller_base:/home/jiataoding/ros2_franka_ws/install/debug_msg:/home/jiataoding/franco_ros2_franka_ws/install/joint_impedance_controller:/home/jiataoding/franco_ros2_franka_ws/install/integration_launch_testing:/home/jiataoding/franco_ros2_franka_ws/install/idra_franka_launch:/home/jiataoding/franco_ros2_franka_ws/install/gravity_compensation:/home/jiataoding/franco_ros2_franka_ws/install/franka_task_pipeline:/home/jiataoding/franco_ros2_franka_ws/install/franka_ros2:/home/jiataoding/franco_ros2_franka_ws/install/franka_bringup:/home/jiataoding/franco_ros2_franka_ws/install/franka_robot_state_broadcaster:/home/jiataoding/franco_ros2_franka_ws/install/franka_example_controllers:/home/jiataoding/franco_ros2_franka_ws/install/franka_semantic_components:/home/jiataoding/franco_ros2_franka_ws/install/franka_gazebo_bringup:/home/jiataoding/franco_ros2_franka_ws/install/franka_ign_ros2_control:/home/jiataoding/franco_ros2_franka_ws/install/franka_fr3_moveit_config:/home/jiataoding/franco_ros2_franka_ws/install/franka_hardware:/home/jiataoding/franco_ros2_franka_ws/install/franka_gripper:/home/jiataoding/franco_ros2_franka_ws/install/franka_msgs:/home/jiataoding/franco_ros2_franka_ws/install/franka_description:/home/jiataoding/franco_ros2_franka_ws/install/cartesian_impedance_controller:/home/jiataoding/franco_ros2_franka_ws/install/effort_controller_base:/home/jiataoding/franco_ros2_franka_ws/install/debug_msg:/opt/openrobots: /usr/bin/cmake --build /home/jiataoding/franco_ros2_franka_ws/src/build/franka_description -- -j24 -l24
[1.807s] Invoked command in '/home/jiataoding/franco_ros2_franka_ws/src/build/franka_description' returned '0': CMAKE_PREFIX_PATH=/home/jiataoding/ros2_franka_ws/install/joint_impedance_controller:/home/jiataoding/ros2_franka_ws/install/integration_launch_testing:/home/jiataoding/ros2_franka_ws/install/idra_franka_launch:/home/jiataoding/ros2_franka_ws/install/gravity_compensation:/home/jiataoding/ros2_franka_ws/install/franka_task_pipeline:/home/jiataoding/ros2_franka_ws/install/franka_ros2:/home/jiataoding/ros2_franka_ws/install/franka_bringup:/home/jiataoding/ros2_franka_ws/install/franka_robot_state_broadcaster:/home/jiataoding/ros2_franka_ws/install/franka_example_controllers:/home/jiataoding/ros2_franka_ws/install/franka_semantic_components:/home/jiataoding/ros2_franka_ws/install/franka_gazebo_bringup:/home/jiataoding/ros2_franka_ws/install/franka_ign_ros2_control:/home/jiataoding/ros2_franka_ws/install/franka_fr3_moveit_config:/home/jiataoding/ros2_franka_ws/install/franka_hardware:/home/jiataoding/ros2_franka_ws/install/franka_gripper:/home/jiataoding/ros2_franka_ws/install/franka_msgs:/home/jiataoding/ros2_franka_ws/install/franka_description:/home/jiataoding/ros2_franka_ws/install/cartesian_impedance_controller:/opt/ros/humble:/home/jiataoding/ros2_franka_ws/install/effort_controller_base:/home/jiataoding/ros2_franka_ws/install/debug_msg:/home/jiataoding/franco_ros2_franka_ws/install/joint_impedance_controller:/home/jiataoding/franco_ros2_franka_ws/install/integration_launch_testing:/home/jiataoding/franco_ros2_franka_ws/install/idra_franka_launch:/home/jiataoding/franco_ros2_franka_ws/install/gravity_compensation:/home/jiataoding/franco_ros2_franka_ws/install/franka_task_pipeline:/home/jiataoding/franco_ros2_franka_ws/install/franka_ros2:/home/jiataoding/franco_ros2_franka_ws/install/franka_bringup:/home/jiataoding/franco_ros2_franka_ws/install/franka_robot_state_broadcaster:/home/jiataoding/franco_ros2_franka_ws/install/franka_example_controllers:/home/jiataoding/franco_ros2_franka_ws/install/franka_semantic_components:/home/jiataoding/franco_ros2_franka_ws/install/franka_gazebo_bringup:/home/jiataoding/franco_ros2_franka_ws/install/franka_ign_ros2_control:/home/jiataoding/franco_ros2_franka_ws/install/franka_fr3_moveit_config:/home/jiataoding/franco_ros2_franka_ws/install/franka_hardware:/home/jiataoding/franco_ros2_franka_ws/install/franka_gripper:/home/jiataoding/franco_ros2_franka_ws/install/franka_msgs:/home/jiataoding/franco_ros2_franka_ws/install/franka_description:/home/jiataoding/franco_ros2_franka_ws/install/cartesian_impedance_controller:/home/jiataoding/franco_ros2_franka_ws/install/effort_controller_base:/home/jiataoding/franco_ros2_franka_ws/install/debug_msg:/opt/openrobots: /usr/bin/cmake --build /home/jiataoding/franco_ros2_franka_ws/src/build/franka_description -- -j24 -l24
[1.808s] Invoking command in '/home/jiataoding/franco_ros2_franka_ws/src/build/franka_description': CMAKE_PREFIX_PATH=/home/jiataoding/ros2_franka_ws/install/joint_impedance_controller:/home/jiataoding/ros2_franka_ws/install/integration_launch_testing:/home/jiataoding/ros2_franka_ws/install/idra_franka_launch:/home/jiataoding/ros2_franka_ws/install/gravity_compensation:/home/jiataoding/ros2_franka_ws/install/franka_task_pipeline:/home/jiataoding/ros2_franka_ws/install/franka_ros2:/home/jiataoding/ros2_franka_ws/install/franka_bringup:/home/jiataoding/ros2_franka_ws/install/franka_robot_state_broadcaster:/home/jiataoding/ros2_franka_ws/install/franka_example_controllers:/home/jiataoding/ros2_franka_ws/install/franka_semantic_components:/home/jiataoding/ros2_franka_ws/install/franka_gazebo_bringup:/home/jiataoding/ros2_franka_ws/install/franka_ign_ros2_control:/home/jiataoding/ros2_franka_ws/install/franka_fr3_moveit_config:/home/jiataoding/ros2_franka_ws/install/franka_hardware:/home/jiataoding/ros2_franka_ws/install/franka_gripper:/home/jiataoding/ros2_franka_ws/install/franka_msgs:/home/jiataoding/ros2_franka_ws/install/franka_description:/home/jiataoding/ros2_franka_ws/install/cartesian_impedance_controller:/opt/ros/humble:/home/jiataoding/ros2_franka_ws/install/effort_controller_base:/home/jiataoding/ros2_franka_ws/install/debug_msg:/home/jiataoding/franco_ros2_franka_ws/install/joint_impedance_controller:/home/jiataoding/franco_ros2_franka_ws/install/integration_launch_testing:/home/jiataoding/franco_ros2_franka_ws/install/idra_franka_launch:/home/jiataoding/franco_ros2_franka_ws/install/gravity_compensation:/home/jiataoding/franco_ros2_franka_ws/install/franka_task_pipeline:/home/jiataoding/franco_ros2_franka_ws/install/franka_ros2:/home/jiataoding/franco_ros2_franka_ws/install/franka_bringup:/home/jiataoding/franco_ros2_franka_ws/install/franka_robot_state_broadcaster:/home/jiataoding/franco_ros2_franka_ws/install/franka_example_controllers:/home/jiataoding/franco_ros2_franka_ws/install/franka_semantic_components:/home/jiataoding/franco_ros2_franka_ws/install/franka_gazebo_bringup:/home/jiataoding/franco_ros2_franka_ws/install/franka_ign_ros2_control:/home/jiataoding/franco_ros2_franka_ws/install/franka_fr3_moveit_config:/home/jiataoding/franco_ros2_franka_ws/install/franka_hardware:/home/jiataoding/franco_ros2_franka_ws/install/franka_gripper:/home/jiataoding/franco_ros2_franka_ws/install/franka_msgs:/home/jiataoding/franco_ros2_franka_ws/install/franka_description:/home/jiataoding/franco_ros2_franka_ws/install/cartesian_impedance_controller:/home/jiataoding/franco_ros2_franka_ws/install/effort_controller_base:/home/jiataoding/franco_ros2_franka_ws/install/debug_msg:/opt/openrobots: /usr/bin/cmake --install /home/jiataoding/franco_ros2_franka_ws/src/build/franka_description
[1.820s] -- Install configuration: "Release"
[1.820s] -- Execute custom install script
[1.821s] -- Symlinking: /home/jiataoding/franco_ros2_franka_ws/src/install/franka_description/share/franka_description//launch/visualize_franka.launch.py
[1.833s] -- Symlinking: /home/jiataoding/franco_ros2_franka_ws/src/install/franka_description/share/franka_description//launch/visualize_franka_duo.launch.py
[1.847s] -- Symlinking: /home/jiataoding/franco_ros2_franka_ws/src/install/franka_description/share/franka_description//robots/common/franka_arm.ros2_control.xacro
[1.861s] -- Symlinking: /home/jiataoding/franco_ros2_franka_ws/src/install/franka_description/share/franka_description//robots/common/franka_arm.srdf.xacro
[1.876s] -- Symlinking: /home/jiataoding/franco_ros2_franka_ws/src/install/franka_description/share/franka_description//robots/common/franka_arm.xacro
[1.891s] -- Symlinking: /home/jiataoding/franco_ros2_franka_ws/src/install/franka_description/share/franka_description//robots/common/franka_robot.xacro
[1.907s] -- Symlinking: /home/jiataoding/franco_ros2_franka_ws/src/install/franka_description/share/franka_description//robots/common/group_definition.xacro
[1.922s] -- Symlinking: /home/jiataoding/franco_ros2_franka_ws/src/install/franka_description/share/franka_description//robots/common/utils.xacro
[1.936s] -- Symlinking: /home/jiataoding/franco_ros2_franka_ws/src/install/franka_description/share/franka_description//robots/fer/dynamics.yaml
[1.951s] -- Symlinking: /home/jiataoding/franco_ros2_franka_ws/src/install/franka_description/share/franka_description//robots/fer/fer.srdf.xacro
[1.965s] -- Symlinking: /home/jiataoding/franco_ros2_franka_ws/src/install/franka_description/share/franka_description//robots/fer/fer.urdf.xacro
[1.979s] -- Symlinking: /home/jiataoding/franco_ros2_franka_ws/src/install/franka_description/share/franka_description//robots/fer/inertials.yaml
[1.993s] -- Symlinking: /home/jiataoding/franco_ros2_franka_ws/src/install/franka_description/share/franka_description//robots/fer/joint_limits.yaml
[2.008s] -- Symlinking: /home/jiataoding/franco_ros2_franka_ws/src/install/franka_description/share/franka_description//robots/fer/kinematics.yaml
[2.023s] -- Symlinking: /home/jiataoding/franco_ros2_franka_ws/src/install/franka_description/share/franka_description//robots/fp3/accelerometers.yaml
[2.039s] -- Symlinking: /home/jiataoding/franco_ros2_franka_ws/src/install/franka_description/share/franka_description//robots/fp3/dynamics.yaml
[2.052s] -- Symlinking: /home/jiataoding/franco_ros2_franka_ws/src/install/franka_description/share/franka_description//robots/fp3/fp3.srdf.xacro
[2.066s] -- Symlinking: /home/jiataoding/franco_ros2_franka_ws/src/install/franka_description/share/franka_description//robots/fp3/fp3.urdf.xacro
[2.080s] -- Symlinking: /home/jiataoding/franco_ros2_franka_ws/src/install/franka_description/share/franka_description//robots/fp3/inertials.yaml
[2.093s] -- Symlinking: /home/jiataoding/franco_ros2_franka_ws/src/install/franka_description/share/franka_description//robots/fp3/joint_limits.yaml
[2.109s] -- Symlinking: /home/jiataoding/franco_ros2_franka_ws/src/install/franka_description/share/franka_description//robots/fp3/kinematics.yaml
[2.125s] -- Symlinking: /home/jiataoding/franco_ros2_franka_ws/src/install/franka_description/share/franka_description//robots/fr3/accelerometers.yaml
[2.140s] -- Symlinking: /home/jiataoding/franco_ros2_franka_ws/src/install/franka_description/share/franka_description//robots/fr3/dynamics.yaml
[2.156s] -- Symlinking: /home/jiataoding/franco_ros2_franka_ws/src/install/franka_description/share/franka_description//robots/fr3/fr3.srdf.xacro
[2.170s] -- Symlinking: /home/jiataoding/franco_ros2_franka_ws/src/install/franka_description/share/franka_description//robots/fr3/fr3.urdf.xacro
[2.185s] -- Symlinking: /home/jiataoding/franco_ros2_franka_ws/src/install/franka_description/share/franka_description//robots/fr3/inertials.yaml
[2.200s] -- Symlinking: /home/jiataoding/franco_ros2_franka_ws/src/install/franka_description/share/franka_description//robots/fr3/joint_limits.yaml
[2.216s] -- Symlinking: /home/jiataoding/franco_ros2_franka_ws/src/install/franka_description/share/franka_description//robots/fr3/kinematics.yaml
[2.234s] -- Symlinking: /home/jiataoding/franco_ros2_franka_ws/src/install/franka_description/share/franka_description//robots/fr3_duo/fr3_duo.urdf.xacro
[2.247s] -- Symlinking: /home/jiataoding/franco_ros2_franka_ws/src/install/franka_description/share/franka_description//robots/fr3_duo/fr3_duo_arm.urdf.xacro
[2.265s] -- Symlinking: /home/jiataoding/franco_ros2_franka_ws/src/install/franka_description/share/franka_description//robots/fr3_duo/fr3_duo_fixed_structure.urdf.xacro
[2.282s] -- Symlinking: /home/jiataoding/franco_ros2_franka_ws/src/install/franka_description/share/franka_description//robots/fr3_duo/fr3_duo_mount/fr3_duo_mount.xacro
[2.301s] -- Symlinking: /home/jiataoding/franco_ros2_franka_ws/src/install/franka_description/share/franka_description//robots/fr3_duo/fr3_duo_mount/inertials.yaml
[2.317s] -- Symlinking: /home/jiataoding/franco_ros2_franka_ws/src/install/franka_description/share/franka_description//robots/fr3_duo/fr3_duo_mount/kinematics.yaml
[2.333s] -- Symlinking: /home/jiataoding/franco_ros2_franka_ws/src/install/franka_description/share/franka_description//robots/fr3v2.1/accelerometers.yaml
[2.345s] -- Symlinking: /home/jiataoding/franco_ros2_franka_ws/src/install/franka_description/share/franka_description//robots/fr3v2.1/dynamics.yaml
[2.358s] -- Symlinking: /home/jiataoding/franco_ros2_franka_ws/src/install/franka_description/share/franka_description//robots/fr3v2.1/fr3v2.1.srdf.xacro
[2.372s] -- Symlinking: /home/jiataoding/franco_ros2_franka_ws/src/install/franka_description/share/franka_description//robots/fr3v2.1/fr3v2.1.urdf.xacro
[2.387s] -- Symlinking: /home/jiataoding/franco_ros2_franka_ws/src/install/franka_description/share/franka_description//robots/fr3v2.1/inertials.yaml
[2.401s] -- Symlinking: /home/jiataoding/franco_ros2_franka_ws/src/install/franka_description/share/franka_description//robots/fr3v2.1/joint_limits.yaml
[2.420s] -- Symlinking: /home/jiataoding/franco_ros2_franka_ws/src/install/franka_description/share/franka_description//robots/fr3v2.1/kinematics.yaml
[2.439s] -- Symlinking: /home/jiataoding/franco_ros2_franka_ws/src/install/franka_description/share/franka_description//robots/fr3v2/accelerometers.yaml
[2.458s] -- Symlinking: /home/jiataoding/franco_ros2_franka_ws/src/install/franka_description/share/franka_description//robots/fr3v2/dynamics.yaml
[2.472s] -- Symlinking: /home/jiataoding/franco_ros2_franka_ws/src/install/franka_description/share/franka_description//robots/fr3v2/fr3v2.srdf.xacro
[2.486s] -- Symlinking: /home/jiataoding/franco_ros2_franka_ws/src/install/franka_description/share/franka_description//robots/fr3v2/fr3v2.urdf.xacro
[2.500s] -- Symlinking: /home/jiataoding/franco_ros2_franka_ws/src/install/franka_description/share/franka_description//robots/fr3v2/inertials.yaml
[2.517s] -- Symlinking: /home/jiataoding/franco_ros2_franka_ws/src/install/franka_description/share/franka_description//robots/fr3v2/joint_limits.yaml
[2.533s] -- Symlinking: /home/jiataoding/franco_ros2_franka_ws/src/install/franka_description/share/franka_description//robots/fr3v2/kinematics.yaml
[2.552s] -- Symlinking: /home/jiataoding/franco_ros2_franka_ws/src/install/franka_description/share/franka_description//end_effectors/cobot_pump/cobot_pump.urdf.xacro
[2.570s] -- Symlinking: /home/jiataoding/franco_ros2_franka_ws/src/install/franka_description/share/franka_description//end_effectors/cobot_pump/cobot_pump_arguments.xacro
[2.589s] -- Symlinking: /home/jiataoding/franco_ros2_franka_ws/src/install/franka_description/share/franka_description//end_effectors/cobot_pump/inertials.yaml
[2.606s] -- Symlinking: /home/jiataoding/franco_ros2_franka_ws/src/install/franka_description/share/franka_description//end_effectors/common/ee_with_one_link.xacro
[2.623s] -- Symlinking: /home/jiataoding/franco_ros2_franka_ws/src/install/franka_description/share/franka_description//end_effectors/common/franka_hand.xacro
[2.642s] -- Symlinking: /home/jiataoding/franco_ros2_franka_ws/src/install/franka_description/share/franka_description//end_effectors/common/utils.xacro
[2.659s] -- Symlinking: /home/jiataoding/franco_ros2_franka_ws/src/install/franka_description/share/franka_description//end_effectors/franka_hand/franka_hand.srdf.xacro
[2.674s] -- Symlinking: /home/jiataoding/franco_ros2_franka_ws/src/install/franka_description/share/franka_description//end_effectors/franka_hand/franka_hand.urdf.xacro
[2.690s] -- Symlinking: /home/jiataoding/franco_ros2_franka_ws/src/install/franka_description/share/franka_description//end_effectors/franka_hand/franka_hand_arguments.xacro
[2.706s] -- Symlinking: /home/jiataoding/franco_ros2_franka_ws/src/install/franka_description/share/franka_description//end_effectors/franka_hand/inertials.yaml
[2.723s] -- Symlinking: /home/jiataoding/franco_ros2_franka_ws/src/install/franka_description/share/franka_description//meshes/accessories/fr3_duo_mount/collision/fr3_duo_cover.stl
[2.739s] -- Symlinking: /home/jiataoding/franco_ros2_franka_ws/src/install/franka_description/share/franka_description//meshes/accessories/fr3_duo_mount/collision/fr3_duo_mount.stl
[2.757s] -- Symlinking: /home/jiataoding/franco_ros2_franka_ws/src/install/franka_description/share/franka_description//meshes/accessories/fr3_duo_mount/visual/fr3_duo_cover.dae
[2.771s] -- Symlinking: /home/jiataoding/franco_ros2_franka_ws/src/install/franka_description/share/franka_description//meshes/accessories/fr3_duo_mount/visual/fr3_duo_mount.dae
[2.788s] -- Symlinking: /home/jiataoding/franco_ros2_franka_ws/src/install/franka_description/share/franka_description//meshes/robot_arms/fer/collision/hand.stl
[2.804s] -- Symlinking: /home/jiataoding/franco_ros2_franka_ws/src/install/franka_description/share/franka_description//meshes/robot_arms/fer/collision/link0.stl
[2.819s] -- Symlinking: /home/jiataoding/franco_ros2_franka_ws/src/install/franka_description/share/franka_description//meshes/robot_arms/fer/collision/link1.stl
[2.833s] -- Symlinking: /home/jiataoding/franco_ros2_franka_ws/src/install/franka_description/share/franka_description//meshes/robot_arms/fer/collision/link2.stl
[2.847s] -- Symlinking: /home/jiataoding/franco_ros2_franka_ws/src/install/franka_description/share/franka_description//meshes/robot_arms/fer/collision/link3.stl
[2.864s] -- Symlinking: /home/jiataoding/franco_ros2_franka_ws/src/install/franka_description/share/franka_description//meshes/robot_arms/fer/collision/link4.stl
[2.882s] -- Symlinking: /home/jiataoding/franco_ros2_franka_ws/src/install/franka_description/share/franka_description//meshes/robot_arms/fer/collision/link5.stl
[2.897s] -- Symlinking: /home/jiataoding/franco_ros2_franka_ws/src/install/franka_description/share/franka_description//meshes/robot_arms/fer/collision/link6.stl
[2.911s] -- Symlinking: /home/jiataoding/franco_ros2_franka_ws/src/install/franka_description/share/franka_description//meshes/robot_arms/fer/collision/link7.stl
[2.926s] -- Symlinking: /home/jiataoding/franco_ros2_franka_ws/src/install/franka_description/share/franka_description//meshes/robot_arms/fer/visual/finger.dae
[2.940s] -- Symlinking: /home/jiataoding/franco_ros2_franka_ws/src/install/franka_description/share/franka_description//meshes/robot_arms/fer/visual/hand.dae
[2.956s] -- Symlinking: /home/jiataoding/franco_ros2_franka_ws/src/install/franka_description/share/franka_description//meshes/robot_arms/fer/visual/link0.dae
[2.971s] -- Symlinking: /home/jiataoding/franco_ros2_franka_ws/src/install/franka_description/share/franka_description//meshes/robot_arms/fer/visual/link1.dae
[2.985s] -- Symlinking: /home/jiataoding/franco_ros2_franka_ws/src/install/franka_description/share/franka_description//meshes/robot_arms/fer/visual/link2.dae
[2.997s] -- Symlinking: /home/jiataoding/franco_ros2_franka_ws/src/install/franka_description/share/franka_description//meshes/robot_arms/fer/visual/link3.dae
[3.012s] -- Symlinking: /home/jiataoding/franco_ros2_franka_ws/src/install/franka_description/share/franka_description//meshes/robot_arms/fer/visual/link4.dae
[3.027s] -- Symlinking: /home/jiataoding/franco_ros2_franka_ws/src/install/franka_description/share/franka_description//meshes/robot_arms/fer/visual/link5.dae
[3.042s] -- Symlinking: /home/jiataoding/franco_ros2_franka_ws/src/install/franka_description/share/franka_description//meshes/robot_arms/fer/visual/link6.dae
[3.057s] -- Symlinking: /home/jiataoding/franco_ros2_franka_ws/src/install/franka_description/share/franka_description//meshes/robot_arms/fer/visual/link7.dae
[3.072s] -- Symlinking: /home/jiataoding/franco_ros2_franka_ws/src/install/franka_description/share/franka_description//meshes/robot_arms/fp3/collision/link0.stl
[3.085s] -- Symlinking: /home/jiataoding/franco_ros2_franka_ws/src/install/franka_description/share/franka_description//meshes/robot_arms/fp3/collision/link1.stl
[3.099s] -- Symlinking: /home/jiataoding/franco_ros2_franka_ws/src/install/franka_description/share/franka_description//meshes/robot_arms/fp3/collision/link2.stl
[3.114s] -- Symlinking: /home/jiataoding/franco_ros2_franka_ws/src/install/franka_description/share/franka_description//meshes/robot_arms/fp3/collision/link3.stl
[3.129s] -- Symlinking: /home/jiataoding/franco_ros2_franka_ws/src/install/franka_description/share/franka_description//meshes/robot_arms/fp3/collision/link4.stl
[3.142s] -- Symlinking: /home/jiataoding/franco_ros2_franka_ws/src/install/franka_description/share/franka_description//meshes/robot_arms/fp3/collision/link5.stl
[3.156s] -- Symlinking: /home/jiataoding/franco_ros2_franka_ws/src/install/franka_description/share/franka_description//meshes/robot_arms/fp3/collision/link6.stl
[3.172s] -- Symlinking: /home/jiataoding/franco_ros2_franka_ws/src/install/franka_description/share/franka_description//meshes/robot_arms/fp3/collision/link7.stl
[3.188s] -- Symlinking: /home/jiataoding/franco_ros2_franka_ws/src/install/franka_description/share/franka_description//meshes/robot_arms/fp3/visual/link0.dae
[3.203s] -- Symlinking: /home/jiataoding/franco_ros2_franka_ws/src/install/franka_description/share/franka_description//meshes/robot_arms/fp3/visual/link1.dae
[3.219s] -- Symlinking: /home/jiataoding/franco_ros2_franka_ws/src/install/franka_description/share/franka_description//meshes/robot_arms/fp3/visual/link2.dae
[3.232s] -- Symlinking: /home/jiataoding/franco_ros2_franka_ws/src/install/franka_description/share/franka_description//meshes/robot_arms/fp3/visual/link3.dae
[3.247s] -- Symlinking: /home/jiataoding/franco_ros2_franka_ws/src/install/franka_description/share/franka_description//meshes/robot_arms/fp3/visual/link4.dae
[3.262s] -- Symlinking: /home/jiataoding/franco_ros2_franka_ws/src/install/franka_description/share/franka_description//meshes/robot_arms/fp3/visual/link5.dae
[3.277s] -- Symlinking: /home/jiataoding/franco_ros2_franka_ws/src/install/franka_description/share/franka_description//meshes/robot_arms/fp3/visual/link6.dae
[3.293s] -- Symlinking: /home/jiataoding/franco_ros2_franka_ws/src/install/franka_description/share/franka_description//meshes/robot_arms/fp3/visual/link7.dae
[3.308s] -- Symlinking: /home/jiataoding/franco_ros2_franka_ws/src/install/franka_description/share/franka_description//meshes/robot_arms/fr3/collision/link0.stl
[3.324s] -- Symlinking: /home/jiataoding/franco_ros2_franka_ws/src/install/franka_description/share/franka_description//meshes/robot_arms/fr3/collision/link1.stl
[3.337s] -- Symlinking: /home/jiataoding/franco_ros2_franka_ws/src/install/franka_description/share/franka_description//meshes/robot_arms/fr3/collision/link2.stl
[3.350s] -- Symlinking: /home/jiataoding/franco_ros2_franka_ws/src/install/franka_description/share/franka_description//meshes/robot_arms/fr3/collision/link3.stl
[3.365s] -- Symlinking: /home/jiataoding/franco_ros2_franka_ws/src/install/franka_description/share/franka_description//meshes/robot_arms/fr3/collision/link4.stl
[3.380s] -- Symlinking: /home/jiataoding/franco_ros2_franka_ws/src/install/franka_description/share/franka_description//meshes/robot_arms/fr3/collision/link5.stl
[3.394s] -- Symlinking: /home/jiataoding/franco_ros2_franka_ws/src/install/franka_description/share/franka_description//meshes/robot_arms/fr3/collision/link6.stl
[3.410s] -- Symlinking: /home/jiataoding/franco_ros2_franka_ws/src/install/franka_description/share/franka_description//meshes/robot_arms/fr3/collision/link7.stl
[3.424s] -- Symlinking: /home/jiataoding/franco_ros2_franka_ws/src/install/franka_description/share/franka_description//meshes/robot_arms/fr3/visual/link0.dae
[3.440s] -- Symlinking: /home/jiataoding/franco_ros2_franka_ws/src/install/franka_description/share/franka_description//meshes/robot_arms/fr3/visual/link1.dae
[3.456s] -- Symlinking: /home/jiataoding/franco_ros2_franka_ws/src/install/franka_description/share/franka_description//meshes/robot_arms/fr3/visual/link2.dae
[3.471s] -- Symlinking: /home/jiataoding/franco_ros2_franka_ws/src/install/franka_description/share/franka_description//meshes/robot_arms/fr3/visual/link3.dae
[3.484s] -- Symlinking: /home/jiataoding/franco_ros2_franka_ws/src/install/franka_description/share/franka_description//meshes/robot_arms/fr3/visual/link4.dae
[3.496s] -- Symlinking: /home/jiataoding/franco_ros2_franka_ws/src/install/franka_description/share/franka_description//meshes/robot_arms/fr3/visual/link5.dae
[3.511s] -- Symlinking: /home/jiataoding/franco_ros2_franka_ws/src/install/franka_description/share/franka_description//meshes/robot_arms/fr3/visual/link6.dae
[3.525s] -- Symlinking: /home/jiataoding/franco_ros2_franka_ws/src/install/franka_description/share/franka_description//meshes/robot_arms/fr3/visual/link7.dae
[3.539s] -- Symlinking: /home/jiataoding/franco_ros2_franka_ws/src/install/franka_description/share/franka_description//meshes/robot_arms/fr3v2.1/collision/link0.stl
[3.553s] -- Symlinking: /home/jiataoding/franco_ros2_franka_ws/src/install/franka_description/share/franka_description//meshes/robot_arms/fr3v2.1/collision/link1.stl
[3.569s] -- Symlinking: /home/jiataoding/franco_ros2_franka_ws/src/install/franka_description/share/franka_description//meshes/robot_arms/fr3v2.1/collision/link2.stl
[3.585s] -- Symlinking: /home/jiataoding/franco_ros2_franka_ws/src/install/franka_description/share/franka_description//meshes/robot_arms/fr3v2.1/collision/link3.stl
[3.601s] -- Symlinking: /home/jiataoding/franco_ros2_franka_ws/src/install/franka_description/share/franka_description//meshes/robot_arms/fr3v2.1/collision/link4.stl
[3.616s] -- Symlinking: /home/jiataoding/franco_ros2_franka_ws/src/install/franka_description/share/franka_description//meshes/robot_arms/fr3v2.1/collision/link5.stl
[3.632s] -- Symlinking: /home/jiataoding/franco_ros2_franka_ws/src/install/franka_description/share/franka_description//meshes/robot_arms/fr3v2.1/collision/link6.stl
[3.647s] -- Symlinking: /home/jiataoding/franco_ros2_franka_ws/src/install/franka_description/share/franka_description//meshes/robot_arms/fr3v2.1/collision/link7.stl
[3.662s] -- Symlinking: /home/jiataoding/franco_ros2_franka_ws/src/install/franka_description/share/franka_description//meshes/robot_arms/fr3v2.1/visual/link0.dae
[3.680s] -- Symlinking: /home/jiataoding/franco_ros2_franka_ws/src/install/franka_description/share/franka_description//meshes/robot_arms/fr3v2.1/visual/link1.dae
[3.695s] -- Symlinking: /home/jiataoding/franco_ros2_franka_ws/src/install/franka_description/share/franka_description//meshes/robot_arms/fr3v2.1/visual/link2.dae
[3.709s] -- Symlinking: /home/jiataoding/franco_ros2_franka_ws/src/install/franka_description/share/franka_description//meshes/robot_arms/fr3v2.1/visual/link3.dae
[3.722s] -- Symlinking: /home/jiataoding/franco_ros2_franka_ws/src/install/franka_description/share/franka_description//meshes/robot_arms/fr3v2.1/visual/link4.dae
[3.737s] -- Symlinking: /home/jiataoding/franco_ros2_franka_ws/src/install/franka_description/share/franka_description//meshes/robot_arms/fr3v2.1/visual/link5.dae
[3.752s] -- Symlinking: /home/jiataoding/franco_ros2_franka_ws/src/install/franka_description/share/franka_description//meshes/robot_arms/fr3v2.1/visual/link6.dae
[3.768s] -- Symlinking: /home/jiataoding/franco_ros2_franka_ws/src/install/franka_description/share/franka_description//meshes/robot_arms/fr3v2.1/visual/link7.dae
[3.781s] -- Symlinking: /home/jiataoding/franco_ros2_franka_ws/src/install/franka_description/share/franka_description//meshes/robot_arms/fr3v2/collision/link0.stl
[3.794s] -- Symlinking: /home/jiataoding/franco_ros2_franka_ws/src/install/franka_description/share/franka_description//meshes/robot_arms/fr3v2/collision/link1.stl
[3.806s] -- Symlinking: /home/jiataoding/franco_ros2_franka_ws/src/install/franka_description/share/franka_description//meshes/robot_arms/fr3v2/collision/link2.stl
[3.820s] -- Symlinking: /home/jiataoding/franco_ros2_franka_ws/src/install/franka_description/share/franka_description//meshes/robot_arms/fr3v2/collision/link3.stl
[3.835s] -- Symlinking: /home/jiataoding/franco_ros2_franka_ws/src/install/franka_description/share/franka_description//meshes/robot_arms/fr3v2/collision/link4.stl
[3.850s] -- Symlinking: /home/jiataoding/franco_ros2_franka_ws/src/install/franka_description/share/franka_description//meshes/robot_arms/fr3v2/collision/link5.stl
[3.864s] -- Symlinking: /home/jiataoding/franco_ros2_franka_ws/src/install/franka_description/share/franka_description//meshes/robot_arms/fr3v2/collision/link6.stl
[3.879s] -- Symlinking: /home/jiataoding/franco_ros2_franka_ws/src/install/franka_description/share/franka_description//meshes/robot_arms/fr3v2/collision/link7.stl
[3.894s] -- Symlinking: /home/jiataoding/franco_ros2_franka_ws/src/install/franka_description/share/franka_description//meshes/robot_arms/fr3v2/visual/link0.dae
[3.910s] -- Symlinking: /home/jiataoding/franco_ros2_franka_ws/src/install/franka_description/share/franka_description//meshes/robot_arms/fr3v2/visual/link1.dae
[3.925s] -- Symlinking: /home/jiataoding/franco_ros2_franka_ws/src/install/franka_description/share/franka_description//meshes/robot_arms/fr3v2/visual/link2.dae
[3.940s] -- Symlinking: /home/jiataoding/franco_ros2_franka_ws/src/install/franka_description/share/franka_description//meshes/robot_arms/fr3v2/visual/link3.dae
[3.954s] -- Symlinking: /home/jiataoding/franco_ros2_franka_ws/src/install/franka_description/share/franka_description//meshes/robot_arms/fr3v2/visual/link4.dae
[3.968s] -- Symlinking: /home/jiataoding/franco_ros2_franka_ws/src/install/franka_description/share/franka_description//meshes/robot_arms/fr3v2/visual/link5.dae
[3.984s] -- Symlinking: /home/jiataoding/franco_ros2_franka_ws/src/install/franka_description/share/franka_description//meshes/robot_arms/fr3v2/visual/link6.dae
[3.997s] -- Symlinking: /home/jiataoding/franco_ros2_franka_ws/src/install/franka_description/share/franka_description//meshes/robot_arms/fr3v2/visual/link7.dae
[4.012s] -- Symlinking: /home/jiataoding/franco_ros2_franka_ws/src/install/franka_description/share/franka_description//meshes/robot_ee/cobot_pump/collision/cobot_pump.stl
[4.028s] -- Symlinking: /home/jiataoding/franco_ros2_franka_ws/src/install/franka_description/share/franka_description//meshes/robot_ee/cobot_pump/visual/cobot_pump.dae
[4.043s] -- Symlinking: /home/jiataoding/franco_ros2_franka_ws/src/install/franka_description/share/franka_description//meshes/robot_ee/franka_hand_black/collision/hand.stl
[4.058s] -- Symlinking: /home/jiataoding/franco_ros2_franka_ws/src/install/franka_description/share/franka_description//meshes/robot_ee/franka_hand_black/visual/finger.dae
[4.072s] -- Symlinking: /home/jiataoding/franco_ros2_franka_ws/src/install/franka_description/share/franka_description//meshes/robot_ee/franka_hand_black/visual/hand.dae
[4.088s] -- Symlinking: /home/jiataoding/franco_ros2_franka_ws/src/install/franka_description/share/franka_description//meshes/robot_ee/franka_hand_white/collision/hand.stl
[4.102s] -- Symlinking: /home/jiataoding/franco_ros2_franka_ws/src/install/franka_description/share/franka_description//meshes/robot_ee/franka_hand_white/visual/finger.dae
[4.117s] -- Symlinking: /home/jiataoding/franco_ros2_franka_ws/src/install/franka_description/share/franka_description//meshes/robot_ee/franka_hand_white/visual/hand.dae
[4.131s] -- Symlinking: /home/jiataoding/franco_ros2_franka_ws/src/install/franka_description/share/franka_description//rviz/visualize_franka.rviz
[4.147s] -- Symlinking: /home/jiataoding/franco_ros2_franka_ws/src/install/franka_description/share/franka_description//rviz/visualize_franka_duo.rviz
[4.163s] -- Symlinking: /home/jiataoding/franco_ros2_franka_ws/src/install/franka_description/share/ament_index/resource_index/package_run_dependencies/franka_description
[4.178s] -- Symlinking: /home/jiataoding/franco_ros2_franka_ws/src/install/franka_description/share/ament_index/resource_index/parent_prefix_path/franka_description
[4.190s] -- Symlinking: /home/jiataoding/franco_ros2_franka_ws/src/install/franka_description/share/franka_description/environment/ament_prefix_path.sh
[4.205s] -- Symlinking: /home/jiataoding/franco_ros2_franka_ws/src/install/franka_description/share/franka_description/environment/ament_prefix_path.dsv
[4.220s] -- Symlinking: /home/jiataoding/franco_ros2_franka_ws/src/install/franka_description/share/franka_description/environment/path.sh
[4.234s] -- Symlinking: /home/jiataoding/franco_ros2_franka_ws/src/install/franka_description/share/franka_description/environment/path.dsv
[4.248s] -- Symlinking: /home/jiataoding/franco_ros2_franka_ws/src/install/franka_description/share/franka_description/local_setup.bash
[4.262s] -- Symlinking: /home/jiataoding/franco_ros2_franka_ws/src/install/franka_description/share/franka_description/local_setup.sh
[4.277s] -- Symlinking: /home/jiataoding/franco_ros2_franka_ws/src/install/franka_description/share/franka_description/local_setup.zsh
[4.292s] -- Symlinking: /home/jiataoding/franco_ros2_franka_ws/src/install/franka_description/share/franka_description/local_setup.dsv
[4.306s] -- Symlinking: /home/jiataoding/franco_ros2_franka_ws/src/install/franka_description/share/franka_description/package.dsv
[4.320s] -- Symlinking: /home/jiataoding/franco_ros2_franka_ws/src/install/franka_description/share/ament_index/resource_index/packages/franka_description
[4.336s] -- Symlinking: /home/jiataoding/franco_ros2_franka_ws/src/install/franka_description/share/franka_description/cmake/franka_descriptionConfig.cmake
[4.351s] -- Symlinking: /home/jiataoding/franco_ros2_franka_ws/src/install/franka_description/share/franka_description/cmake/franka_descriptionConfig-version.cmake
[4.365s] -- Symlinking: /home/jiataoding/franco_ros2_franka_ws/src/install/franka_description/share/franka_description/package.xml
[4.380s] Invoked command in '/home/jiataoding/franco_ros2_franka_ws/src/build/franka_description' returned '0': CMAKE_PREFIX_PATH=/home/jiataoding/ros2_franka_ws/install/joint_impedance_controller:/home/jiataoding/ros2_franka_ws/install/integration_launch_testing:/home/jiataoding/ros2_franka_ws/install/idra_franka_launch:/home/jiataoding/ros2_franka_ws/install/gravity_compensation:/home/jiataoding/ros2_franka_ws/install/franka_task_pipeline:/home/jiataoding/ros2_franka_ws/install/franka_ros2:/home/jiataoding/ros2_franka_ws/install/franka_bringup:/home/jiataoding/ros2_franka_ws/install/franka_robot_state_broadcaster:/home/jiataoding/ros2_franka_ws/install/franka_example_controllers:/home/jiataoding/ros2_franka_ws/install/franka_semantic_components:/home/jiataoding/ros2_franka_ws/install/franka_gazebo_bringup:/home/jiataoding/ros2_franka_ws/install/franka_ign_ros2_control:/home/jiataoding/ros2_franka_ws/install/franka_fr3_moveit_config:/home/jiataoding/ros2_franka_ws/install/franka_hardware:/home/jiataoding/ros2_franka_ws/install/franka_gripper:/home/jiataoding/ros2_franka_ws/install/franka_msgs:/home/jiataoding/ros2_franka_ws/install/franka_description:/home/jiataoding/ros2_franka_ws/install/cartesian_impedance_controller:/opt/ros/humble:/home/jiataoding/ros2_franka_ws/install/effort_controller_base:/home/jiataoding/ros2_franka_ws/install/debug_msg:/home/jiataoding/franco_ros2_franka_ws/install/joint_impedance_controller:/home/jiataoding/franco_ros2_franka_ws/install/integration_launch_testing:/home/jiataoding/franco_ros2_franka_ws/install/idra_franka_launch:/home/jiataoding/franco_ros2_franka_ws/install/gravity_compensation:/home/jiataoding/franco_ros2_franka_ws/install/franka_task_pipeline:/home/jiataoding/franco_ros2_franka_ws/install/franka_ros2:/home/jiataoding/franco_ros2_franka_ws/install/franka_bringup:/home/jiataoding/franco_ros2_franka_ws/install/franka_robot_state_broadcaster:/home/jiataoding/franco_ros2_franka_ws/install/franka_example_controllers:/home/jiataoding/franco_ros2_franka_ws/install/franka_semantic_components:/home/jiataoding/franco_ros2_franka_ws/install/franka_gazebo_bringup:/home/jiataoding/franco_ros2_franka_ws/install/franka_ign_ros2_control:/home/jiataoding/franco_ros2_franka_ws/install/franka_fr3_moveit_config:/home/jiataoding/franco_ros2_franka_ws/install/franka_hardware:/home/jiataoding/franco_ros2_franka_ws/install/franka_gripper:/home/jiataoding/franco_ros2_franka_ws/install/franka_msgs:/home/jiataoding/franco_ros2_franka_ws/install/franka_description:/home/jiataoding/franco_ros2_franka_ws/install/cartesian_impedance_controller:/home/jiataoding/franco_ros2_franka_ws/install/effort_controller_base:/home/jiataoding/franco_ros2_franka_ws/install/debug_msg:/opt/openrobots: /usr/bin/cmake --install /home/jiataoding/franco_ros2_franka_ws/src/build/franka_description
