[0.034s] Invoking command in '/home/jiataoding/franco_ros2_franka_ws/src/build/effort_controller_base': /usr/bin/cmake --build /home/jiataoding/franco_ros2_franka_ws/src/build/effort_controller_base -- -j24 -l24
[0.130s] [100%] Built target effort_controller_base
[0.147s] Invoked command in '/home/jiataoding/franco_ros2_franka_ws/src/build/effort_controller_base' returned '0': /usr/bin/cmake --build /home/jiataoding/franco_ros2_franka_ws/src/build/effort_controller_base -- -j24 -l24
[0.152s] Invoking command in '/home/jiataoding/franco_ros2_franka_ws/src/build/effort_controller_base': /usr/bin/cmake --install /home/jiataoding/franco_ros2_franka_ws/src/build/effort_controller_base
[0.163s] -- Install configuration: "Release"
[0.163s] -- Up-to-date: /home/jiataoding/franco_ros2_franka_ws/src/install/effort_controller_base/include
[0.164s] -- Up-to-date: /home/jiataoding/franco_ros2_franka_ws/src/install/effort_controller_base/include/effort_controller_base
[0.164s] -- Up-to-date: /home/jiataoding/franco_ros2_franka_ws/src/install/effort_controller_base/include/effort_controller_base/pseudo_inversion.h
[0.165s] -- Up-to-date: /home/jiataoding/franco_ros2_franka_ws/src/install/effort_controller_base/include/effort_controller_base/Filter.h
[0.165s] -- Up-to-date: /home/jiataoding/franco_ros2_franka_ws/src/install/effort_controller_base/include/effort_controller_base/effort_controller_base.h
[0.166s] -- Up-to-date: /home/jiataoding/franco_ros2_franka_ws/src/install/effort_controller_base/include/effort_controller_base/Utility.h
[0.166s] -- Up-to-date: /home/jiataoding/franco_ros2_franka_ws/src/install/effort_controller_base/include/effort_controller_base/chainjnttojacdotsolver.hpp
[0.168s] -- Up-to-date: /home/jiataoding/franco_ros2_franka_ws/src/install/effort_controller_base/include/effort_controller_base/double_diagonalization.hpp
[0.169s] -- Up-to-date: /home/jiataoding/franco_ros2_franka_ws/src/install/effort_controller_base/lib/libeffort_controller_base.so
[0.170s] -- Up-to-date: /home/jiataoding/franco_ros2_franka_ws/src/install/effort_controller_base/share/effort_controller_base/environment/library_path.sh
[0.170s] -- Up-to-date: /home/jiataoding/franco_ros2_franka_ws/src/install/effort_controller_base/share/effort_controller_base/environment/library_path.dsv
[0.170s] -- Up-to-date: /home/jiataoding/franco_ros2_franka_ws/src/install/effort_controller_base/share/ament_index/resource_index/package_run_dependencies/effort_controller_base
[0.170s] -- Up-to-date: /home/jiataoding/franco_ros2_franka_ws/src/install/effort_controller_base/share/ament_index/resource_index/parent_prefix_path/effort_controller_base
[0.171s] -- Up-to-date: /home/jiataoding/franco_ros2_franka_ws/src/install/effort_controller_base/share/effort_controller_base/environment/ament_prefix_path.sh
[0.171s] -- Up-to-date: /home/jiataoding/franco_ros2_franka_ws/src/install/effort_controller_base/share/effort_controller_base/environment/ament_prefix_path.dsv
[0.171s] -- Up-to-date: /home/jiataoding/franco_ros2_franka_ws/src/install/effort_controller_base/share/effort_controller_base/environment/path.sh
[0.171s] -- Up-to-date: /home/jiataoding/franco_ros2_franka_ws/src/install/effort_controller_base/share/effort_controller_base/environment/path.dsv
[0.171s] -- Up-to-date: /home/jiataoding/franco_ros2_franka_ws/src/install/effort_controller_base/share/effort_controller_base/local_setup.bash
[0.172s] -- Up-to-date: /home/jiataoding/franco_ros2_franka_ws/src/install/effort_controller_base/share/effort_controller_base/local_setup.sh
[0.172s] -- Up-to-date: /home/jiataoding/franco_ros2_franka_ws/src/install/effort_controller_base/share/effort_controller_base/local_setup.zsh
[0.172s] -- Up-to-date: /home/jiataoding/franco_ros2_franka_ws/src/install/effort_controller_base/share/effort_controller_base/local_setup.dsv
[0.172s] -- Installing: /home/jiataoding/franco_ros2_franka_ws/src/install/effort_controller_base/share/effort_controller_base/package.dsv
[0.172s] -- Up-to-date: /home/jiataoding/franco_ros2_franka_ws/src/install/effort_controller_base/share/ament_index/resource_index/packages/effort_controller_base
[0.173s] -- Up-to-date: /home/jiataoding/franco_ros2_franka_ws/src/install/effort_controller_base/share/effort_controller_base/cmake/ament_cmake_export_dependencies-extras.cmake
[0.173s] -- Up-to-date: /home/jiataoding/franco_ros2_franka_ws/src/install/effort_controller_base/share/effort_controller_base/cmake/ament_cmake_export_include_directories-extras.cmake
[0.173s] -- Up-to-date: /home/jiataoding/franco_ros2_franka_ws/src/install/effort_controller_base/share/effort_controller_base/cmake/ament_cmake_export_libraries-extras.cmake
[0.173s] -- Up-to-date: /home/jiataoding/franco_ros2_franka_ws/src/install/effort_controller_base/share/effort_controller_base/cmake/effort_controller_baseConfig.cmake
[0.173s] -- Up-to-date: /home/jiataoding/franco_ros2_franka_ws/src/install/effort_controller_base/share/effort_controller_base/cmake/effort_controller_baseConfig-version.cmake
[0.174s] -- Up-to-date: /home/jiataoding/franco_ros2_franka_ws/src/install/effort_controller_base/share/effort_controller_base/package.xml
[0.194s] Invoked command in '/home/jiataoding/franco_ros2_franka_ws/src/build/effort_controller_base' returned '0': /usr/bin/cmake --install /home/jiataoding/franco_ros2_franka_ws/src/build/effort_controller_base
