[  6%] Built target gmock_main
[35m[1mConsolidate compiler generated dependencies of target franka_example_controllers[0m
[ 15%] Built target gmock
[ 21%] Built target franka_example_controllers_test_load_move_to_start
[ 27%] Built target franka_example_controllers_test
[ 87%] Built target franka_example_controllers
[ 93%] Built target franka_example_controllers_move_to_start_test
[100%] Built target franka_example_controllers_gravity_test
-- Install configuration: "Release"
-- Execute custom install script
-- Up-to-date symlink: /home/jiataoding/franco_ros2_franka_ws/src/install/franka_example_controllers/share/franka_example_controllers//franka_example_controllers.xml
-- Up-to-date symlink: /home/jiataoding/franco_ros2_franka_ws/src/install/franka_example_controllers/lib/libfranka_example_controllers.so
-- Up-to-date symlink: /home/jiataoding/franco_ros2_franka_ws/src/install/franka_example_controllers/include/franka_example_controllers/cartesian_elbow_example_controller.hpp
-- Up-to-date symlink: /home/jiataoding/franco_ros2_franka_ws/src/install/franka_example_controllers/include/franka_example_controllers/cartesian_impedance_osc_rt.hpp
-- Up-to-date symlink: /home/jiataoding/franco_ros2_franka_ws/src/install/franka_example_controllers/include/franka_example_controllers/cartesian_orientation_example_controller.hpp
-- Up-to-date symlink: /home/jiataoding/franco_ros2_franka_ws/src/install/franka_example_controllers/include/franka_example_controllers/cartesian_pose_example_controller.hpp
-- Up-to-date symlink: /home/jiataoding/franco_ros2_franka_ws/src/install/franka_example_controllers/include/franka_example_controllers/cartesian_velocity_example_controller.hpp
-- Up-to-date symlink: /home/jiataoding/franco_ros2_franka_ws/src/install/franka_example_controllers/include/franka_example_controllers/default_robot_behavior_utils.hpp
-- Up-to-date symlink: /home/jiataoding/franco_ros2_franka_ws/src/install/franka_example_controllers/include/franka_example_controllers/elbow_example_controller.hpp
-- Up-to-date symlink: /home/jiataoding/franco_ros2_franka_ws/src/install/franka_example_controllers/include/franka_example_controllers/gravity_compensation_example_controller.hpp
-- Up-to-date symlink: /home/jiataoding/franco_ros2_franka_ws/src/install/franka_example_controllers/include/franka_example_controllers/gripper_example_controller.hpp
-- Up-to-date symlink: /home/jiataoding/franco_ros2_franka_ws/src/install/franka_example_controllers/include/franka_example_controllers/joint_impedance_example_controller.hpp
-- Up-to-date symlink: /home/jiataoding/franco_ros2_franka_ws/src/install/franka_example_controllers/include/franka_example_controllers/joint_impedance_with_ik_example_controller.hpp
-- Up-to-date symlink: /home/jiataoding/franco_ros2_franka_ws/src/install/franka_example_controllers/include/franka_example_controllers/joint_position_example_controller.hpp
-- Up-to-date symlink: /home/jiataoding/franco_ros2_franka_ws/src/install/franka_example_controllers/include/franka_example_controllers/joint_velocity_example_controller.hpp
-- Up-to-date symlink: /home/jiataoding/franco_ros2_franka_ws/src/install/franka_example_controllers/include/franka_example_controllers/model_example_controller.hpp
-- Up-to-date symlink: /home/jiataoding/franco_ros2_franka_ws/src/install/franka_example_controllers/include/franka_example_controllers/motion_generator.hpp
-- Up-to-date symlink: /home/jiataoding/franco_ros2_franka_ws/src/install/franka_example_controllers/include/franka_example_controllers/move_catersian_impedance_with_gripper.hpp
-- Up-to-date symlink: /home/jiataoding/franco_ros2_franka_ws/src/install/franka_example_controllers/include/franka_example_controllers/move_to_start_example_controller.hpp
-- Up-to-date symlink: /home/jiataoding/franco_ros2_franka_ws/src/install/franka_example_controllers/include/franka_example_controllers/move_to_start_with_gripper.hpp
-- Up-to-date symlink: /home/jiataoding/franco_ros2_franka_ws/src/install/franka_example_controllers/include/franka_example_controllers/onnx_policy.hpp
-- Up-to-date symlink: /home/jiataoding/franco_ros2_franka_ws/src/install/franka_example_controllers/include/franka_example_controllers/pinocchio_kinematics.hpp
-- Up-to-date symlink: /home/jiataoding/franco_ros2_franka_ws/src/install/franka_example_controllers/include/franka_example_controllers/pinocchio_kinematics_nrt.hpp
-- Up-to-date symlink: /home/jiataoding/franco_ros2_franka_ws/src/install/franka_example_controllers/include/franka_example_controllers/rl_action_processor.hpp
-- Up-to-date symlink: /home/jiataoding/franco_ros2_franka_ws/src/install/franka_example_controllers/include/franka_example_controllers/robot_utils.hpp
-- Up-to-date symlink: /home/jiataoding/franco_ros2_franka_ws/src/install/franka_example_controllers/include/franka_example_controllers/visibility_control.h
-- Up-to-date symlink: /home/jiataoding/franco_ros2_franka_ws/src/install/franka_example_controllers/share/franka_example_controllers/models/pick_place_policy.onnx
-- Up-to-date symlink: /home/jiataoding/franco_ros2_franka_ws/src/install/franka_example_controllers/share/franka_example_controllers/models/policy.onnx
-- Up-to-date symlink: /home/jiataoding/franco_ros2_franka_ws/src/install/franka_example_controllers/share/franka_example_controllers/models/policy_ppo_no_constraint2026-05-02_10-49-29_model_1000.onnx
-- Up-to-date symlink: /home/jiataoding/franco_ros2_franka_ws/src/install/franka_example_controllers/share/franka_example_controllers/models/policy_ppo_no_constraint2026-05-02_10-49-29_model_1499.onnx
-- Up-to-date symlink: /home/jiataoding/franco_ros2_franka_ws/src/install/franka_example_controllers/share/franka_example_controllers/models/policy_ppo_no_constraint2026-05-03_10-18-01_model_2350.onnx
-- Up-to-date symlink: /home/jiataoding/franco_ros2_franka_ws/src/install/franka_example_controllers/share/franka_example_controllers/models/policy_ppo_no_constraint2026-05-03_10-18-01_model_2999.onnx
-- Up-to-date symlink: /home/jiataoding/franco_ros2_franka_ws/src/install/franka_example_controllers/share/franka_example_controllers/models/policy_ppo_no_constraint_2999.onnx
-- Up-to-date symlink: /home/jiataoding/franco_ros2_franka_ws/src/install/franka_example_controllers/share/franka_example_controllers/environment/library_path.sh
-- Up-to-date symlink: /home/jiataoding/franco_ros2_franka_ws/src/install/franka_example_controllers/share/franka_example_controllers/environment/library_path.dsv
-- Up-to-date symlink: /home/jiataoding/franco_ros2_franka_ws/src/install/franka_example_controllers/share/ament_index/resource_index/package_run_dependencies/franka_example_controllers
-- Up-to-date symlink: /home/jiataoding/franco_ros2_franka_ws/src/install/franka_example_controllers/share/ament_index/resource_index/parent_prefix_path/franka_example_controllers
-- Up-to-date symlink: /home/jiataoding/franco_ros2_franka_ws/src/install/franka_example_controllers/share/franka_example_controllers/environment/ament_prefix_path.sh
-- Up-to-date symlink: /home/jiataoding/franco_ros2_franka_ws/src/install/franka_example_controllers/share/franka_example_controllers/environment/ament_prefix_path.dsv
-- Up-to-date symlink: /home/jiataoding/franco_ros2_franka_ws/src/install/franka_example_controllers/share/franka_example_controllers/environment/path.sh
-- Up-to-date symlink: /home/jiataoding/franco_ros2_franka_ws/src/install/franka_example_controllers/share/franka_example_controllers/environment/path.dsv
-- Up-to-date symlink: /home/jiataoding/franco_ros2_franka_ws/src/install/franka_example_controllers/share/franka_example_controllers/local_setup.bash
-- Up-to-date symlink: /home/jiataoding/franco_ros2_franka_ws/src/install/franka_example_controllers/share/franka_example_controllers/local_setup.sh
-- Up-to-date symlink: /home/jiataoding/franco_ros2_franka_ws/src/install/franka_example_controllers/share/franka_example_controllers/local_setup.zsh
-- Up-to-date symlink: /home/jiataoding/franco_ros2_franka_ws/src/install/franka_example_controllers/share/franka_example_controllers/local_setup.dsv
-- Symlinking: /home/jiataoding/franco_ros2_franka_ws/src/install/franka_example_controllers/share/franka_example_controllers/package.dsv
-- Up-to-date symlink: /home/jiataoding/franco_ros2_franka_ws/src/install/franka_example_controllers/share/ament_index/resource_index/packages/franka_example_controllers
-- Up-to-date symlink: /home/jiataoding/franco_ros2_franka_ws/src/install/franka_example_controllers/share/ament_index/resource_index/controller_interface__pluginlib__plugin/franka_example_controllers
-- Up-to-date symlink: /home/jiataoding/franco_ros2_franka_ws/src/install/franka_example_controllers/share/franka_example_controllers/cmake/ament_cmake_export_include_directories-extras.cmake
-- Up-to-date symlink: /home/jiataoding/franco_ros2_franka_ws/src/install/franka_example_controllers/share/franka_example_controllers/cmake/ament_cmake_export_libraries-extras.cmake
-- Up-to-date symlink: /home/jiataoding/franco_ros2_franka_ws/src/install/franka_example_controllers/share/franka_example_controllers/cmake/ament_cmake_export_dependencies-extras.cmake
-- Up-to-date symlink: /home/jiataoding/franco_ros2_franka_ws/src/install/franka_example_controllers/share/franka_example_controllers/cmake/franka_example_controllersConfig.cmake
-- Up-to-date symlink: /home/jiataoding/franco_ros2_franka_ws/src/install/franka_example_controllers/share/franka_example_controllers/cmake/franka_example_controllersConfig-version.cmake
-- Up-to-date symlink: /home/jiataoding/franco_ros2_franka_ws/src/install/franka_example_controllers/share/franka_example_controllers/package.xml
-- Up-to-date: /home/jiataoding/franco_ros2_franka_ws/src/install/franka_example_controllers/lib
-- Up-to-date: /home/jiataoding/franco_ros2_franka_ws/src/install/franka_example_controllers/lib/cmake
-- Up-to-date: /home/jiataoding/franco_ros2_franka_ws/src/install/franka_example_controllers/lib/cmake/onnxruntime
-- Up-to-date: /home/jiataoding/franco_ros2_franka_ws/src/install/franka_example_controllers/lib/libonnxruntime.so.1.21.0
-- Up-to-date: /home/jiataoding/franco_ros2_franka_ws/src/install/franka_example_controllers/lib/libonnxruntime.so
-- Up-to-date: /home/jiataoding/franco_ros2_franka_ws/src/install/franka_example_controllers/lib/pkgconfig
-- Up-to-date: /home/jiataoding/franco_ros2_franka_ws/src/install/franka_example_controllers/lib/libonnxruntime.so.1
