[0.030s] Invoking command in '/home/jiataoding/franco_ros2_franka_ws/src/build/effort_controller_base': /usr/bin/cmake /home/jiataoding/franco_ros2_franka_ws/src/ros2_effort_controller/effort_controller_base -DCMAKE_BUILD_TYPE=Release -DCATKIN_INSTALL_INTO_PREFIX_ROOT=0 -DCATKIN_SYMLINK_INSTALL=ON -DCMAKE_INSTALL_PREFIX=/home/jiataoding/franco_ros2_franka_ws/src/install/effort_controller_base
[0.113s] -- The C compiler identification is GNU 11.4.0
[0.177s] -- The CXX compiler identification is GNU 11.4.0
[0.188s] -- Detecting C compiler ABI info
[0.303s] -- Detecting C compiler ABI info - done
[0.310s] -- Check for working C compiler: /usr/bin/cc - skipped
[0.310s] -- Detecting C compile features
[0.310s] -- Detecting C compile features - done
[0.313s] -- Detecting CXX compiler ABI info
[0.427s] -- Detecting CXX compiler ABI info - done
[0.434s] -- Check for working CXX compiler: /usr/bin/c++ - skipped
[0.435s] -- Detecting CXX compile features
[0.435s] -- Detecting CXX compile features - done
[0.463s] -- Found ament_cmake: 1.3.12 (/opt/ros/humble/share/ament_cmake/cmake)
[0.634s] -- Found Python3: /usr/bin/python3 (found version "3.10.12") found components: Interpreter 
[0.792s] -- Found rclcpp: 16.0.17 (/opt/ros/humble/share/rclcpp/cmake)
[0.884s] -- Found rosidl_generator_c: 3.1.8 (/opt/ros/humble/share/rosidl_generator_c/cmake)
[0.898s] -- Found rosidl_adapter: 3.1.8 (/opt/ros/humble/share/rosidl_adapter/cmake)
[0.915s] -- Found rosidl_generator_cpp: 3.1.8 (/opt/ros/humble/share/rosidl_generator_cpp/cmake)
[0.935s] -- Using all available rosidl_typesupport_c: rosidl_typesupport_fastrtps_c;rosidl_typesupport_introspection_c
[0.963s] -- Using all available rosidl_typesupport_cpp: rosidl_typesupport_fastrtps_cpp;rosidl_typesupport_introspection_cpp
[1.049s] -- Found rmw_implementation_cmake: 6.1.2 (/opt/ros/humble/share/rmw_implementation_cmake/cmake)
[1.058s] -- Found rmw_fastrtps_cpp: 6.2.9 (/opt/ros/humble/share/rmw_fastrtps_cpp/cmake)
[1.221s] -- Found OpenSSL: /usr/lib/x86_64-linux-gnu/libcrypto.so (found version "3.0.2")  
[1.265s] -- Found FastRTPS: /opt/ros/humble/include  
[1.333s] -- Using RMW implementation 'rmw_fastrtps_cpp' as default
[1.361s] -- Looking for pthread.h
[1.473s] -- Looking for pthread.h - found
[1.473s] -- Performing Test CMAKE_HAVE_LIBC_PTHREAD
[1.584s] -- Performing Test CMAKE_HAVE_LIBC_PTHREAD - Success
[1.585s] -- Found Threads: TRUE  
[1.652s] -- Found controller_interface: 2.53.0 (/opt/ros/humble/share/controller_interface/cmake)
[1.862s] -- Found kdl_parser: 2.6.4 (/opt/ros/humble/share/kdl_parser/cmake)
[1.882s] -- Found eigen3_cmake_module: 0.1.1 (/opt/ros/humble/share/eigen3_cmake_module/cmake)
[1.883s] -- Found Eigen3: TRUE (found version "3.4.0") 
[1.883s] -- Ensuring Eigen3 include directory is part of orocos-kdl CMake target
[1.899s] -- Found urdf: 2.6.1 (/opt/ros/humble/share/urdf/cmake)
[1.978s] -- Configuring done
[1.994s] -- Generating done
[1.995s] [33mCMake Warning:
[1.995s]   Manually-specified variables were not used by the project:
[1.995s] 
[1.995s]     CATKIN_INSTALL_INTO_PREFIX_ROOT
[1.996s]     CATKIN_SYMLINK_INSTALL
[1.996s] 
[1.996s] [0m
[1.998s] -- Build files have been written to: /home/jiataoding/franco_ros2_franka_ws/src/build/effort_controller_base
[2.008s] Invoked command in '/home/jiataoding/franco_ros2_franka_ws/src/build/effort_controller_base' returned '0': /usr/bin/cmake /home/jiataoding/franco_ros2_franka_ws/src/ros2_effort_controller/effort_controller_base -DCMAKE_BUILD_TYPE=Release -DCATKIN_INSTALL_INTO_PREFIX_ROOT=0 -DCATKIN_SYMLINK_INSTALL=ON -DCMAKE_INSTALL_PREFIX=/home/jiataoding/franco_ros2_franka_ws/src/install/effort_controller_base
[2.010s] Invoking command in '/home/jiataoding/franco_ros2_franka_ws/src/build/effort_controller_base': /usr/bin/cmake --build /home/jiataoding/franco_ros2_franka_ws/src/build/effort_controller_base -- -j24 -l24
[2.093s] [ 33%] [32mBuilding CXX object CMakeFiles/effort_controller_base.dir/src/effort_controller_base.cpp.o[0m
[2.094s] [ 66%] [32mBuilding CXX object CMakeFiles/effort_controller_base.dir/src/chainjnttojacdotsolver.cpp.o[0m
[20.124s] [100%] [32m[1mLinking CXX shared library libeffort_controller_base.so[0m
[20.288s] [100%] Built target effort_controller_base
[20.303s] Invoked command in '/home/jiataoding/franco_ros2_franka_ws/src/build/effort_controller_base' returned '0': /usr/bin/cmake --build /home/jiataoding/franco_ros2_franka_ws/src/build/effort_controller_base -- -j24 -l24
[20.304s] Invoking command in '/home/jiataoding/franco_ros2_franka_ws/src/build/effort_controller_base': /usr/bin/cmake --install /home/jiataoding/franco_ros2_franka_ws/src/build/effort_controller_base
[20.315s] -- Install configuration: "Release"
[20.315s] -- Installing: /home/jiataoding/franco_ros2_franka_ws/src/install/effort_controller_base/include
[20.315s] -- Installing: /home/jiataoding/franco_ros2_franka_ws/src/install/effort_controller_base/include/effort_controller_base
[20.315s] -- Installing: /home/jiataoding/franco_ros2_franka_ws/src/install/effort_controller_base/include/effort_controller_base/pseudo_inversion.h
[20.316s] -- Installing: /home/jiataoding/franco_ros2_franka_ws/src/install/effort_controller_base/include/effort_controller_base/Filter.h
[20.316s] -- Installing: /home/jiataoding/franco_ros2_franka_ws/src/install/effort_controller_base/include/effort_controller_base/effort_controller_base.h
[20.316s] -- Installing: /home/jiataoding/franco_ros2_franka_ws/src/install/effort_controller_base/include/effort_controller_base/Utility.h
[20.316s] -- Installing: /home/jiataoding/franco_ros2_franka_ws/src/install/effort_controller_base/include/effort_controller_base/chainjnttojacdotsolver.hpp
[20.316s] -- Installing: /home/jiataoding/franco_ros2_franka_ws/src/install/effort_controller_base/include/effort_controller_base/double_diagonalization.hpp
[20.316s] -- Installing: /home/jiataoding/franco_ros2_franka_ws/src/install/effort_controller_base/lib/libeffort_controller_base.so
[20.320s] -- Set runtime path of "/home/jiataoding/franco_ros2_franka_ws/src/install/effort_controller_base/lib/libeffort_controller_base.so" to ""
[20.320s] -- Installing: /home/jiataoding/franco_ros2_franka_ws/src/install/effort_controller_base/share/effort_controller_base/environment/library_path.sh
[20.320s] -- Installing: /home/jiataoding/franco_ros2_franka_ws/src/install/effort_controller_base/share/effort_controller_base/environment/library_path.dsv
[20.320s] -- Installing: /home/jiataoding/franco_ros2_franka_ws/src/install/effort_controller_base/share/ament_index/resource_index/package_run_dependencies/effort_controller_base
[20.321s] -- Installing: /home/jiataoding/franco_ros2_franka_ws/src/install/effort_controller_base/share/ament_index/resource_index/parent_prefix_path/effort_controller_base
[20.321s] -- Installing: /home/jiataoding/franco_ros2_franka_ws/src/install/effort_controller_base/share/effort_controller_base/environment/ament_prefix_path.sh
[20.321s] -- Installing: /home/jiataoding/franco_ros2_franka_ws/src/install/effort_controller_base/share/effort_controller_base/environment/ament_prefix_path.dsv
[20.321s] -- Installing: /home/jiataoding/franco_ros2_franka_ws/src/install/effort_controller_base/share/effort_controller_base/environment/path.sh
[20.322s] -- Installing: /home/jiataoding/franco_ros2_franka_ws/src/install/effort_controller_base/share/effort_controller_base/environment/path.dsv
[20.322s] -- Installing: /home/jiataoding/franco_ros2_franka_ws/src/install/effort_controller_base/share/effort_controller_base/local_setup.bash
[20.322s] -- Installing: /home/jiataoding/franco_ros2_franka_ws/src/install/effort_controller_base/share/effort_controller_base/local_setup.sh
[20.322s] -- Installing: /home/jiataoding/franco_ros2_franka_ws/src/install/effort_controller_base/share/effort_controller_base/local_setup.zsh
[20.322s] -- Installing: /home/jiataoding/franco_ros2_franka_ws/src/install/effort_controller_base/share/effort_controller_base/local_setup.dsv
[20.323s] -- Installing: /home/jiataoding/franco_ros2_franka_ws/src/install/effort_controller_base/share/effort_controller_base/package.dsv
[20.323s] -- Installing: /home/jiataoding/franco_ros2_franka_ws/src/install/effort_controller_base/share/ament_index/resource_index/packages/effort_controller_base
[20.323s] -- Installing: /home/jiataoding/franco_ros2_franka_ws/src/install/effort_controller_base/share/effort_controller_base/cmake/ament_cmake_export_dependencies-extras.cmake
[20.323s] -- Installing: /home/jiataoding/franco_ros2_franka_ws/src/install/effort_controller_base/share/effort_controller_base/cmake/ament_cmake_export_include_directories-extras.cmake
[20.323s] -- Installing: /home/jiataoding/franco_ros2_franka_ws/src/install/effort_controller_base/share/effort_controller_base/cmake/ament_cmake_export_libraries-extras.cmake
[20.323s] -- Installing: /home/jiataoding/franco_ros2_franka_ws/src/install/effort_controller_base/share/effort_controller_base/cmake/effort_controller_baseConfig.cmake
[20.324s] -- Installing: /home/jiataoding/franco_ros2_franka_ws/src/install/effort_controller_base/share/effort_controller_base/cmake/effort_controller_baseConfig-version.cmake
[20.324s] -- Installing: /home/jiataoding/franco_ros2_franka_ws/src/install/effort_controller_base/share/effort_controller_base/package.xml
[20.326s] Invoked command in '/home/jiataoding/franco_ros2_franka_ws/src/build/effort_controller_base' returned '0': /usr/bin/cmake --install /home/jiataoding/franco_ros2_franka_ws/src/build/effort_controller_base
