[0.033s] Invoking command in '/home/jiataoding/franco_ros2_franka_ws/src/build/debug_msg': CMAKE_PREFIX_PATH=/home/jiataoding/ros2_franka_ws/install/joint_impedance_controller:/home/jiataoding/ros2_franka_ws/install/integration_launch_testing:/home/jiataoding/ros2_franka_ws/install/idra_franka_launch:/home/jiataoding/ros2_franka_ws/install/gravity_compensation:/home/jiataoding/ros2_franka_ws/install/franka_task_pipeline:/home/jiataoding/ros2_franka_ws/install/franka_ros2:/home/jiataoding/ros2_franka_ws/install/franka_bringup:/home/jiataoding/ros2_franka_ws/install/franka_robot_state_broadcaster:/home/jiataoding/ros2_franka_ws/install/franka_example_controllers:/home/jiataoding/ros2_franka_ws/install/franka_semantic_components:/home/jiataoding/ros2_franka_ws/install/franka_gazebo_bringup:/home/jiataoding/ros2_franka_ws/install/franka_ign_ros2_control:/home/jiataoding/ros2_franka_ws/install/franka_fr3_moveit_config:/home/jiataoding/ros2_franka_ws/install/franka_hardware:/home/jiataoding/ros2_franka_ws/install/franka_gripper:/home/jiataoding/ros2_franka_ws/install/franka_msgs:/home/jiataoding/ros2_franka_ws/install/franka_description:/home/jiataoding/ros2_franka_ws/install/cartesian_impedance_controller:/opt/ros/humble:/home/jiataoding/ros2_franka_ws/install/effort_controller_base:/home/jiataoding/ros2_franka_ws/install/debug_msg:/home/jiataoding/franco_ros2_franka_ws/install/joint_impedance_controller:/home/jiataoding/franco_ros2_franka_ws/install/integration_launch_testing:/home/jiataoding/franco_ros2_franka_ws/install/idra_franka_launch:/home/jiataoding/franco_ros2_franka_ws/install/gravity_compensation:/home/jiataoding/franco_ros2_franka_ws/install/franka_task_pipeline:/home/jiataoding/franco_ros2_franka_ws/install/franka_ros2:/home/jiataoding/franco_ros2_franka_ws/install/franka_bringup:/home/jiataoding/franco_ros2_franka_ws/install/franka_robot_state_broadcaster:/home/jiataoding/franco_ros2_franka_ws/install/franka_example_controllers:/home/jiataoding/franco_ros2_franka_ws/install/franka_semantic_components:/home/jiataoding/franco_ros2_franka_ws/install/franka_gazebo_bringup:/home/jiataoding/franco_ros2_franka_ws/install/franka_ign_ros2_control:/home/jiataoding/franco_ros2_franka_ws/install/franka_fr3_moveit_config:/home/jiataoding/franco_ros2_franka_ws/install/franka_hardware:/home/jiataoding/franco_ros2_franka_ws/install/franka_gripper:/home/jiataoding/franco_ros2_franka_ws/install/franka_msgs:/home/jiataoding/franco_ros2_franka_ws/install/franka_description:/home/jiataoding/franco_ros2_franka_ws/install/cartesian_impedance_controller:/home/jiataoding/franco_ros2_franka_ws/install/effort_controller_base:/home/jiataoding/franco_ros2_franka_ws/install/debug_msg:/opt/openrobots: /usr/bin/cmake /home/jiataoding/franco_ros2_franka_ws/src/ros2_effort_controller/debug_msg -DCMAKE_BUILD_TYPE=Release -DAMENT_CMAKE_SYMLINK_INSTALL=1 -DCMAKE_INSTALL_PREFIX=/home/jiataoding/franco_ros2_franka_ws/src/install/debug_msg
[0.113s] -- The C compiler identification is GNU 11.4.0
[0.172s] -- The CXX compiler identification is GNU 11.4.0
[0.180s] -- Detecting C compiler ABI info
[0.290s] -- Detecting C compiler ABI info - done
[0.299s] -- Check for working C compiler: /usr/bin/cc - skipped
[0.300s] -- Detecting C compile features
[0.300s] -- Detecting C compile features - done
[0.303s] -- Detecting CXX compiler ABI info
[0.413s] -- Detecting CXX compiler ABI info - done
[0.420s] -- Check for working CXX compiler: /usr/bin/c++ - skipped
[0.420s] -- Detecting CXX compile features
[0.420s] -- Detecting CXX compile features - done
[0.426s] -- Found ament_cmake: 1.3.12 (/opt/ros/humble/share/ament_cmake/cmake)
[0.600s] -- Found Python3: /usr/bin/python3 (found version "3.10.12") found components: Interpreter 
[0.665s] -- Override CMake install command with custom implementation using symlinks instead of copying resources
[0.726s] -- Found rosidl_default_generators: 1.2.0 (/opt/ros/humble/share/rosidl_default_generators/cmake)
[0.735s] -- Using all available rosidl_typesupport_c: rosidl_typesupport_fastrtps_c;rosidl_typesupport_introspection_c
[0.747s] -- Found rosidl_adapter: 3.1.8 (/opt/ros/humble/share/rosidl_adapter/cmake)
[0.803s] -- Using all available rosidl_typesupport_cpp: rosidl_typesupport_fastrtps_cpp;rosidl_typesupport_introspection_cpp
[1.077s] -- Found ament_cmake_ros: 0.10.0 (/opt/ros/humble/share/ament_cmake_ros/cmake)
[1.267s] -- Using all available rosidl_typesupport_c: rosidl_typesupport_fastrtps_c;rosidl_typesupport_introspection_c
[1.526s] -- Using all available rosidl_typesupport_cpp: rosidl_typesupport_fastrtps_cpp;rosidl_typesupport_introspection_cpp
[1.554s] -- Found PythonInterp: /usr/bin/python3 (found suitable version "3.10.12", minimum required is "3.6") 
[1.559s] -- Found python_cmake_module: 0.10.0 (/opt/ros/humble/share/python_cmake_module/cmake)
[1.597s] -- Found PythonLibs: /usr/lib/x86_64-linux-gnu/libpython3.10.so (found suitable version "3.10.12", minimum required is "3.5") 
[1.597s] -- Using PYTHON_EXECUTABLE: /usr/bin/python3
[1.597s] -- Using PYTHON_INCLUDE_DIRS: /usr/include/python3.10
[1.597s] -- Using PYTHON_LIBRARIES: /usr/lib/x86_64-linux-gnu/libpython3.10.so
[1.629s] -- Found PythonExtra: .so  
[1.687s] -- Configuring done
[1.722s] -- Generating done
[1.732s] -- Build files have been written to: /home/jiataoding/franco_ros2_franka_ws/src/build/debug_msg
[1.739s] Invoked command in '/home/jiataoding/franco_ros2_franka_ws/src/build/debug_msg' returned '0': CMAKE_PREFIX_PATH=/home/jiataoding/ros2_franka_ws/install/joint_impedance_controller:/home/jiataoding/ros2_franka_ws/install/integration_launch_testing:/home/jiataoding/ros2_franka_ws/install/idra_franka_launch:/home/jiataoding/ros2_franka_ws/install/gravity_compensation:/home/jiataoding/ros2_franka_ws/install/franka_task_pipeline:/home/jiataoding/ros2_franka_ws/install/franka_ros2:/home/jiataoding/ros2_franka_ws/install/franka_bringup:/home/jiataoding/ros2_franka_ws/install/franka_robot_state_broadcaster:/home/jiataoding/ros2_franka_ws/install/franka_example_controllers:/home/jiataoding/ros2_franka_ws/install/franka_semantic_components:/home/jiataoding/ros2_franka_ws/install/franka_gazebo_bringup:/home/jiataoding/ros2_franka_ws/install/franka_ign_ros2_control:/home/jiataoding/ros2_franka_ws/install/franka_fr3_moveit_config:/home/jiataoding/ros2_franka_ws/install/franka_hardware:/home/jiataoding/ros2_franka_ws/install/franka_gripper:/home/jiataoding/ros2_franka_ws/install/franka_msgs:/home/jiataoding/ros2_franka_ws/install/franka_description:/home/jiataoding/ros2_franka_ws/install/cartesian_impedance_controller:/opt/ros/humble:/home/jiataoding/ros2_franka_ws/install/effort_controller_base:/home/jiataoding/ros2_franka_ws/install/debug_msg:/home/jiataoding/franco_ros2_franka_ws/install/joint_impedance_controller:/home/jiataoding/franco_ros2_franka_ws/install/integration_launch_testing:/home/jiataoding/franco_ros2_franka_ws/install/idra_franka_launch:/home/jiataoding/franco_ros2_franka_ws/install/gravity_compensation:/home/jiataoding/franco_ros2_franka_ws/install/franka_task_pipeline:/home/jiataoding/franco_ros2_franka_ws/install/franka_ros2:/home/jiataoding/franco_ros2_franka_ws/install/franka_bringup:/home/jiataoding/franco_ros2_franka_ws/install/franka_robot_state_broadcaster:/home/jiataoding/franco_ros2_franka_ws/install/franka_example_controllers:/home/jiataoding/franco_ros2_franka_ws/install/franka_semantic_components:/home/jiataoding/franco_ros2_franka_ws/install/franka_gazebo_bringup:/home/jiataoding/franco_ros2_franka_ws/install/franka_ign_ros2_control:/home/jiataoding/franco_ros2_franka_ws/install/franka_fr3_moveit_config:/home/jiataoding/franco_ros2_franka_ws/install/franka_hardware:/home/jiataoding/franco_ros2_franka_ws/install/franka_gripper:/home/jiataoding/franco_ros2_franka_ws/install/franka_msgs:/home/jiataoding/franco_ros2_franka_ws/install/franka_description:/home/jiataoding/franco_ros2_franka_ws/install/cartesian_impedance_controller:/home/jiataoding/franco_ros2_franka_ws/install/effort_controller_base:/home/jiataoding/franco_ros2_franka_ws/install/debug_msg:/opt/openrobots: /usr/bin/cmake /home/jiataoding/franco_ros2_franka_ws/src/ros2_effort_controller/debug_msg -DCMAKE_BUILD_TYPE=Release -DAMENT_CMAKE_SYMLINK_INSTALL=1 -DCMAKE_INSTALL_PREFIX=/home/jiataoding/franco_ros2_franka_ws/src/install/debug_msg
[1.741s] Invoking command in '/home/jiataoding/franco_ros2_franka_ws/src/build/debug_msg': CMAKE_PREFIX_PATH=/home/jiataoding/ros2_franka_ws/install/joint_impedance_controller:/home/jiataoding/ros2_franka_ws/install/integration_launch_testing:/home/jiataoding/ros2_franka_ws/install/idra_franka_launch:/home/jiataoding/ros2_franka_ws/install/gravity_compensation:/home/jiataoding/ros2_franka_ws/install/franka_task_pipeline:/home/jiataoding/ros2_franka_ws/install/franka_ros2:/home/jiataoding/ros2_franka_ws/install/franka_bringup:/home/jiataoding/ros2_franka_ws/install/franka_robot_state_broadcaster:/home/jiataoding/ros2_franka_ws/install/franka_example_controllers:/home/jiataoding/ros2_franka_ws/install/franka_semantic_components:/home/jiataoding/ros2_franka_ws/install/franka_gazebo_bringup:/home/jiataoding/ros2_franka_ws/install/franka_ign_ros2_control:/home/jiataoding/ros2_franka_ws/install/franka_fr3_moveit_config:/home/jiataoding/ros2_franka_ws/install/franka_hardware:/home/jiataoding/ros2_franka_ws/install/franka_gripper:/home/jiataoding/ros2_franka_ws/install/franka_msgs:/home/jiataoding/ros2_franka_ws/install/franka_description:/home/jiataoding/ros2_franka_ws/install/cartesian_impedance_controller:/opt/ros/humble:/home/jiataoding/ros2_franka_ws/install/effort_controller_base:/home/jiataoding/ros2_franka_ws/install/debug_msg:/home/jiataoding/franco_ros2_franka_ws/install/joint_impedance_controller:/home/jiataoding/franco_ros2_franka_ws/install/integration_launch_testing:/home/jiataoding/franco_ros2_franka_ws/install/idra_franka_launch:/home/jiataoding/franco_ros2_franka_ws/install/gravity_compensation:/home/jiataoding/franco_ros2_franka_ws/install/franka_task_pipeline:/home/jiataoding/franco_ros2_franka_ws/install/franka_ros2:/home/jiataoding/franco_ros2_franka_ws/install/franka_bringup:/home/jiataoding/franco_ros2_franka_ws/install/franka_robot_state_broadcaster:/home/jiataoding/franco_ros2_franka_ws/install/franka_example_controllers:/home/jiataoding/franco_ros2_franka_ws/install/franka_semantic_components:/home/jiataoding/franco_ros2_franka_ws/install/franka_gazebo_bringup:/home/jiataoding/franco_ros2_franka_ws/install/franka_ign_ros2_control:/home/jiataoding/franco_ros2_franka_ws/install/franka_fr3_moveit_config:/home/jiataoding/franco_ros2_franka_ws/install/franka_hardware:/home/jiataoding/franco_ros2_franka_ws/install/franka_gripper:/home/jiataoding/franco_ros2_franka_ws/install/franka_msgs:/home/jiataoding/franco_ros2_franka_ws/install/franka_description:/home/jiataoding/franco_ros2_franka_ws/install/cartesian_impedance_controller:/home/jiataoding/franco_ros2_franka_ws/install/effort_controller_base:/home/jiataoding/franco_ros2_franka_ws/install/debug_msg:/opt/openrobots: /usr/bin/cmake --build /home/jiataoding/franco_ros2_franka_ws/src/build/debug_msg -- -j24 -l24
[1.802s] [  3%] [34m[1mGenerating C code for ROS interfaces[0m
[1.821s] [  6%] [34m[1mGenerating C++ code for ROS interfaces[0m
[1.833s] [  6%] Built target ament_cmake_python_symlink_debug_msg
[2.031s] [  9%] [32mBuilding C object CMakeFiles/debug_msg__rosidl_generator_c.dir/rosidl_generator_c/debug_msg/msg/detail/debug__functions.c.o[0m
[2.046s] [  9%] Built target debug_msg__cpp
[2.063s] [ 12%] [34m[1mGenerating C++ introspection for ROS interfaces[0m
[2.065s] [ 16%] [34m[1mGenerating C++ type support for eProsima Fast-RTPS[0m
[2.066s] [ 19%] [34m[1mGenerating C++ type support dispatch for ROS interfaces[0m
[2.077s] running egg_info
[2.078s] creating debug_msg.egg-info
[2.078s] writing debug_msg.egg-info/PKG-INFO
[2.078s] writing dependency_links to debug_msg.egg-info/dependency_links.txt
[2.078s] writing top-level names to debug_msg.egg-info/top_level.txt
[2.078s] writing manifest file 'debug_msg.egg-info/SOURCES.txt'
[2.079s] reading manifest file 'debug_msg.egg-info/SOURCES.txt'
[2.080s] writing manifest file 'debug_msg.egg-info/SOURCES.txt'
[2.107s] [ 19%] Built target ament_cmake_python_build_debug_msg_egg
[2.121s] [ 22%] [32m[1mLinking C shared library libdebug_msg__rosidl_generator_c.so[0m
[2.171s] [ 22%] Built target debug_msg__rosidl_generator_c
[2.185s] [ 25%] [34m[1mGenerating C type support for eProsima Fast-RTPS[0m
[2.191s] [ 29%] [34m[1mGenerating C type support dispatch for ROS interfaces[0m
[2.191s] [ 32%] [34m[1mGenerating C introspection for ROS interfaces[0m
[2.251s] [ 35%] [32mBuilding CXX object CMakeFiles/debug_msg__rosidl_typesupport_cpp.dir/rosidl_typesupport_cpp/debug_msg/msg/debug__type_support.cpp.o[0m
[2.273s] [ 38%] [32mBuilding CXX object CMakeFiles/debug_msg__rosidl_typesupport_introspection_cpp.dir/rosidl_typesupport_introspection_cpp/debug_msg/msg/detail/debug__type_support.cpp.o[0m
[2.303s] [ 41%] [32mBuilding CXX object CMakeFiles/debug_msg__rosidl_typesupport_fastrtps_cpp.dir/rosidl_typesupport_fastrtps_cpp/debug_msg/msg/detail/dds_fastrtps/debug__type_support.cpp.o[0m
[2.381s] [ 45%] [32mBuilding CXX object CMakeFiles/debug_msg__rosidl_typesupport_c.dir/rosidl_typesupport_c/debug_msg/msg/debug__type_support.cpp.o[0m
[2.425s] [ 48%] [32m[1mLinking CXX shared library libdebug_msg__rosidl_typesupport_c.so[0m
[2.481s] [ 51%] [32m[1mLinking CXX shared library libdebug_msg__rosidl_typesupport_cpp.so[0m
[2.486s] [ 54%] [32mBuilding CXX object CMakeFiles/debug_msg__rosidl_typesupport_fastrtps_c.dir/rosidl_typesupport_fastrtps_c/debug_msg/msg/detail/debug__type_support_c.cpp.o[0m
[2.487s] [ 58%] [32mBuilding C object CMakeFiles/debug_msg__rosidl_typesupport_introspection_c.dir/rosidl_typesupport_introspection_c/debug_msg/msg/detail/debug__type_support.c.o[0m
[2.488s] [ 58%] Built target debug_msg__rosidl_typesupport_c
[2.532s] [ 58%] Built target debug_msg__rosidl_typesupport_cpp
[2.553s] [ 61%] [32m[1mLinking C shared library libdebug_msg__rosidl_typesupport_introspection_c.so[0m
[2.600s] [ 61%] Built target debug_msg__rosidl_typesupport_introspection_c
[2.613s] [ 64%] [32m[1mLinking CXX shared library libdebug_msg__rosidl_typesupport_introspection_cpp.so[0m
[2.651s] [ 67%] [32m[1mLinking CXX shared library libdebug_msg__rosidl_typesupport_fastrtps_cpp.so[0m
[2.668s] [ 67%] Built target debug_msg__rosidl_typesupport_introspection_cpp
[2.727s] [ 67%] Built target debug_msg__rosidl_typesupport_fastrtps_cpp
[2.814s] [ 70%] [32m[1mLinking CXX shared library libdebug_msg__rosidl_typesupport_fastrtps_c.so[0m
[2.890s] [ 70%] Built target debug_msg__rosidl_typesupport_fastrtps_c
[2.926s] [ 70%] Built target debug_msg
[2.961s] [ 74%] [34m[1mGenerating Python code for ROS interfaces[0m
[3.204s] [ 74%] Built target debug_msg__py
[3.237s] [ 77%] [32mBuilding C object CMakeFiles/debug_msg__rosidl_generator_py.dir/rosidl_generator_py/debug_msg/msg/_debug_s.c.o[0m
[3.364s] [ 80%] [32m[1mLinking C shared library rosidl_generator_py/debug_msg/libdebug_msg__rosidl_generator_py.so[0m
[3.413s] [ 80%] Built target debug_msg__rosidl_generator_py
[3.446s] [ 83%] [32mBuilding C object CMakeFiles/debug_msg__rosidl_typesupport_fastrtps_c__pyext.dir/rosidl_generator_py/debug_msg/_debug_msg_s.ep.rosidl_typesupport_fastrtps_c.c.o[0m
[3.447s] [ 87%] [32mBuilding C object CMakeFiles/debug_msg__rosidl_typesupport_introspection_c__pyext.dir/rosidl_generator_py/debug_msg/_debug_msg_s.ep.rosidl_typesupport_introspection_c.c.o[0m
[3.447s] [ 90%] [32mBuilding C object CMakeFiles/debug_msg__rosidl_typesupport_c__pyext.dir/rosidl_generator_py/debug_msg/_debug_msg_s.ep.rosidl_typesupport_c.c.o[0m
[3.551s] [ 93%] [32m[1mLinking C shared library rosidl_generator_py/debug_msg/debug_msg_s__rosidl_typesupport_introspection_c.cpython-310-x86_64-linux-gnu.so[0m
[3.552s] [ 96%] [32m[1mLinking C shared library rosidl_generator_py/debug_msg/debug_msg_s__rosidl_typesupport_c.cpython-310-x86_64-linux-gnu.so[0m
[3.565s] [100%] [32m[1mLinking C shared library rosidl_generator_py/debug_msg/debug_msg_s__rosidl_typesupport_fastrtps_c.cpython-310-x86_64-linux-gnu.so[0m
[3.597s] [100%] Built target debug_msg__rosidl_typesupport_c__pyext
[3.601s] [100%] Built target debug_msg__rosidl_typesupport_introspection_c__pyext
[3.614s] [100%] Built target debug_msg__rosidl_typesupport_fastrtps_c__pyext
[3.631s] Invoked command in '/home/jiataoding/franco_ros2_franka_ws/src/build/debug_msg' returned '0': CMAKE_PREFIX_PATH=/home/jiataoding/ros2_franka_ws/install/joint_impedance_controller:/home/jiataoding/ros2_franka_ws/install/integration_launch_testing:/home/jiataoding/ros2_franka_ws/install/idra_franka_launch:/home/jiataoding/ros2_franka_ws/install/gravity_compensation:/home/jiataoding/ros2_franka_ws/install/franka_task_pipeline:/home/jiataoding/ros2_franka_ws/install/franka_ros2:/home/jiataoding/ros2_franka_ws/install/franka_bringup:/home/jiataoding/ros2_franka_ws/install/franka_robot_state_broadcaster:/home/jiataoding/ros2_franka_ws/install/franka_example_controllers:/home/jiataoding/ros2_franka_ws/install/franka_semantic_components:/home/jiataoding/ros2_franka_ws/install/franka_gazebo_bringup:/home/jiataoding/ros2_franka_ws/install/franka_ign_ros2_control:/home/jiataoding/ros2_franka_ws/install/franka_fr3_moveit_config:/home/jiataoding/ros2_franka_ws/install/franka_hardware:/home/jiataoding/ros2_franka_ws/install/franka_gripper:/home/jiataoding/ros2_franka_ws/install/franka_msgs:/home/jiataoding/ros2_franka_ws/install/franka_description:/home/jiataoding/ros2_franka_ws/install/cartesian_impedance_controller:/opt/ros/humble:/home/jiataoding/ros2_franka_ws/install/effort_controller_base:/home/jiataoding/ros2_franka_ws/install/debug_msg:/home/jiataoding/franco_ros2_franka_ws/install/joint_impedance_controller:/home/jiataoding/franco_ros2_franka_ws/install/integration_launch_testing:/home/jiataoding/franco_ros2_franka_ws/install/idra_franka_launch:/home/jiataoding/franco_ros2_franka_ws/install/gravity_compensation:/home/jiataoding/franco_ros2_franka_ws/install/franka_task_pipeline:/home/jiataoding/franco_ros2_franka_ws/install/franka_ros2:/home/jiataoding/franco_ros2_franka_ws/install/franka_bringup:/home/jiataoding/franco_ros2_franka_ws/install/franka_robot_state_broadcaster:/home/jiataoding/franco_ros2_franka_ws/install/franka_example_controllers:/home/jiataoding/franco_ros2_franka_ws/install/franka_semantic_components:/home/jiataoding/franco_ros2_franka_ws/install/franka_gazebo_bringup:/home/jiataoding/franco_ros2_franka_ws/install/franka_ign_ros2_control:/home/jiataoding/franco_ros2_franka_ws/install/franka_fr3_moveit_config:/home/jiataoding/franco_ros2_franka_ws/install/franka_hardware:/home/jiataoding/franco_ros2_franka_ws/install/franka_gripper:/home/jiataoding/franco_ros2_franka_ws/install/franka_msgs:/home/jiataoding/franco_ros2_franka_ws/install/franka_description:/home/jiataoding/franco_ros2_franka_ws/install/cartesian_impedance_controller:/home/jiataoding/franco_ros2_franka_ws/install/effort_controller_base:/home/jiataoding/franco_ros2_franka_ws/install/debug_msg:/opt/openrobots: /usr/bin/cmake --build /home/jiataoding/franco_ros2_franka_ws/src/build/debug_msg -- -j24 -l24
[3.632s] Invoking command in '/home/jiataoding/franco_ros2_franka_ws/src/build/debug_msg': CMAKE_PREFIX_PATH=/home/jiataoding/ros2_franka_ws/install/joint_impedance_controller:/home/jiataoding/ros2_franka_ws/install/integration_launch_testing:/home/jiataoding/ros2_franka_ws/install/idra_franka_launch:/home/jiataoding/ros2_franka_ws/install/gravity_compensation:/home/jiataoding/ros2_franka_ws/install/franka_task_pipeline:/home/jiataoding/ros2_franka_ws/install/franka_ros2:/home/jiataoding/ros2_franka_ws/install/franka_bringup:/home/jiataoding/ros2_franka_ws/install/franka_robot_state_broadcaster:/home/jiataoding/ros2_franka_ws/install/franka_example_controllers:/home/jiataoding/ros2_franka_ws/install/franka_semantic_components:/home/jiataoding/ros2_franka_ws/install/franka_gazebo_bringup:/home/jiataoding/ros2_franka_ws/install/franka_ign_ros2_control:/home/jiataoding/ros2_franka_ws/install/franka_fr3_moveit_config:/home/jiataoding/ros2_franka_ws/install/franka_hardware:/home/jiataoding/ros2_franka_ws/install/franka_gripper:/home/jiataoding/ros2_franka_ws/install/franka_msgs:/home/jiataoding/ros2_franka_ws/install/franka_description:/home/jiataoding/ros2_franka_ws/install/cartesian_impedance_controller:/opt/ros/humble:/home/jiataoding/ros2_franka_ws/install/effort_controller_base:/home/jiataoding/ros2_franka_ws/install/debug_msg:/home/jiataoding/franco_ros2_franka_ws/install/joint_impedance_controller:/home/jiataoding/franco_ros2_franka_ws/install/integration_launch_testing:/home/jiataoding/franco_ros2_franka_ws/install/idra_franka_launch:/home/jiataoding/franco_ros2_franka_ws/install/gravity_compensation:/home/jiataoding/franco_ros2_franka_ws/install/franka_task_pipeline:/home/jiataoding/franco_ros2_franka_ws/install/franka_ros2:/home/jiataoding/franco_ros2_franka_ws/install/franka_bringup:/home/jiataoding/franco_ros2_franka_ws/install/franka_robot_state_broadcaster:/home/jiataoding/franco_ros2_franka_ws/install/franka_example_controllers:/home/jiataoding/franco_ros2_franka_ws/install/franka_semantic_components:/home/jiataoding/franco_ros2_franka_ws/install/franka_gazebo_bringup:/home/jiataoding/franco_ros2_franka_ws/install/franka_ign_ros2_control:/home/jiataoding/franco_ros2_franka_ws/install/franka_fr3_moveit_config:/home/jiataoding/franco_ros2_franka_ws/install/franka_hardware:/home/jiataoding/franco_ros2_franka_ws/install/franka_gripper:/home/jiataoding/franco_ros2_franka_ws/install/franka_msgs:/home/jiataoding/franco_ros2_franka_ws/install/franka_description:/home/jiataoding/franco_ros2_franka_ws/install/cartesian_impedance_controller:/home/jiataoding/franco_ros2_franka_ws/install/effort_controller_base:/home/jiataoding/franco_ros2_franka_ws/install/debug_msg:/opt/openrobots: /usr/bin/cmake --install /home/jiataoding/franco_ros2_franka_ws/src/build/debug_msg
[3.644s] -- Install configuration: "Release"
[3.645s] -- Execute custom install script
[3.645s] -- Symlinking: /home/jiataoding/franco_ros2_franka_ws/src/install/debug_msg/share/ament_index/resource_index/rosidl_interfaces/debug_msg
[3.660s] -- Symlinking: /home/jiataoding/franco_ros2_franka_ws/src/install/debug_msg/include/debug_msg/debug_msg/msg/debug.h
[3.672s] -- Symlinking: /home/jiataoding/franco_ros2_franka_ws/src/install/debug_msg/include/debug_msg/debug_msg/msg/detail/debug__functions.h
[3.686s] -- Symlinking: /home/jiataoding/franco_ros2_franka_ws/src/install/debug_msg/include/debug_msg/debug_msg/msg/detail/debug__struct.h
[3.700s] -- Symlinking: /home/jiataoding/franco_ros2_franka_ws/src/install/debug_msg/include/debug_msg/debug_msg/msg/detail/debug__type_support.h
[3.713s] -- Symlinking: /home/jiataoding/franco_ros2_franka_ws/src/install/debug_msg/include/debug_msg/debug_msg/msg/rosidl_generator_c__visibility_control.h
[3.727s] -- Symlinking: /home/jiataoding/franco_ros2_franka_ws/src/install/debug_msg/share/debug_msg/environment/library_path.sh
[3.741s] -- Symlinking: /home/jiataoding/franco_ros2_franka_ws/src/install/debug_msg/share/debug_msg/environment/library_path.dsv
[3.754s] -- Symlinking: /home/jiataoding/franco_ros2_franka_ws/src/install/debug_msg/include/debug_msg/debug_msg/msg/detail/debug__rosidl_typesupport_fastrtps_c.h
[3.772s] -- Symlinking: /home/jiataoding/franco_ros2_franka_ws/src/install/debug_msg/include/debug_msg/debug_msg/msg/rosidl_typesupport_fastrtps_c__visibility_control.h
[3.785s] -- Symlinking: /home/jiataoding/franco_ros2_franka_ws/src/install/debug_msg/include/debug_msg/debug_msg/msg/detail/debug__rosidl_typesupport_introspection_c.h
[3.798s] -- Symlinking: /home/jiataoding/franco_ros2_franka_ws/src/install/debug_msg/include/debug_msg/debug_msg/msg/rosidl_typesupport_introspection_c__visibility_control.h
[3.811s] -- Symlinking: /home/jiataoding/franco_ros2_franka_ws/src/install/debug_msg/include/debug_msg/debug_msg/msg/debug.hpp
[3.824s] -- Symlinking: /home/jiataoding/franco_ros2_franka_ws/src/install/debug_msg/include/debug_msg/debug_msg/msg/detail/debug__builder.hpp
[3.837s] -- Symlinking: /home/jiataoding/franco_ros2_franka_ws/src/install/debug_msg/include/debug_msg/debug_msg/msg/detail/debug__struct.hpp
[3.850s] -- Symlinking: /home/jiataoding/franco_ros2_franka_ws/src/install/debug_msg/include/debug_msg/debug_msg/msg/detail/debug__traits.hpp
[3.863s] -- Symlinking: /home/jiataoding/franco_ros2_franka_ws/src/install/debug_msg/include/debug_msg/debug_msg/msg/detail/debug__type_support.hpp
[3.876s] -- Symlinking: /home/jiataoding/franco_ros2_franka_ws/src/install/debug_msg/include/debug_msg/debug_msg/msg/rosidl_generator_cpp__visibility_control.hpp
[3.888s] -- Symlinking: /home/jiataoding/franco_ros2_franka_ws/src/install/debug_msg/include/debug_msg/debug_msg/msg/detail/debug__rosidl_typesupport_fastrtps_cpp.hpp
[3.901s] -- Symlinking: /home/jiataoding/franco_ros2_franka_ws/src/install/debug_msg/include/debug_msg/debug_msg/msg/rosidl_typesupport_fastrtps_cpp__visibility_control.h
[3.915s] -- Symlinking: /home/jiataoding/franco_ros2_franka_ws/src/install/debug_msg/include/debug_msg/debug_msg/msg/detail/debug__rosidl_typesupport_introspection_cpp.hpp
[3.926s] -- Symlinking: /home/jiataoding/franco_ros2_franka_ws/src/install/debug_msg/share/debug_msg/environment/pythonpath.sh
[3.940s] -- Symlinking: /home/jiataoding/franco_ros2_franka_ws/src/install/debug_msg/share/debug_msg/environment/pythonpath.dsv
[3.952s] -- Symlinking: /home/jiataoding/franco_ros2_franka_ws/src/install/debug_msg/local/lib/python3.10/dist-packages/debug_msg-1.5.0-py3.10.egg-info/PKG-INFO
[3.966s] -- Symlinking: /home/jiataoding/franco_ros2_franka_ws/src/install/debug_msg/local/lib/python3.10/dist-packages/debug_msg-1.5.0-py3.10.egg-info/SOURCES.txt
[3.980s] -- Symlinking: /home/jiataoding/franco_ros2_franka_ws/src/install/debug_msg/local/lib/python3.10/dist-packages/debug_msg-1.5.0-py3.10.egg-info/dependency_links.txt
[3.992s] -- Symlinking: /home/jiataoding/franco_ros2_franka_ws/src/install/debug_msg/local/lib/python3.10/dist-packages/debug_msg-1.5.0-py3.10.egg-info/top_level.txt
[4.006s] -- Symlinking: /home/jiataoding/franco_ros2_franka_ws/src/install/debug_msg/local/lib/python3.10/dist-packages/debug_msg/__init__.py
[4.022s] -- Symlinking: /home/jiataoding/franco_ros2_franka_ws/src/install/debug_msg/local/lib/python3.10/dist-packages/debug_msg/_debug_msg_s.ep.rosidl_typesupport_c.c
[4.035s] -- Symlinking: /home/jiataoding/franco_ros2_franka_ws/src/install/debug_msg/local/lib/python3.10/dist-packages/debug_msg/_debug_msg_s.ep.rosidl_typesupport_fastrtps_c.c
[4.049s] -- Symlinking: /home/jiataoding/franco_ros2_franka_ws/src/install/debug_msg/local/lib/python3.10/dist-packages/debug_msg/_debug_msg_s.ep.rosidl_typesupport_introspection_c.c
[4.062s] -- Symlinking: /home/jiataoding/franco_ros2_franka_ws/src/install/debug_msg/local/lib/python3.10/dist-packages/debug_msg/debug_msg_s__rosidl_typesupport_c.cpython-310-x86_64-linux-gnu.so
[4.078s] -- Symlinking: /home/jiataoding/franco_ros2_franka_ws/src/install/debug_msg/local/lib/python3.10/dist-packages/debug_msg/debug_msg_s__rosidl_typesupport_fastrtps_c.cpython-310-x86_64-linux-gnu.so
[4.090s] -- Symlinking: /home/jiataoding/franco_ros2_franka_ws/src/install/debug_msg/local/lib/python3.10/dist-packages/debug_msg/debug_msg_s__rosidl_typesupport_introspection_c.cpython-310-x86_64-linux-gnu.so
[4.103s] -- Symlinking: /home/jiataoding/franco_ros2_franka_ws/src/install/debug_msg/local/lib/python3.10/dist-packages/debug_msg/libdebug_msg__rosidl_generator_py.so
[4.116s] -- Symlinking: /home/jiataoding/franco_ros2_franka_ws/src/install/debug_msg/local/lib/python3.10/dist-packages/debug_msg/msg/__init__.py
[4.129s] -- Symlinking: /home/jiataoding/franco_ros2_franka_ws/src/install/debug_msg/local/lib/python3.10/dist-packages/debug_msg/msg/_debug.py
[4.143s] -- Symlinking: /home/jiataoding/franco_ros2_franka_ws/src/install/debug_msg/local/lib/python3.10/dist-packages/debug_msg/msg/_debug_s.c
[4.157s] -- Up-to-date symlink: /home/jiataoding/franco_ros2_franka_ws/src/install/debug_msg/local/lib/python3.10/dist-packages/debug_msg/debug_msg_s__rosidl_typesupport_fastrtps_c.cpython-310-x86_64-linux-gnu.so
[4.157s] -- Up-to-date symlink: /home/jiataoding/franco_ros2_franka_ws/src/install/debug_msg/local/lib/python3.10/dist-packages/debug_msg/debug_msg_s__rosidl_typesupport_introspection_c.cpython-310-x86_64-linux-gnu.so
[4.157s] -- Up-to-date symlink: /home/jiataoding/franco_ros2_franka_ws/src/install/debug_msg/local/lib/python3.10/dist-packages/debug_msg/debug_msg_s__rosidl_typesupport_c.cpython-310-x86_64-linux-gnu.so
[4.157s] -- Symlinking: /home/jiataoding/franco_ros2_franka_ws/src/install/debug_msg/share/debug_msg/msg/Debug.idl
[4.169s] -- Symlinking: /home/jiataoding/franco_ros2_franka_ws/src/install/debug_msg/share/debug_msg/msg/Debug.msg
[4.182s] -- Symlinking: /home/jiataoding/franco_ros2_franka_ws/src/install/debug_msg/share/ament_index/resource_index/package_run_dependencies/debug_msg
[4.197s] -- Symlinking: /home/jiataoding/franco_ros2_franka_ws/src/install/debug_msg/share/ament_index/resource_index/parent_prefix_path/debug_msg
[4.209s] -- Symlinking: /home/jiataoding/franco_ros2_franka_ws/src/install/debug_msg/share/debug_msg/environment/ament_prefix_path.sh
[4.220s] -- Symlinking: /home/jiataoding/franco_ros2_franka_ws/src/install/debug_msg/share/debug_msg/environment/ament_prefix_path.dsv
[4.233s] -- Symlinking: /home/jiataoding/franco_ros2_franka_ws/src/install/debug_msg/share/debug_msg/environment/path.sh
[4.245s] -- Symlinking: /home/jiataoding/franco_ros2_franka_ws/src/install/debug_msg/share/debug_msg/environment/path.dsv
[4.259s] -- Symlinking: /home/jiataoding/franco_ros2_franka_ws/src/install/debug_msg/share/debug_msg/local_setup.bash
[4.271s] -- Symlinking: /home/jiataoding/franco_ros2_franka_ws/src/install/debug_msg/share/debug_msg/local_setup.sh
[4.284s] -- Symlinking: /home/jiataoding/franco_ros2_franka_ws/src/install/debug_msg/share/debug_msg/local_setup.zsh
[4.296s] -- Symlinking: /home/jiataoding/franco_ros2_franka_ws/src/install/debug_msg/share/debug_msg/local_setup.dsv
[4.309s] -- Symlinking: /home/jiataoding/franco_ros2_franka_ws/src/install/debug_msg/share/debug_msg/package.dsv
[4.322s] -- Symlinking: /home/jiataoding/franco_ros2_franka_ws/src/install/debug_msg/share/ament_index/resource_index/packages/debug_msg
[4.335s] -- Symlinking: /home/jiataoding/franco_ros2_franka_ws/src/install/debug_msg/share/debug_msg/cmake/rosidl_cmake-extras.cmake
[4.348s] -- Symlinking: /home/jiataoding/franco_ros2_franka_ws/src/install/debug_msg/share/debug_msg/cmake/ament_cmake_export_include_directories-extras.cmake
[4.362s] -- Symlinking: /home/jiataoding/franco_ros2_franka_ws/src/install/debug_msg/share/debug_msg/cmake/ament_cmake_export_libraries-extras.cmake
[4.375s] -- Symlinking: /home/jiataoding/franco_ros2_franka_ws/src/install/debug_msg/share/debug_msg/cmake/ament_cmake_export_targets-extras.cmake
[4.390s] -- Symlinking: /home/jiataoding/franco_ros2_franka_ws/src/install/debug_msg/share/debug_msg/cmake/rosidl_cmake_export_typesupport_targets-extras.cmake
[4.403s] -- Symlinking: /home/jiataoding/franco_ros2_franka_ws/src/install/debug_msg/share/debug_msg/cmake/ament_cmake_export_dependencies-extras.cmake
[4.419s] -- Symlinking: /home/jiataoding/franco_ros2_franka_ws/src/install/debug_msg/share/debug_msg/cmake/rosidl_cmake_export_typesupport_libraries-extras.cmake
[4.447s] -- Symlinking: /home/jiataoding/franco_ros2_franka_ws/src/install/debug_msg/share/debug_msg/cmake/debug_msgConfig.cmake
[4.471s] -- Symlinking: /home/jiataoding/franco_ros2_franka_ws/src/install/debug_msg/share/debug_msg/cmake/debug_msgConfig-version.cmake
[4.491s] -- Symlinking: /home/jiataoding/franco_ros2_franka_ws/src/install/debug_msg/share/debug_msg/package.xml
[4.507s] -- Installing: /home/jiataoding/franco_ros2_franka_ws/src/install/debug_msg/lib/libdebug_msg__rosidl_generator_c.so
[4.507s] -- Set runtime path of "/home/jiataoding/franco_ros2_franka_ws/src/install/debug_msg/lib/libdebug_msg__rosidl_generator_c.so" to ""
[4.507s] -- Installing: /home/jiataoding/franco_ros2_franka_ws/src/install/debug_msg/lib/libdebug_msg__rosidl_typesupport_fastrtps_c.so
[4.508s] -- Set runtime path of "/home/jiataoding/franco_ros2_franka_ws/src/install/debug_msg/lib/libdebug_msg__rosidl_typesupport_fastrtps_c.so" to ""
[4.508s] -- Installing: /home/jiataoding/franco_ros2_franka_ws/src/install/debug_msg/lib/libdebug_msg__rosidl_typesupport_introspection_c.so
[4.508s] -- Set runtime path of "/home/jiataoding/franco_ros2_franka_ws/src/install/debug_msg/lib/libdebug_msg__rosidl_typesupport_introspection_c.so" to ""
[4.509s] -- Installing: /home/jiataoding/franco_ros2_franka_ws/src/install/debug_msg/lib/libdebug_msg__rosidl_typesupport_c.so
[4.509s] -- Set runtime path of "/home/jiataoding/franco_ros2_franka_ws/src/install/debug_msg/lib/libdebug_msg__rosidl_typesupport_c.so" to ""
[4.509s] -- Installing: /home/jiataoding/franco_ros2_franka_ws/src/install/debug_msg/lib/libdebug_msg__rosidl_typesupport_fastrtps_cpp.so
[4.509s] -- Set runtime path of "/home/jiataoding/franco_ros2_franka_ws/src/install/debug_msg/lib/libdebug_msg__rosidl_typesupport_fastrtps_cpp.so" to ""
[4.510s] -- Installing: /home/jiataoding/franco_ros2_franka_ws/src/install/debug_msg/lib/libdebug_msg__rosidl_typesupport_introspection_cpp.so
[4.510s] -- Set runtime path of "/home/jiataoding/franco_ros2_franka_ws/src/install/debug_msg/lib/libdebug_msg__rosidl_typesupport_introspection_cpp.so" to ""
[4.510s] -- Installing: /home/jiataoding/franco_ros2_franka_ws/src/install/debug_msg/lib/libdebug_msg__rosidl_typesupport_cpp.so
[4.510s] -- Set runtime path of "/home/jiataoding/franco_ros2_franka_ws/src/install/debug_msg/lib/libdebug_msg__rosidl_typesupport_cpp.so" to ""
[4.551s] Listing '/home/jiataoding/franco_ros2_franka_ws/src/install/debug_msg/local/lib/python3.10/dist-packages/debug_msg'...
[4.551s] Compiling '/home/jiataoding/franco_ros2_franka_ws/src/install/debug_msg/local/lib/python3.10/dist-packages/debug_msg/__init__.py'...
[4.551s] Listing '/home/jiataoding/franco_ros2_franka_ws/src/install/debug_msg/local/lib/python3.10/dist-packages/debug_msg/msg'...
[4.551s] Compiling '/home/jiataoding/franco_ros2_franka_ws/src/install/debug_msg/local/lib/python3.10/dist-packages/debug_msg/msg/__init__.py'...
[4.551s] Compiling '/home/jiataoding/franco_ros2_franka_ws/src/install/debug_msg/local/lib/python3.10/dist-packages/debug_msg/msg/_debug.py'...
[4.557s] -- Installing: /home/jiataoding/franco_ros2_franka_ws/src/install/debug_msg/lib/libdebug_msg__rosidl_generator_py.so
[4.557s] -- Set runtime path of "/home/jiataoding/franco_ros2_franka_ws/src/install/debug_msg/lib/libdebug_msg__rosidl_generator_py.so" to ""
[4.557s] -- Installing: /home/jiataoding/franco_ros2_franka_ws/src/install/debug_msg/share/debug_msg/cmake/export_debug_msg__rosidl_generator_cExport.cmake
[4.557s] -- Installing: /home/jiataoding/franco_ros2_franka_ws/src/install/debug_msg/share/debug_msg/cmake/export_debug_msg__rosidl_generator_cExport-release.cmake
[4.558s] -- Installing: /home/jiataoding/franco_ros2_franka_ws/src/install/debug_msg/share/debug_msg/cmake/export_debug_msg__rosidl_typesupport_fastrtps_cExport.cmake
[4.558s] -- Installing: /home/jiataoding/franco_ros2_franka_ws/src/install/debug_msg/share/debug_msg/cmake/export_debug_msg__rosidl_typesupport_fastrtps_cExport-release.cmake
[4.559s] -- Installing: /home/jiataoding/franco_ros2_franka_ws/src/install/debug_msg/share/debug_msg/cmake/debug_msg__rosidl_typesupport_introspection_cExport.cmake
[4.559s] -- Installing: /home/jiataoding/franco_ros2_franka_ws/src/install/debug_msg/share/debug_msg/cmake/debug_msg__rosidl_typesupport_introspection_cExport-release.cmake
[4.559s] -- Installing: /home/jiataoding/franco_ros2_franka_ws/src/install/debug_msg/share/debug_msg/cmake/debug_msg__rosidl_typesupport_cExport.cmake
[4.560s] -- Installing: /home/jiataoding/franco_ros2_franka_ws/src/install/debug_msg/share/debug_msg/cmake/debug_msg__rosidl_typesupport_cExport-release.cmake
[4.560s] -- Installing: /home/jiataoding/franco_ros2_franka_ws/src/install/debug_msg/share/debug_msg/cmake/export_debug_msg__rosidl_generator_cppExport.cmake
[4.560s] -- Installing: /home/jiataoding/franco_ros2_franka_ws/src/install/debug_msg/share/debug_msg/cmake/export_debug_msg__rosidl_typesupport_fastrtps_cppExport.cmake
[4.560s] -- Installing: /home/jiataoding/franco_ros2_franka_ws/src/install/debug_msg/share/debug_msg/cmake/export_debug_msg__rosidl_typesupport_fastrtps_cppExport-release.cmake
[4.561s] -- Installing: /home/jiataoding/franco_ros2_franka_ws/src/install/debug_msg/share/debug_msg/cmake/debug_msg__rosidl_typesupport_introspection_cppExport.cmake
[4.561s] -- Installing: /home/jiataoding/franco_ros2_franka_ws/src/install/debug_msg/share/debug_msg/cmake/debug_msg__rosidl_typesupport_introspection_cppExport-release.cmake
[4.561s] -- Installing: /home/jiataoding/franco_ros2_franka_ws/src/install/debug_msg/share/debug_msg/cmake/debug_msg__rosidl_typesupport_cppExport.cmake
[4.562s] -- Installing: /home/jiataoding/franco_ros2_franka_ws/src/install/debug_msg/share/debug_msg/cmake/debug_msg__rosidl_typesupport_cppExport-release.cmake
[4.562s] -- Installing: /home/jiataoding/franco_ros2_franka_ws/src/install/debug_msg/share/debug_msg/cmake/export_debug_msg__rosidl_generator_pyExport.cmake
[4.562s] -- Installing: /home/jiataoding/franco_ros2_franka_ws/src/install/debug_msg/share/debug_msg/cmake/export_debug_msg__rosidl_generator_pyExport-release.cmake
[4.567s] Invoked command in '/home/jiataoding/franco_ros2_franka_ws/src/build/debug_msg' returned '0': CMAKE_PREFIX_PATH=/home/jiataoding/ros2_franka_ws/install/joint_impedance_controller:/home/jiataoding/ros2_franka_ws/install/integration_launch_testing:/home/jiataoding/ros2_franka_ws/install/idra_franka_launch:/home/jiataoding/ros2_franka_ws/install/gravity_compensation:/home/jiataoding/ros2_franka_ws/install/franka_task_pipeline:/home/jiataoding/ros2_franka_ws/install/franka_ros2:/home/jiataoding/ros2_franka_ws/install/franka_bringup:/home/jiataoding/ros2_franka_ws/install/franka_robot_state_broadcaster:/home/jiataoding/ros2_franka_ws/install/franka_example_controllers:/home/jiataoding/ros2_franka_ws/install/franka_semantic_components:/home/jiataoding/ros2_franka_ws/install/franka_gazebo_bringup:/home/jiataoding/ros2_franka_ws/install/franka_ign_ros2_control:/home/jiataoding/ros2_franka_ws/install/franka_fr3_moveit_config:/home/jiataoding/ros2_franka_ws/install/franka_hardware:/home/jiataoding/ros2_franka_ws/install/franka_gripper:/home/jiataoding/ros2_franka_ws/install/franka_msgs:/home/jiataoding/ros2_franka_ws/install/franka_description:/home/jiataoding/ros2_franka_ws/install/cartesian_impedance_controller:/opt/ros/humble:/home/jiataoding/ros2_franka_ws/install/effort_controller_base:/home/jiataoding/ros2_franka_ws/install/debug_msg:/home/jiataoding/franco_ros2_franka_ws/install/joint_impedance_controller:/home/jiataoding/franco_ros2_franka_ws/install/integration_launch_testing:/home/jiataoding/franco_ros2_franka_ws/install/idra_franka_launch:/home/jiataoding/franco_ros2_franka_ws/install/gravity_compensation:/home/jiataoding/franco_ros2_franka_ws/install/franka_task_pipeline:/home/jiataoding/franco_ros2_franka_ws/install/franka_ros2:/home/jiataoding/franco_ros2_franka_ws/install/franka_bringup:/home/jiataoding/franco_ros2_franka_ws/install/franka_robot_state_broadcaster:/home/jiataoding/franco_ros2_franka_ws/install/franka_example_controllers:/home/jiataoding/franco_ros2_franka_ws/install/franka_semantic_components:/home/jiataoding/franco_ros2_franka_ws/install/franka_gazebo_bringup:/home/jiataoding/franco_ros2_franka_ws/install/franka_ign_ros2_control:/home/jiataoding/franco_ros2_franka_ws/install/franka_fr3_moveit_config:/home/jiataoding/franco_ros2_franka_ws/install/franka_hardware:/home/jiataoding/franco_ros2_franka_ws/install/franka_gripper:/home/jiataoding/franco_ros2_franka_ws/install/franka_msgs:/home/jiataoding/franco_ros2_franka_ws/install/franka_description:/home/jiataoding/franco_ros2_franka_ws/install/cartesian_impedance_controller:/home/jiataoding/franco_ros2_franka_ws/install/effort_controller_base:/home/jiataoding/franco_ros2_franka_ws/install/debug_msg:/opt/openrobots: /usr/bin/cmake --install /home/jiataoding/franco_ros2_franka_ws/src/build/debug_msg
